
Trial 1: N=18635594353036923973 (65 bits), p=2669144383, q=6981860731
  m=1155 (primes<= 11), m0=6, X=m*m0=6930, S=[7, 11], t=2, M=77, rho=0.519, Y=2.000
  lambda0~7482.9, Lambda_R=105827, Lambda_S=6112, L*=211732
  RESULT: factor 6981860731  via collision mod p (multipoint gcd)  (1.1s)
  oracle (correct candidate): branch=regular, i in [0,2Lambda]=True, i==Q(k_p) mod ell=True, e* in E_R=True, alpha^e*==giant mod p=True
  giantsteps: regular=3472, skinny=848
  babysteps: sieved |E_R|=109991 of dense 211732 (ratio 0.519, rho=0.519); skinny 12225; plain HH shortest-vector baseline 22749

Trial 2: N=12658529906230206667 (64 bits), p=2750663561, q=4601991347
  m=1155 (primes<= 11), m0=6, X=m*m0=6930, S=[7, 11], t=2, M=77, rho=0.519, Y=2.000
  lambda0~6167.3, Lambda_R=87221, Lambda_S=5038, L*=174520
  RESULT: factor 2750663561  via exact match + Lemma 2.4  (0.2s)
  oracle (correct candidate): branch=skinny, i in [0,2Lambda]=True, i==Q(k_p) mod ell=True, e* in E_R=None, alpha^e*==giant mod p=True
  giantsteps: regular=3472, skinny=848
  babysteps: sieved |E_R|=90661 of dense 174520 (ratio 0.519, rho=0.519); skinny 10077; plain HH shortest-vector baseline 18751

Trial 3: N=15166025991594666667 (64 bits), p=2940054959, q=5158415813
  m=1155 (primes<= 11), m0=6, X=m*m0=6930, S=[7, 11], t=2, M=77, rho=0.519, Y=2.000
  lambda0~6750.5, Lambda_R=95469, Lambda_S=5514, L*=191016
  RESULT: factor 2940054959  via collision mod p (multipoint gcd)  (0.8s)
  oracle (correct candidate): branch=skinny, i in [0,2Lambda]=True, i==Q(k_p) mod ell=True, e* in E_R=None, alpha^e*==giant mod p=True
  giantsteps: regular=3184, skinny=1136
  babysteps: sieved |E_R|=99229 of dense 191016 (ratio 0.519, rho=0.519); skinny 11029; plain HH shortest-vector baseline 20523

Trial 4: N=21289840882047701261 (65 bits), p=3013061473, q=7065850157
  m=1155 (primes<= 11), m0=6, X=m*m0=6930, S=[7, 11], t=2, M=77, rho=0.519, Y=2.000
  lambda0~7998.1, Lambda_R=113113, Lambda_S=6533, L*=226304
  RESULT: factor 7065850157  via collision mod p (multipoint gcd)  (1.1s)
  oracle (correct candidate): branch=regular, i in [0,2Lambda]=True, i==Q(k_p) mod ell=True, e* in E_R=True, alpha^e*==giant mod p=True
  giantsteps: regular=3264, skinny=1056
  babysteps: sieved |E_R|=117561 of dense 226304 (ratio 0.519, rho=0.519); skinny 13067; plain HH shortest-vector baseline 24315

Trial 5: N=13995935369581399879 (64 bits), p=3582748573, q=3906479923
  m=1155 (primes<= 11), m0=6, X=m*m0=6930, S=[7, 11], t=2, M=77, rho=0.519, Y=2.000
  lambda0~6484.9, Lambda_R=91712, Lambda_S=5297, L*=183502
  RESULT: factor 3906479923  via collision mod p (multipoint gcd)  (0.8s)
  oracle (correct candidate): branch=regular, i in [0,2Lambda]=True, i==Q(k_p) mod ell=True, e* in E_R=True, alpha^e*==giant mod p=True
  giantsteps: regular=3520, skinny=800
  babysteps: sieved |E_R|=95326 of dense 183502 (ratio 0.519, rho=0.519); skinny 10595; plain HH shortest-vector baseline 19715

Trial 6: N=13640134137380130119 (64 bits), p=3482347943, q=3916936033
  m=1155 (primes<= 11), m0=6, X=m*m0=6930, S=[7, 11], t=2, M=77, rho=0.519, Y=2.000
  lambda0~6401.9, Lambda_R=90539, Lambda_S=5230, L*=181156
  RESULT: factor 3482347943  via collision mod p (multipoint gcd)  (0.8s)
  oracle (correct candidate): branch=regular, i in [0,2Lambda]=True, i==Q(k_p) mod ell=True, e* in E_R=True, alpha^e*==giant mod p=True
  giantsteps: regular=3312, skinny=1008
  babysteps: sieved |E_R|=94107 of dense 181156 (ratio 0.519, rho=0.519); skinny 10461; plain HH shortest-vector baseline 19463

Trial 7: N=8061648975801684049 (63 bits), p=2637768883, q=3056237803
  m=1155 (primes<= 11), m0=5, X=m*m0=5775, S=[7, 11], t=2, M=77, rho=0.519, Y=2.000
  lambda0~6469.7, Lambda_R=91498, Lambda_S=5285, L*=183074
  RESULT: factor 3056237803  via collision mod p (multipoint gcd)  (0.8s)
  oracle (correct candidate): branch=regular, i in [0,2Lambda]=True, i==Q(k_p) mod ell=True, e* in E_R=True, alpha^e*==giant mod p=True
  giantsteps: regular=2880, skinny=960
  babysteps: sieved |E_R|=95104 of dense 183074 (ratio 0.519, rho=0.519); skinny 10571; plain HH shortest-vector baseline 19669

Trial 8: N=12033793319024117033 (64 bits), p=3390024731, q=3549765643
  m=1155 (primes<= 11), m0=6, X=m*m0=6930, S=[7, 11], t=2, M=77, rho=0.519, Y=2.000
  lambda0~6013.1, Lambda_R=85041, Lambda_S=4912, L*=170160
  RESULT: factor 3390024731  via collision mod p (multipoint gcd)  (0.8s)
  oracle (correct candidate): branch=skinny, i in [0,2Lambda]=True, i==Q(k_p) mod ell=True, e* in E_R=None, alpha^e*==giant mod p=True
  giantsteps: regular=2992, skinny=1328
  babysteps: sieved |E_R|=88395 of dense 170160 (ratio 0.519, rho=0.519); skinny 9825; plain HH shortest-vector baseline 18281

Trial 9: N=18695166755338472303 (65 bits), p=2197696147, q=8506711349
  m=1155 (primes<= 11), m0=6, X=m*m0=6930, S=[7, 11], t=2, M=77, rho=0.519, Y=2.000
  lambda0~7494.9, Lambda_R=105996, Lambda_S=6122, L*=212070
  RESULT: factor 2197696147  via collision mod p (multipoint gcd)  (1.0s)
  oracle (correct candidate): branch=regular, i in [0,2Lambda]=True, i==Q(k_p) mod ell=True, e* in E_R=True, alpha^e*==giant mod p=True
  giantsteps: regular=3344, skinny=976
  babysteps: sieved |E_R|=110167 of dense 212070 (ratio 0.519, rho=0.519); skinny 12245; plain HH shortest-vector baseline 22785

Trial 10: N=27067822572025648471 (65 bits), p=3760813961, q=7197330911
  m=1155 (primes<= 11), m0=7, X=m*m0=8085, S=[7, 11], t=2, M=77, rho=0.519, Y=2.000
  lambda0~7156.6, Lambda_R=101212, Lambda_S=5846, L*=202502
  RESULT: factor 7197330911  via collision mod p (multipoint gcd)  (1.1s)
  oracle (correct candidate): branch=skinny, i in [0,2Lambda]=True, i==Q(k_p) mod ell=True, e* in E_R=None, alpha^e*==giant mod p=True
  giantsteps: regular=3712, skinny=1568
  babysteps: sieved |E_R|=105196 of dense 202502 (ratio 0.519, rho=0.519); skinny 11693; plain HH shortest-vector baseline 21757

Trial 11: N=30548991484435535581 (65 bits), p=4255295521, q=7179052861
  m=1155 (primes<= 11), m0=7, X=m*m0=8085, S=[7, 11], t=2, M=77, rho=0.519, Y=2.000
  lambda0~7602.9, Lambda_R=107524, Lambda_S=6210, L*=215126
  RESULT: factor 4255295521  via collision mod p (multipoint gcd)  (1.2s)
  oracle (correct candidate): branch=regular, i in [0,2Lambda]=True, i==Q(k_p) mod ell=True, e* in E_R=True, alpha^e*==giant mod p=True
  giantsteps: regular=4112, skinny=1168
  babysteps: sieved |E_R|=111755 of dense 215126 (ratio 0.519, rho=0.519); skinny 12421; plain HH shortest-vector baseline 23113

Trial 12: N=19362899895592191847 (65 bits), p=3106279097, q=6233470751
  m=1155 (primes<= 11), m0=6, X=m*m0=6930, S=[7, 11], t=2, M=77, rho=0.519, Y=2.000
  lambda0~7627.6, Lambda_R=107872, Lambda_S=6230, L*=215822
  RESULT: factor 3106279097  via collision mod p (multipoint gcd)  (1.1s)
  oracle (correct candidate): branch=regular, i in [0,2Lambda]=True, i==Q(k_p) mod ell=True, e* in E_R=True, alpha^e*==giant mod p=True
  giantsteps: regular=3184, skinny=1136
  babysteps: sieved |E_R|=112116 of dense 215822 (ratio 0.519, rho=0.519); skinny 12461; plain HH shortest-vector baseline 23189

Trial 13: N=21023567111037716759 (65 bits), p=3961939253, q=5306383003
  m=1155 (primes<= 11), m0=6, X=m*m0=6930, S=[7, 11], t=2, M=77, rho=0.519, Y=2.000
  lambda0~7947.9, Lambda_R=112403, Lambda_S=6492, L*=224884
  RESULT: factor 5306383003  via collision mod p (multipoint gcd)  (1.2s)
  oracle (correct candidate): branch=regular, i in [0,2Lambda]=True, i==Q(k_p) mod ell=True, e* in E_R=True, alpha^e*==giant mod p=True
  giantsteps: regular=3424, skinny=896
  babysteps: sieved |E_R|=116823 of dense 224884 (ratio 0.519, rho=0.519); skinny 12985; plain HH shortest-vector baseline 24163

Trial 14: N=23122190070897353329 (65 bits), p=4225336243, q=5472272203
  m=1155 (primes<= 11), m0=6, X=m*m0=6930, S=[7, 11], t=2, M=77, rho=0.519, Y=2.000
  lambda0~8335.2, Lambda_R=117880, Lambda_S=6808, L*=235838
  RESULT: factor 4225336243  via collision mod p (multipoint gcd)  (1.3s)
  oracle (correct candidate): branch=regular, i in [0,2Lambda]=True, i==Q(k_p) mod ell=True, e* in E_R=True, alpha^e*==giant mod p=True
  giantsteps: regular=3280, skinny=1040
  babysteps: sieved |E_R|=122514 of dense 235838 (ratio 0.519, rho=0.519); skinny 13617; plain HH shortest-vector baseline 25339

Trial 15: N=12125186105618843987 (64 bits), p=2813964689, q=4308933283
  m=1155 (primes<= 11), m0=6, X=m*m0=6930, S=[7, 11], t=2, M=77, rho=0.519, Y=2.000
  lambda0~6035.9, Lambda_R=85363, Lambda_S=4931, L*=170804
  RESULT: factor 2813964689  via collision mod p (multipoint gcd)  (0.8s)
  oracle (correct candidate): branch=regular, i in [0,2Lambda]=True, i==Q(k_p) mod ell=True, e* in E_R=True, alpha^e*==giant mod p=True
  giantsteps: regular=3344, skinny=976
  babysteps: sieved |E_R|=88730 of dense 170804 (ratio 0.519, rho=0.519); skinny 9863; plain HH shortest-vector baseline 18351

Trial 16: N=23566069573600808971 (65 bits), p=2759858741, q=8538868031
  m=1155 (primes<= 11), m0=6, X=m*m0=6930, S=[7, 11], t=2, M=77, rho=0.519, Y=2.000
  lambda0~8414.8, Lambda_R=119006, Lambda_S=6873, L*=238090
  RESULT: factor 2759858741  via collision mod p (multipoint gcd)  (1.3s)
  oracle (correct candidate): branch=skinny, i in [0,2Lambda]=True, i==Q(k_p) mod ell=True, e* in E_R=None, alpha^e*==giant mod p=True
  giantsteps: regular=3232, skinny=1088
  babysteps: sieved |E_R|=123683 of dense 238090 (ratio 0.519, rho=0.519); skinny 13747; plain HH shortest-vector baseline 25581

Trial 17: N=10471616020689186821 (64 bits), p=2448023551, q=4277579771
  m=1155 (primes<= 11), m0=6, X=m*m0=6930, S=[7, 11], t=2, M=77, rho=0.519, Y=2.000
  lambda0~5609.3, Lambda_R=79330, Lambda_S=4582, L*=158738
  RESULT: factor 2448023551  via collision mod p (multipoint gcd)  (0.8s)
  oracle (correct candidate): branch=regular, i in [0,2Lambda]=True, i==Q(k_p) mod ell=True, e* in E_R=True, alpha^e*==giant mod p=True
  giantsteps: regular=3248, skinny=1072
  babysteps: sieved |E_R|=82461 of dense 158738 (ratio 0.519, rho=0.519); skinny 9165; plain HH shortest-vector baseline 17055

Trial 18: N=11081205027862128857 (64 bits), p=3056869121, q=3625017817
  m=1155 (primes<= 11), m0=6, X=m*m0=6930, S=[7, 11], t=2, M=77, rho=0.519, Y=2.000
  lambda0~5770.2, Lambda_R=81606, Lambda_S=4714, L*=163290
  RESULT: factor 3056869121  via collision mod p (multipoint gcd)  (0.8s)
  oracle (correct candidate): branch=skinny, i in [0,2Lambda]=True, i==Q(k_p) mod ell=True, e* in E_R=None, alpha^e*==giant mod p=True
  giantsteps: regular=3280, skinny=1040
  babysteps: sieved |E_R|=84826 of dense 163290 (ratio 0.519, rho=0.519); skinny 9429; plain HH shortest-vector baseline 17543

Trial 19: N=29592750337045689553 (65 bits), p=3523739819, q=8398108787
  m=1155 (primes<= 11), m0=7, X=m*m0=8085, S=[7, 11], t=2, M=77, rho=0.519, Y=2.000
  lambda0~7482.9, Lambda_R=105827, Lambda_S=6112, L*=211732
  RESULT: factor 8398108787  via collision mod p (multipoint gcd)  (1.2s)
  oracle (correct candidate): branch=skinny, i in [0,2Lambda]=True, i==Q(k_p) mod ell=True, e* in E_R=None, alpha^e*==giant mod p=True
  giantsteps: regular=4144, skinny=1136
  babysteps: sieved |E_R|=109991 of dense 211732 (ratio 0.519, rho=0.519); skinny 12225; plain HH shortest-vector baseline 22749

Trial 20: N=10577369841054400507 (64 bits), p=2535844741, q=4171142527
  m=1155 (primes<= 11), m0=6, X=m*m0=6930, S=[7, 11], t=2, M=77, rho=0.519, Y=2.000
  lambda0~5637.5, Lambda_R=79729, Lambda_S=4606, L*=159536
  RESULT: factor 4171142527  via collision mod p (multipoint gcd)  (0.8s)
  oracle (correct candidate): branch=skinny, i in [0,2Lambda]=True, i==Q(k_p) mod ell=True, e* in E_R=None, alpha^e*==giant mod p=True
  giantsteps: regular=3472, skinny=848
  babysteps: sieved |E_R|=82876 of dense 159536 (ratio 0.519, rho=0.519); skinny 9213; plain HH shortest-vector baseline 17141

Trial 21: N=17512255829848404871 (64 bits), p=3091672453, q=5664330907
  m=1155 (primes<= 11), m0=6, X=m*m0=6930, S=[7, 11], t=2, M=77, rho=0.519, Y=2.000
  lambda0~7253.9, Lambda_R=102588, Lambda_S=5925, L*=205254
  RESULT: factor 3091672453  via collision mod p (multipoint gcd)  (0.9s)
  oracle (correct candidate): branch=regular, i in [0,2Lambda]=True, i==Q(k_p) mod ell=True, e* in E_R=True, alpha^e*==giant mod p=True
  giantsteps: regular=2992, skinny=1328
  babysteps: sieved |E_R|=106625 of dense 205254 (ratio 0.519, rho=0.519); skinny 11851; plain HH shortest-vector baseline 22053

Trial 22: N=17314930111015173053 (64 bits), p=2267027881, q=7637722613
  m=1155 (primes<= 11), m0=6, X=m*m0=6930, S=[7, 11], t=2, M=77, rho=0.519, Y=2.000
  lambda0~7212.9, Lambda_R=102008, Lambda_S=5892, L*=204094
  RESULT: factor 2267027881  via collision mod p (multipoint gcd)  (0.9s)
  oracle (correct candidate): branch=skinny, i in [0,2Lambda]=True, i==Q(k_p) mod ell=True, e* in E_R=None, alpha^e*==giant mod p=True
  giantsteps: regular=2992, skinny=1328
  babysteps: sieved |E_R|=106023 of dense 204094 (ratio 0.519, rho=0.519); skinny 11785; plain HH shortest-vector baseline 21929

Trial 23: N=10049744335513629379 (64 bits), p=2985279701, q=3366433079
  m=1155 (primes<= 11), m0=5, X=m*m0=5775, S=[7, 11], t=2, M=77, rho=0.519, Y=2.000
  lambda0~7223.5, Lambda_R=102159, Lambda_S=5900, L*=204396
  RESULT: factor 3366433079  via collision mod p (multipoint gcd)  (0.9s)
  oracle (correct candidate): branch=regular, i in [0,2Lambda]=True, i==Q(k_p) mod ell=True, e* in E_R=True, alpha^e*==giant mod p=True
  giantsteps: regular=2880, skinny=960
  babysteps: sieved |E_R|=106181 of dense 204396 (ratio 0.519, rho=0.519); skinny 11801; plain HH shortest-vector baseline 21961

Trial 24: N=28202304903653907787 (65 bits), p=4134223901, q=6821668487
  m=1155 (primes<= 11), m0=7, X=m*m0=8085, S=[7, 11], t=2, M=77, rho=0.519, Y=2.000
  lambda0~7305.0, Lambda_R=103311, Lambda_S=5967, L*=206700
  RESULT: factor 6821668487  via collision mod p (multipoint gcd)  (1.2s)
  oracle (correct candidate): branch=skinny, i in [0,2Lambda]=True, i==Q(k_p) mod ell=True, e* in E_R=None, alpha^e*==giant mod p=True
  giantsteps: regular=3872, skinny=1408
  babysteps: sieved |E_R|=107378 of dense 206700 (ratio 0.519, rho=0.519); skinny 11935; plain HH shortest-vector baseline 22209

Trial 25: N=9460238641324264291 (64 bits), p=2896862471, q=3265684421
  m=1155 (primes<= 11), m0=5, X=m*m0=5775, S=[7, 11], t=2, M=77, rho=0.519, Y=2.000
  lambda0~7008.5, Lambda_R=99117, Lambda_S=5725, L*=198312
  RESULT: factor 3265684421  via collision mod p (multipoint gcd)  (0.9s)
  oracle (correct candidate): branch=skinny, i in [0,2Lambda]=True, i==Q(k_p) mod ell=True, e* in E_R=None, alpha^e*==giant mod p=True
  giantsteps: regular=2704, skinny=1136
  babysteps: sieved |E_R|=103020 of dense 198312 (ratio 0.519, rho=0.519); skinny 11451; plain HH shortest-vector baseline 21307

Trial 26: N=17016935547457802867 (64 bits), p=2408588057, q=7065108331
  m=1155 (primes<= 11), m0=6, X=m*m0=6930, S=[7, 11], t=2, M=77, rho=0.519, Y=2.000
  lambda0~7150.6, Lambda_R=101127, Lambda_S=5841, L*=202332
  RESULT: factor 2408588057  via collision mod p (multipoint gcd)  (1.0s)
  oracle (correct candidate): branch=regular, i in [0,2Lambda]=True, i==Q(k_p) mod ell=True, e* in E_R=True, alpha^e*==giant mod p=True
  giantsteps: regular=3344, skinny=976
  babysteps: sieved |E_R|=105107 of dense 202332 (ratio 0.519, rho=0.519); skinny 11683; plain HH shortest-vector baseline 21739

Trial 27: N=26733643778334890951 (65 bits), p=4021267609, q=6648063839
  m=1155 (primes<= 11), m0=7, X=m*m0=8085, S=[7, 11], t=2, M=77, rho=0.519, Y=2.000
  lambda0~7112.3, Lambda_R=100585, Lambda_S=5810, L*=201248
  RESULT: factor 4021267609  via collision mod p (multipoint gcd)  (1.2s)
  oracle (correct candidate): branch=regular, i in [0,2Lambda]=True, i==Q(k_p) mod ell=True, e* in E_R=True, alpha^e*==giant mod p=True
  giantsteps: regular=4032, skinny=1248
  babysteps: sieved |E_R|=104544 of dense 201248 (ratio 0.519, rho=0.519); skinny 11621; plain HH shortest-vector baseline 21623

Trial 28: N=15242410336966311773 (64 bits), p=2933940497, q=5195200909
  m=1155 (primes<= 11), m0=6, X=m*m0=6930, S=[7, 11], t=2, M=77, rho=0.519, Y=2.000
  lambda0~6767.5, Lambda_R=95709, Lambda_S=5528, L*=191496
  RESULT: factor 5195200909  via collision mod p (multipoint gcd)  (0.9s)
  oracle (correct candidate): branch=skinny, i in [0,2Lambda]=True, i==Q(k_p) mod ell=True, e* in E_R=None, alpha^e*==giant mod p=True
  giantsteps: regular=2992, skinny=1328
  babysteps: sieved |E_R|=99479 of dense 191496 (ratio 0.519, rho=0.519); skinny 11057; plain HH shortest-vector baseline 20575

Trial 29: N=21891757354542201377 (65 bits), p=3007655767, q=7278677831
  m=1155 (primes<= 11), m0=6, X=m*m0=6930, S=[7, 11], t=2, M=77, rho=0.519, Y=2.000
  lambda0~8110.4, Lambda_R=114700, Lambda_S=6625, L*=229478
  RESULT: factor 7278677831  via collision mod p (multipoint gcd)  (1.2s)
  oracle (correct candidate): branch=skinny, i in [0,2Lambda]=True, i==Q(k_p) mod ell=True, e* in E_R=None, alpha^e*==giant mod p=True
  giantsteps: regular=3280, skinny=1040
  babysteps: sieved |E_R|=119210 of dense 229478 (ratio 0.519, rho=0.519); skinny 13251; plain HH shortest-vector baseline 24657

Trial 30: N=14374187281181777659 (64 bits), p=3096707921, q=4641763979
  m=1155 (primes<= 11), m0=6, X=m*m0=6930, S=[7, 11], t=2, M=77, rho=0.519, Y=2.000
  lambda0~6571.9, Lambda_R=92943, Lambda_S=5368, L*=185964
  RESULT: factor 3096707921  via collision mod p (multipoint gcd)  (0.9s)
  oracle (correct candidate): branch=regular, i in [0,2Lambda]=True, i==Q(k_p) mod ell=True, e* in E_R=True, alpha^e*==giant mod p=True
  giantsteps: regular=2992, skinny=1328
  babysteps: sieved |E_R|=96605 of dense 185964 (ratio 0.519, rho=0.519); skinny 10737; plain HH shortest-vector baseline 19981

Trial 31: N=14663683369912968577 (64 bits), p=3502008149, q=4187221373
  m=1155 (primes<= 11), m0=6, X=m*m0=6930, S=[7, 11], t=2, M=77, rho=0.519, Y=2.000
  lambda0~6637.8, Lambda_R=93875, Lambda_S=5422, L*=187828
  RESULT: factor 3502008149  via collision mod p (multipoint gcd)  (0.9s)
  oracle (correct candidate): branch=regular, i in [0,2Lambda]=True, i==Q(k_p) mod ell=True, e* in E_R=True, alpha^e*==giant mod p=True
  giantsteps: regular=3472, skinny=848
  babysteps: sieved |E_R|=97574 of dense 187828 (ratio 0.519, rho=0.519); skinny 10845; plain HH shortest-vector baseline 20181

Trial 32: N=19001977815283792613 (65 bits), p=3813394561, q=4982956133
  m=1155 (primes<= 11), m0=6, X=m*m0=6930, S=[7, 11], t=2, M=77, rho=0.519, Y=2.000
  lambda0~7556.1, Lambda_R=106862, Lambda_S=6172, L*=213802
  RESULT: factor 4982956133  via collision mod p (multipoint gcd)  (1.1s)
  oracle (correct candidate): branch=regular, i in [0,2Lambda]=True, i==Q(k_p) mod ell=True, e* in E_R=True, alpha^e*==giant mod p=True
  giantsteps: regular=3344, skinny=976
  babysteps: sieved |E_R|=111066 of dense 213802 (ratio 0.519, rho=0.519); skinny 12345; plain HH shortest-vector baseline 22971

Trial 33: N=19714971218464106591 (65 bits), p=2518836367, q=7827015473
  m=1155 (primes<= 11), m0=6, X=m*m0=6930, S=[7, 11], t=2, M=77, rho=0.519, Y=2.000
  lambda0~7696.6, Lambda_R=108849, Lambda_S=6287, L*=217776
  RESULT: factor 2518836367  via collision mod p (multipoint gcd)  (1.2s)
  oracle (correct candidate): branch=regular, i in [0,2Lambda]=True, i==Q(k_p) mod ell=True, e* in E_R=True, alpha^e*==giant mod p=True
  giantsteps: regular=3248, skinny=1072
  babysteps: sieved |E_R|=113131 of dense 217776 (ratio 0.519, rho=0.519); skinny 12575; plain HH shortest-vector baseline 23399

Trial 34: N=18356945859044656091 (64 bits), p=4054789099, q=4527225809
  m=1155 (primes<= 11), m0=6, X=m*m0=6930, S=[7, 11], t=2, M=77, rho=0.519, Y=2.000
  lambda0~7426.8, Lambda_R=105033, Lambda_S=6066, L*=210144
  RESULT: factor 4054789099  via collision mod p (multipoint gcd)  (1.1s)
  oracle (correct candidate): branch=skinny, i in [0,2Lambda]=True, i==Q(k_p) mod ell=True, e* in E_R=None, alpha^e*==giant mod p=True
  giantsteps: regular=3424, skinny=896
  babysteps: sieved |E_R|=109166 of dense 210144 (ratio 0.519, rho=0.519); skinny 12133; plain HH shortest-vector baseline 22579

Trial 35: N=16394497497423652199 (64 bits), p=3062010389, q=5354161291
  m=1155 (primes<= 11), m0=6, X=m*m0=6930, S=[7, 11], t=2, M=77, rho=0.519, Y=2.000
  lambda0~7018.6, Lambda_R=99260, Lambda_S=5733, L*=198598
  RESULT: factor 3062010389  via collision mod p (multipoint gcd)  (1.0s)
  oracle (correct candidate): branch=regular, i in [0,2Lambda]=True, i==Q(k_p) mod ell=True, e* in E_R=True, alpha^e*==giant mod p=True
  giantsteps: regular=3248, skinny=1072
  babysteps: sieved |E_R|=103168 of dense 198598 (ratio 0.519, rho=0.519); skinny 11467; plain HH shortest-vector baseline 21337

Trial 36: N=24110431464269776729 (65 bits), p=4134509059, q=5831510131
  m=1155 (primes<= 11), m0=7, X=m*m0=8085, S=[7, 11], t=2, M=77, rho=0.519, Y=2.000
  lambda0~6754.3, Lambda_R=95523, Lambda_S=5517, L*=191124
  RESULT: factor 5831510131  via collision mod p (multipoint gcd)  (1.2s)
  oracle (correct candidate): branch=regular, i in [0,2Lambda]=True, i==Q(k_p) mod ell=True, e* in E_R=True, alpha^e*==giant mod p=True
  giantsteps: regular=4128, skinny=1152
  babysteps: sieved |E_R|=99286 of dense 191124 (ratio 0.519, rho=0.519); skinny 11035; plain HH shortest-vector baseline 20535

Trial 37: N=29473980615668512369 (65 bits), p=3848425873, q=7658710753
  m=1155 (primes<= 11), m0=7, X=m*m0=8085, S=[7, 11], t=2, M=77, rho=0.519, Y=2.000
  lambda0~7467.9, Lambda_R=105615, Lambda_S=6100, L*=211308
  RESULT: factor 7658710753  via collision mod p (multipoint gcd)  (1.3s)
  oracle (correct candidate): branch=skinny, i in [0,2Lambda]=True, i==Q(k_p) mod ell=True, e* in E_R=None, alpha^e*==giant mod p=True
  giantsteps: regular=3936, skinny=1344
  babysteps: sieved |E_R|=109771 of dense 211308 (ratio 0.519, rho=0.519); skinny 12201; plain HH shortest-vector baseline 22703

Trial 38: N=29644489999949963683 (65 bits), p=3458566807, q=8571322069
  m=1155 (primes<= 11), m0=7, X=m*m0=8085, S=[7, 11], t=2, M=77, rho=0.519, Y=2.000
  lambda0~7489.5, Lambda_R=105920, Lambda_S=6118, L*=211918
  RESULT: factor 3458566807  via collision mod p (multipoint gcd)  (1.3s)
  oracle (correct candidate): branch=regular, i in [0,2Lambda]=True, i==Q(k_p) mod ell=True, e* in E_R=True, alpha^e*==giant mod p=True
  giantsteps: regular=3872, skinny=1408
  babysteps: sieved |E_R|=110087 of dense 211918 (ratio 0.519, rho=0.519); skinny 12237; plain HH shortest-vector baseline 22769

Trial 39: N=17617593545217310751 (64 bits), p=3049318757, q=5777550643
  m=1155 (primes<= 11), m0=6, X=m*m0=6930, S=[7, 11], t=2, M=77, rho=0.519, Y=2.000
  lambda0~7275.7, Lambda_R=102896, Lambda_S=5943, L*=205870
  RESULT: factor 5777550643  via collision mod p (multipoint gcd)  (1.1s)
  oracle (correct candidate): branch=regular, i in [0,2Lambda]=True, i==Q(k_p) mod ell=True, e* in E_R=True, alpha^e*==giant mod p=True
  giantsteps: regular=3424, skinny=896
  babysteps: sieved |E_R|=106945 of dense 205870 (ratio 0.519, rho=0.519); skinny 11887; plain HH shortest-vector baseline 22119

Trial 40: N=20409051591277911607 (65 bits), p=2737959743, q=7454109449
  m=1155 (primes<= 11), m0=6, X=m*m0=6930, S=[7, 11], t=2, M=77, rho=0.519, Y=2.000
  lambda0~7830.9, Lambda_R=110748, Lambda_S=6396, L*=221574
  RESULT: factor 7454109449  via collision mod p (multipoint gcd)  (1.3s)
  oracle (correct candidate): branch=skinny, i in [0,2Lambda]=True, i==Q(k_p) mod ell=True, e* in E_R=None, alpha^e*==giant mod p=True
  giantsteps: regular=3216, skinny=1104
  babysteps: sieved |E_R|=115104 of dense 221574 (ratio 0.519, rho=0.519); skinny 12793; plain HH shortest-vector baseline 23807

Trial 41: N=21745230681233101547 (65 bits), p=2826070151, q=7694511997
  m=1155 (primes<= 11), m0=6, X=m*m0=6930, S=[7, 11], t=2, M=77, rho=0.519, Y=2.000
  lambda0~8083.2, Lambda_R=114316, Lambda_S=6602, L*=228710
  RESULT: factor 7694511997  via collision mod p (multipoint gcd)  (1.3s)
  oracle (correct candidate): branch=regular, i in [0,2Lambda]=True, i==Q(k_p) mod ell=True, e* in E_R=True, alpha^e*==giant mod p=True
  giantsteps: regular=2992, skinny=1328
  babysteps: sieved |E_R|=118811 of dense 228710 (ratio 0.519, rho=0.519); skinny 13205; plain HH shortest-vector baseline 24573

Trial 42: N=14267478135193583347 (64 bits), p=2302197577, q=6197330011
  m=1155 (primes<= 11), m0=6, X=m*m0=6930, S=[7, 11], t=2, M=77, rho=0.519, Y=2.000
  lambda0~6547.5, Lambda_R=92598, Lambda_S=5348, L*=185274
  RESULT: factor 2302197577  via collision mod p (multipoint gcd)  (0.9s)
  oracle (correct candidate): branch=skinny, i in [0,2Lambda]=True, i==Q(k_p) mod ell=True, e* in E_R=None, alpha^e*==giant mod p=True
  giantsteps: regular=3216, skinny=1104
  babysteps: sieved |E_R|=96247 of dense 185274 (ratio 0.519, rho=0.519); skinny 10697; plain HH shortest-vector baseline 19907

Trial 43: N=14052918402396630997 (64 bits), p=2246344663, q=6255904819
  m=1155 (primes<= 11), m0=6, X=m*m0=6930, S=[7, 11], t=2, M=77, rho=0.519, Y=2.000
  lambda0~6498.1, Lambda_R=91899, Lambda_S=5308, L*=183876
  RESULT: factor 6255904819  via collision mod p (multipoint gcd)  (1.0s)
  oracle (correct candidate): branch=skinny, i in [0,2Lambda]=True, i==Q(k_p) mod ell=True, e* in E_R=None, alpha^e*==giant mod p=True
  giantsteps: regular=3472, skinny=848
  babysteps: sieved |E_R|=95520 of dense 183876 (ratio 0.519, rho=0.519); skinny 10617; plain HH shortest-vector baseline 19755

Trial 44: N=27411693791052021511 (65 bits), p=4106935331, q=6674488781
  m=1155 (primes<= 11), m0=7, X=m*m0=8085, S=[7, 11], t=2, M=77, rho=0.519, Y=2.000
  lambda0~7201.9, Lambda_R=101853, Lambda_S=5883, L*=203784
  RESULT: factor 6674488781  via exact match + Lemma 2.4  (1.3s)
  oracle (correct candidate): branch=skinny, i in [0,2Lambda]=True, i==Q(k_p) mod ell=True, e* in E_R=None, alpha^e*==giant mod p=True
  giantsteps: regular=3712, skinny=1568
  babysteps: sieved |E_R|=105862 of dense 203784 (ratio 0.519, rho=0.519); skinny 11767; plain HH shortest-vector baseline 21895

Trial 45: N=9128045139652526389 (63 bits), p=2476729117, q=3685524217
  m=1155 (primes<= 11), m0=5, X=m*m0=5775, S=[7, 11], t=2, M=77, rho=0.519, Y=2.000
  lambda0~6884.3, Lambda_R=97361, Lambda_S=5624, L*=194800
  RESULT: factor 3685524217  via collision mod p (multipoint gcd)  (1.0s)
  oracle (correct candidate): branch=regular, i in [0,2Lambda]=True, i==Q(k_p) mod ell=True, e* in E_R=True, alpha^e*==giant mod p=True
  giantsteps: regular=2704, skinny=1136
  babysteps: sieved |E_R|=101195 of dense 194800 (ratio 0.519, rho=0.519); skinny 11249; plain HH shortest-vector baseline 20929

Trial 46: N=13061543214714180653 (64 bits), p=2694220219, q=4847986487
  m=1155 (primes<= 11), m0=6, X=m*m0=6930, S=[7, 11], t=2, M=77, rho=0.519, Y=2.000
  lambda0~6264.7, Lambda_R=88598, Lambda_S=5118, L*=177274
  RESULT: factor 4847986487  via collision mod p (multipoint gcd)  (0.9s)
  oracle (correct candidate): branch=regular, i in [0,2Lambda]=True, i==Q(k_p) mod ell=True, e* in E_R=True, alpha^e*==giant mod p=True
  giantsteps: regular=3280, skinny=1040
  babysteps: sieved |E_R|=92091 of dense 177274 (ratio 0.519, rho=0.519); skinny 10237; plain HH shortest-vector baseline 19047

Trial 47: N=10066749592975373413 (64 bits), p=2713772273, q=3709504181
  m=1155 (primes<= 11), m0=5, X=m*m0=5775, S=[7, 11], t=2, M=77, rho=0.519, Y=2.000
  lambda0~7229.6, Lambda_R=102245, Lambda_S=5905, L*=204568
  RESULT: factor 3709504181  via collision mod p (multipoint gcd)  (1.1s)
  oracle (correct candidate): branch=skinny, i in [0,2Lambda]=True, i==Q(k_p) mod ell=True, e* in E_R=None, alpha^e*==giant mod p=True
  giantsteps: regular=2880, skinny=960
  babysteps: sieved |E_R|=106269 of dense 204568 (ratio 0.519, rho=0.519); skinny 11811; plain HH shortest-vector baseline 21979

Trial 48: N=30308519568180791321 (65 bits), p=3671339953, q=8255438057
  m=1155 (primes<= 11), m0=7, X=m*m0=8085, S=[7, 11], t=2, M=77, rho=0.519, Y=2.000
  lambda0~7572.9, Lambda_R=107100, Lambda_S=6186, L*=214278
  RESULT: factor 3671339953  via collision mod p (multipoint gcd)  (1.4s)
  oracle (correct candidate): branch=regular, i in [0,2Lambda]=True, i==Q(k_p) mod ell=True, e* in E_R=True, alpha^e*==giant mod p=True
  giantsteps: regular=3968, skinny=1312
  babysteps: sieved |E_R|=111314 of dense 214278 (ratio 0.519, rho=0.519); skinny 12373; plain HH shortest-vector baseline 23023

Trial 49: N=24686543693368988759 (65 bits), p=4283709697, q=5762889047
  m=1155 (primes<= 11), m0=7, X=m*m0=8085, S=[7, 11], t=2, M=77, rho=0.519, Y=2.000
  lambda0~6834.6, Lambda_R=96658, Lambda_S=5583, L*=193394
  RESULT: factor 5762889047  via collision mod p (multipoint gcd)  (1.2s)
  oracle (correct candidate): branch=regular, i in [0,2Lambda]=True, i==Q(k_p) mod ell=True, e* in E_R=True, alpha^e*==giant mod p=True
  giantsteps: regular=4000, skinny=1280
  babysteps: sieved |E_R|=100464 of dense 193394 (ratio 0.519, rho=0.519); skinny 11167; plain HH shortest-vector baseline 20779

Trial 50: N=6973159297553077927 (63 bits), p=2361316277, q=2953081451
  m=1155 (primes<= 11), m0=5, X=m*m0=5775, S=[7, 11], t=2, M=77, rho=0.519, Y=2.000
  lambda0~6017.1, Lambda_R=85097, Lambda_S=4915, L*=170272
  RESULT: factor 2361316277  via exact match + Lemma 2.4  (0.2s)
  oracle (correct candidate): branch=skinny, i in [0,2Lambda]=True, i==Q(k_p) mod ell=True, e* in E_R=None, alpha^e*==giant mod p=True
  giantsteps: regular=2992, skinny=848
  babysteps: sieved |E_R|=88454 of dense 170272 (ratio 0.519, rho=0.519); skinny 9831; plain HH shortest-vector baseline 18295

Trial 51: N=17452260672285217729 (64 bits), p=3855770239, q=4526270911
  m=1155 (primes<= 11), m0=6, X=m*m0=6930, S=[7, 11], t=2, M=77, rho=0.519, Y=2.000
  lambda0~7241.5, Lambda_R=102412, Lambda_S=5915, L*=204902
  RESULT: factor 4526270911  via collision mod p (multipoint gcd)  (1.1s)
  oracle (correct candidate): branch=regular, i in [0,2Lambda]=True, i==Q(k_p) mod ell=True, e* in E_R=True, alpha^e*==giant mod p=True
  giantsteps: regular=3280, skinny=1040
  babysteps: sieved |E_R|=106443 of dense 204902 (ratio 0.519, rho=0.519); skinny 11831; plain HH shortest-vector baseline 22015

Trial 52: N=23856523639260755099 (65 bits), p=3787566509, q=6298641511
  m=1155 (primes<= 11), m0=7, X=m*m0=8085, S=[7, 11], t=2, M=77, rho=0.519, Y=2.000
  lambda0~6718.7, Lambda_R=95019, Lambda_S=5488, L*=190116
  RESULT: factor 3787566509  via collision mod p (multipoint gcd)  (1.2s)
  oracle (correct candidate): branch=regular, i in [0,2Lambda]=True, i==Q(k_p) mod ell=True, e* in E_R=True, alpha^e*==giant mod p=True
  giantsteps: regular=3968, skinny=1312
  babysteps: sieved |E_R|=98762 of dense 190116 (ratio 0.519, rho=0.519); skinny 10977; plain HH shortest-vector baseline 20427

Trial 53: N=17344185040791784519 (64 bits), p=2748981187, q=6309313837
  m=1155 (primes<= 11), m0=6, X=m*m0=6930, S=[7, 11], t=2, M=77, rho=0.519, Y=2.000
  lambda0~7219.0, Lambda_R=102095, Lambda_S=5897, L*=204268
  RESULT: factor 2748981187  via collision mod p (multipoint gcd)  (1.1s)
  oracle (correct candidate): branch=regular, i in [0,2Lambda]=True, i==Q(k_p) mod ell=True, e* in E_R=True, alpha^e*==giant mod p=True
  giantsteps: regular=2992, skinny=1328
  babysteps: sieved |E_R|=106114 of dense 204268 (ratio 0.519, rho=0.519); skinny 11795; plain HH shortest-vector baseline 21947

Trial 54: N=29873948436191374769 (65 bits), p=4130543777, q=7232449297
  m=1155 (primes<= 11), m0=7, X=m*m0=8085, S=[7, 11], t=2, M=77, rho=0.519, Y=2.000
  lambda0~7518.4, Lambda_R=106329, Lambda_S=6141, L*=212736
  RESULT: factor 4130543777  via collision mod p (multipoint gcd)  (1.5s)
  oracle (correct candidate): branch=regular, i in [0,2Lambda]=True, i==Q(k_p) mod ell=True, e* in E_R=True, alpha^e*==giant mod p=True
  giantsteps: regular=4032, skinny=1248
  babysteps: sieved |E_R|=110512 of dense 212736 (ratio 0.519, rho=0.519); skinny 12283; plain HH shortest-vector baseline 22857

Trial 55: N=19852509274634581829 (65 bits), p=3823698161, q=5191965589
  m=1155 (primes<= 11), m0=6, X=m*m0=6930, S=[7, 11], t=2, M=77, rho=0.519, Y=2.000
  lambda0~7723.4, Lambda_R=109228, Lambda_S=6309, L*=218534
  RESULT: factor 3823698161  via collision mod p (multipoint gcd)  (1.4s)
  oracle (correct candidate): branch=skinny, i in [0,2Lambda]=True, i==Q(k_p) mod ell=True, e* in E_R=None, alpha^e*==giant mod p=True
  giantsteps: regular=3264, skinny=1056
  babysteps: sieved |E_R|=113524 of dense 218534 (ratio 0.519, rho=0.519); skinny 12619; plain HH shortest-vector baseline 23481

Trial 56: N=18165223322263447543 (64 bits), p=3066381211, q=5923993813
  m=1155 (primes<= 11), m0=6, X=m*m0=6930, S=[7, 11], t=2, M=77, rho=0.519, Y=2.000
  lambda0~7387.9, Lambda_R=104483, Lambda_S=6035, L*=209044
  RESULT: factor 5923993813  via collision mod p (multipoint gcd)  (1.2s)
  oracle (correct candidate): branch=regular, i in [0,2Lambda]=True, i==Q(k_p) mod ell=True, e* in E_R=True, alpha^e*==giant mod p=True
  giantsteps: regular=3472, skinny=848
  babysteps: sieved |E_R|=108595 of dense 209044 (ratio 0.519, rho=0.519); skinny 12071; plain HH shortest-vector baseline 22461

Trial 57: N=28147497104092758713 (65 bits), p=3922979173, q=7175030981
  m=1155 (primes<= 11), m0=7, X=m*m0=8085, S=[7, 11], t=2, M=77, rho=0.519, Y=2.000
  lambda0~7297.9, Lambda_R=103211, Lambda_S=5961, L*=206500
  RESULT: factor 3922979173  via collision mod p (multipoint gcd)  (1.4s)
  oracle (correct candidate): branch=regular, i in [0,2Lambda]=True, i==Q(k_p) mod ell=True, e* in E_R=True, alpha^e*==giant mod p=True
  giantsteps: regular=4096, skinny=1184
  babysteps: sieved |E_R|=107273 of dense 206500 (ratio 0.519, rho=0.519); skinny 11923; plain HH shortest-vector baseline 22187

Trial 58: N=7622357774265793733 (63 bits), p=2584288829, q=2949499177
  m=1155 (primes<= 11), m0=5, X=m*m0=5775, S=[7, 11], t=2, M=77, rho=0.519, Y=2.000
  lambda0~6291.0, Lambda_R=88970, Lambda_S=5139, L*=178018
  RESULT: factor 2584288829  via collision mod p (multipoint gcd)  (0.9s)
  oracle (correct candidate): branch=regular, i in [0,2Lambda]=True, i==Q(k_p) mod ell=True, e* in E_R=True, alpha^e*==giant mod p=True
  giantsteps: regular=2976, skinny=864
  babysteps: sieved |E_R|=92478 of dense 178018 (ratio 0.519, rho=0.519); skinny 10279; plain HH shortest-vector baseline 19127

Trial 59: N=17929806850779733831 (64 bits), p=3605835619, q=4972441549
  m=1155 (primes<= 11), m0=6, X=m*m0=6930, S=[7, 11], t=2, M=77, rho=0.519, Y=2.000
  lambda0~7339.9, Lambda_R=103804, Lambda_S=5995, L*=207686
  RESULT: factor 3605835619  via collision mod p (multipoint gcd)  (1.2s)
  oracle (correct candidate): branch=regular, i in [0,2Lambda]=True, i==Q(k_p) mod ell=True, e* in E_R=True, alpha^e*==giant mod p=True
  giantsteps: regular=3280, skinny=1040
  babysteps: sieved |E_R|=107890 of dense 207686 (ratio 0.519, rho=0.519); skinny 11991; plain HH shortest-vector baseline 22315

Trial 60: N=7747644451546212193 (63 bits), p=2515031933, q=3080535221
  m=1155 (primes<= 11), m0=5, X=m*m0=5775, S=[7, 11], t=2, M=77, rho=0.519, Y=2.000
  lambda0~6342.4, Lambda_R=89698, Lambda_S=5181, L*=179474
  RESULT: factor 2515031933  via collision mod p (multipoint gcd)  (0.9s)
  oracle (correct candidate): branch=regular, i in [0,2Lambda]=True, i==Q(k_p) mod ell=True, e* in E_R=True, alpha^e*==giant mod p=True
  giantsteps: regular=2992, skinny=848
  babysteps: sieved |E_R|=93234 of dense 179474 (ratio 0.519, rho=0.519); skinny 10363; plain HH shortest-vector baseline 19283

Trial 61: N=21104115212765980789 (65 bits), p=2541159811, q=8304914599
  m=1155 (primes<= 11), m0=6, X=m*m0=6930, S=[7, 11], t=2, M=77, rho=0.519, Y=2.000
  lambda0~7963.1, Lambda_R=112618, Lambda_S=6504, L*=225314
  RESULT: factor 2541159811  via collision mod p (multipoint gcd)  (1.3s)
  oracle (correct candidate): branch=regular, i in [0,2Lambda]=True, i==Q(k_p) mod ell=True, e* in E_R=True, alpha^e*==giant mod p=True
  giantsteps: regular=2992, skinny=1328
  babysteps: sieved |E_R|=117047 of dense 225314 (ratio 0.519, rho=0.519); skinny 13009; plain HH shortest-vector baseline 24209

Trial 62: N=13493257877817771709 (64 bits), p=3190026683, q=4229826023
  m=1155 (primes<= 11), m0=6, X=m*m0=6930, S=[7, 11], t=2, M=77, rho=0.519, Y=2.000
  lambda0~6367.3, Lambda_R=90050, Lambda_S=5201, L*=180178
  RESULT: factor 3190026683  via collision mod p (multipoint gcd)  (0.9s)
  oracle (correct candidate): branch=regular, i in [0,2Lambda]=True, i==Q(k_p) mod ell=True, e* in E_R=True, alpha^e*==giant mod p=True
  giantsteps: regular=3232, skinny=1088
  babysteps: sieved |E_R|=93600 of dense 180178 (ratio 0.519, rho=0.519); skinny 10403; plain HH shortest-vector baseline 19359

Trial 63: N=19340599278364479211 (65 bits), p=4245472349, q=4555582439
  m=1155 (primes<= 11), m0=6, X=m*m0=6930, S=[7, 11], t=2, M=77, rho=0.519, Y=2.000
  lambda0~7623.2, Lambda_R=107810, Lambda_S=6227, L*=215698
  RESULT: factor 4555582439  via collision mod p (multipoint gcd)  (1.3s)
  oracle (correct candidate): branch=skinny, i in [0,2Lambda]=True, i==Q(k_p) mod ell=True, e* in E_R=None, alpha^e*==giant mod p=True
  giantsteps: regular=3232, skinny=1088
  babysteps: sieved |E_R|=112052 of dense 215698 (ratio 0.519, rho=0.519); skinny 12455; plain HH shortest-vector baseline 23175

Trial 64: N=14358160305589913699 (64 bits), p=3454815719, q=4155984421
  m=1155 (primes<= 11), m0=6, X=m*m0=6930, S=[7, 11], t=2, M=77, rho=0.519, Y=2.000
  lambda0~6568.2, Lambda_R=92892, Lambda_S=5365, L*=185862
  RESULT: factor 3454815719  via collision mod p (multipoint gcd)  (1.1s)
  oracle (correct candidate): branch=regular, i in [0,2Lambda]=True, i==Q(k_p) mod ell=True, e* in E_R=True, alpha^e*==giant mod p=True
  giantsteps: regular=3248, skinny=1072
  babysteps: sieved |E_R|=96552 of dense 185862 (ratio 0.519, rho=0.519); skinny 10731; plain HH shortest-vector baseline 19969

Trial 65: N=22590140588533017607 (65 bits), p=2967113339, q=7613507813
  m=1155 (primes<= 11), m0=6, X=m*m0=6930, S=[7, 11], t=2, M=77, rho=0.519, Y=2.000
  lambda0~8238.7, Lambda_R=116516, Lambda_S=6729, L*=233110
  RESULT: factor 7613507813  via collision mod p (multipoint gcd)  (1.6s)
  oracle (correct candidate): branch=regular, i in [0,2Lambda]=True, i==Q(k_p) mod ell=True, e* in E_R=True, alpha^e*==giant mod p=True
  giantsteps: regular=3472, skinny=848
  babysteps: sieved |E_R|=121098 of dense 233110 (ratio 0.519, rho=0.519); skinny 13459; plain HH shortest-vector baseline 25047

Trial 66: N=21813828399692474077 (65 bits), p=3416629771, q=6384604087
  m=1155 (primes<= 11), m0=6, X=m*m0=6930, S=[7, 11], t=2, M=77, rho=0.519, Y=2.000
  lambda0~8095.9, Lambda_R=114496, Lambda_S=6613, L*=229070
  RESULT: factor 6384604087  via collision mod p (multipoint gcd)  (1.6s)
  oracle (correct candidate): branch=regular, i in [0,2Lambda]=True, i==Q(k_p) mod ell=True, e* in E_R=True, alpha^e*==giant mod p=True
  giantsteps: regular=3472, skinny=848
  babysteps: sieved |E_R|=118999 of dense 229070 (ratio 0.519, rho=0.519); skinny 13227; plain HH shortest-vector baseline 24613

Trial 67: N=17092935297996611017 (64 bits), p=2955826217, q=5782794401
  m=1155 (primes<= 11), m0=6, X=m*m0=6930, S=[7, 11], t=2, M=77, rho=0.519, Y=2.000
  lambda0~7166.5, Lambda_R=101352, Lambda_S=5854, L*=202782
  RESULT: factor 2955826217  via collision mod p (multipoint gcd)  (1.1s)
  oracle (correct candidate): branch=regular, i in [0,2Lambda]=True, i==Q(k_p) mod ell=True, e* in E_R=True, alpha^e*==giant mod p=True
  giantsteps: regular=3184, skinny=1136
  babysteps: sieved |E_R|=105341 of dense 202782 (ratio 0.519, rho=0.519); skinny 11709; plain HH shortest-vector baseline 21787

Trial 68: N=17019304399540888321 (64 bits), p=3576437807, q=4758730703
  m=1155 (primes<= 11), m0=6, X=m*m0=6930, S=[7, 11], t=2, M=77, rho=0.519, Y=2.000
  lambda0~7151.1, Lambda_R=101134, Lambda_S=5841, L*=202346
  RESULT: factor 3576437807  via collision mod p (multipoint gcd)  (1.2s)
  oracle (correct candidate): branch=regular, i in [0,2Lambda]=True, i==Q(k_p) mod ell=True, e* in E_R=True, alpha^e*==giant mod p=True
  giantsteps: regular=3520, skinny=800
  babysteps: sieved |E_R|=105115 of dense 202346 (ratio 0.519, rho=0.519); skinny 11683; plain HH shortest-vector baseline 21741

Trial 69: N=19218540104746067873 (65 bits), p=4231320497, q=4541972209
  m=1155 (primes<= 11), m0=6, X=m*m0=6930, S=[7, 11], t=2, M=77, rho=0.519, Y=2.000
  lambda0~7599.1, Lambda_R=107470, Lambda_S=6207, L*=215018
  RESULT: factor 4541972209  via collision mod p (multipoint gcd)  (1.4s)
  oracle (correct candidate): branch=skinny, i in [0,2Lambda]=True, i==Q(k_p) mod ell=True, e* in E_R=None, alpha^e*==giant mod p=True
  giantsteps: regular=2992, skinny=1328
  babysteps: sieved |E_R|=111698 of dense 215018 (ratio 0.519, rho=0.519); skinny 12415; plain HH shortest-vector baseline 23103

Trial 70: N=20361968996150002157 (65 bits), p=4200330149, q=4847706793
  m=1155 (primes<= 11), m0=6, X=m*m0=6930, S=[7, 11], t=2, M=77, rho=0.519, Y=2.000
  lambda0~7821.9, Lambda_R=110620, Lambda_S=6389, L*=221318
  RESULT: factor 4200330149  via collision mod p (multipoint gcd)  (1.5s)
  oracle (correct candidate): branch=skinny, i in [0,2Lambda]=True, i==Q(k_p) mod ell=True, e* in E_R=None, alpha^e*==giant mod p=True
  giantsteps: regular=3344, skinny=976
  babysteps: sieved |E_R|=114971 of dense 221318 (ratio 0.519, rho=0.519); skinny 12779; plain HH shortest-vector baseline 23779

Trial 71: N=15513968728741469491 (64 bits), p=3465350459, q=4476883049
  m=1155 (primes<= 11), m0=6, X=m*m0=6930, S=[7, 11], t=2, M=77, rho=0.519, Y=2.000
  lambda0~6827.5, Lambda_R=96558, Lambda_S=5577, L*=193194
  RESULT: factor 4476883049  via collision mod p (multipoint gcd)  (1.2s)
  oracle (correct candidate): branch=regular, i in [0,2Lambda]=True, i==Q(k_p) mod ell=True, e* in E_R=True, alpha^e*==giant mod p=True
  giantsteps: regular=3520, skinny=800
  babysteps: sieved |E_R|=100361 of dense 193194 (ratio 0.519, rho=0.519); skinny 11155; plain HH shortest-vector baseline 20757

Trial 72: N=13882779544540913491 (64 bits), p=2274669643, q=6103206937
  m=1155 (primes<= 11), m0=6, X=m*m0=6930, S=[7, 11], t=2, M=77, rho=0.519, Y=2.000
  lambda0~6458.6, Lambda_R=91341, Lambda_S=5276, L*=182760
  RESULT: factor 6103206937  via collision mod p (multipoint gcd)  (1.1s)
  oracle (correct candidate): branch=regular, i in [0,2Lambda]=True, i==Q(k_p) mod ell=True, e* in E_R=True, alpha^e*==giant mod p=True
  giantsteps: regular=2992, skinny=1328
  babysteps: sieved |E_R|=94941 of dense 182760 (ratio 0.519, rho=0.519); skinny 10553; plain HH shortest-vector baseline 19635

Trial 73: N=14779945530216258277 (64 bits), p=3272059261, q=4517016457
  m=1155 (primes<= 11), m0=6, X=m*m0=6930, S=[7, 11], t=2, M=77, rho=0.519, Y=2.000
  lambda0~6664.0, Lambda_R=94246, Lambda_S=5444, L*=188570
  RESULT: factor 3272059261  via collision mod p (multipoint gcd)  (1.0s)
  oracle (correct candidate): branch=regular, i in [0,2Lambda]=True, i==Q(k_p) mod ell=True, e* in E_R=True, alpha^e*==giant mod p=True
  giantsteps: regular=3472, skinny=848
  babysteps: sieved |E_R|=97959 of dense 188570 (ratio 0.519, rho=0.519); skinny 10889; plain HH shortest-vector baseline 20261

Trial 74: N=23721762433313971291 (65 bits), p=2778556717, q=8537440423
  m=1155 (primes<= 11), m0=6, X=m*m0=6930, S=[7, 11], t=2, M=77, rho=0.519, Y=2.000
  lambda0~8442.5, Lambda_R=119398, Lambda_S=6896, L*=238874
  RESULT: factor 2778556717  via collision mod p (multipoint gcd)  (1.7s)
  oracle (correct candidate): branch=regular, i in [0,2Lambda]=True, i==Q(k_p) mod ell=True, e* in E_R=True, alpha^e*==giant mod p=True
  giantsteps: regular=3280, skinny=1040
  babysteps: sieved |E_R|=124091 of dense 238874 (ratio 0.519, rho=0.519); skinny 13793; plain HH shortest-vector baseline 25665

Trial 75: N=13767249353970186071 (64 bits), p=2771458409, q=4967510719
  m=1155 (primes<= 11), m0=6, X=m*m0=6930, S=[7, 11], t=2, M=77, rho=0.519, Y=2.000
  lambda0~6431.7, Lambda_R=90960, Lambda_S=5254, L*=181998
  RESULT: factor 4967510719  via collision mod p (multipoint gcd)  (1.0s)
  oracle (correct candidate): branch=skinny, i in [0,2Lambda]=True, i==Q(k_p) mod ell=True, e* in E_R=None, alpha^e*==giant mod p=True
  giantsteps: regular=3424, skinny=896
  babysteps: sieved |E_R|=94544 of dense 181998 (ratio 0.519, rho=0.519); skinny 10509; plain HH shortest-vector baseline 19555

Trial 76: N=14982153552782457947 (64 bits), p=2272069777, q=6594055211
  m=1155 (primes<= 11), m0=6, X=m*m0=6930, S=[7, 11], t=2, M=77, rho=0.519, Y=2.000
  lambda0~6709.5, Lambda_R=94889, Lambda_S=5481, L*=189856
  RESULT: factor 6594055211  via collision mod p (multipoint gcd)  (1.0s)
  oracle (correct candidate): branch=regular, i in [0,2Lambda]=True, i==Q(k_p) mod ell=True, e* in E_R=True, alpha^e*==giant mod p=True
  giantsteps: regular=3280, skinny=1040
  babysteps: sieved |E_R|=98626 of dense 189856 (ratio 0.519, rho=0.519); skinny 10963; plain HH shortest-vector baseline 20399

Trial 77: N=17820413340827449369 (64 bits), p=3491746789, q=5103581221
  m=1155 (primes<= 11), m0=6, X=m*m0=6930, S=[7, 11], t=2, M=77, rho=0.519, Y=2.000
  lambda0~7317.4, Lambda_R=103487, Lambda_S=5977, L*=207052
  RESULT: factor 3491746789  via collision mod p (multipoint gcd)  (1.1s)
  oracle (correct candidate): branch=regular, i in [0,2Lambda]=True, i==Q(k_p) mod ell=True, e* in E_R=True, alpha^e*==giant mod p=True
  giantsteps: regular=3232, skinny=1088
  babysteps: sieved |E_R|=107560 of dense 207052 (ratio 0.519, rho=0.519); skinny 11955; plain HH shortest-vector baseline 22247

Trial 78: N=10951117534951519297 (64 bits), p=2154726221, q=5082370757
  m=1155 (primes<= 11), m0=6, X=m*m0=6930, S=[7, 11], t=2, M=77, rho=0.519, Y=2.000
  lambda0~5736.3, Lambda_R=81126, Lambda_S=4686, L*=162330
  RESULT: factor 5082370757  via collision mod p (multipoint gcd)  (0.9s)
  oracle (correct candidate): branch=regular, i in [0,2Lambda]=True, i==Q(k_p) mod ell=True, e* in E_R=True, alpha^e*==giant mod p=True
  giantsteps: regular=3472, skinny=848
  babysteps: sieved |E_R|=84327 of dense 162330 (ratio 0.519, rho=0.519); skinny 9373; plain HH shortest-vector baseline 17441

Trial 79: N=10821677397298070111 (64 bits), p=2464095659, q=4391744029
  m=1155 (primes<= 11), m0=6, X=m*m0=6930, S=[7, 11], t=2, M=77, rho=0.519, Y=2.000
  lambda0~5702.3, Lambda_R=80645, Lambda_S=4658, L*=161368
  RESULT: factor 4391744029  via collision mod p (multipoint gcd)  (0.9s)
  oracle (correct candidate): branch=regular, i in [0,2Lambda]=True, i==Q(k_p) mod ell=True, e* in E_R=True, alpha^e*==giant mod p=True
  giantsteps: regular=3424, skinny=896
  babysteps: sieved |E_R|=83827 of dense 161368 (ratio 0.519, rho=0.519); skinny 9317; plain HH shortest-vector baseline 17337

Trial 80: N=25592718445799391427 (65 bits), p=3020183891, q=8473894097
  m=1155 (primes<= 11), m0=7, X=m*m0=8085, S=[7, 11], t=2, M=77, rho=0.519, Y=2.000
  lambda0~6958.9, Lambda_R=98416, Lambda_S=5684, L*=196910
  RESULT: factor 3020183891  via collision mod p (multipoint gcd)  (1.4s)
  oracle (correct candidate): branch=regular, i in [0,2Lambda]=True, i==Q(k_p) mod ell=True, e* in E_R=True, alpha^e*==giant mod p=True
  giantsteps: regular=4112, skinny=1168
  babysteps: sieved |E_R|=102292 of dense 196910 (ratio 0.519, rho=0.519); skinny 11369; plain HH shortest-vector baseline 21157

Trial 81: N=16522725285515467973 (64 bits), p=2205753673, q=7490739101
  m=1155 (primes<= 11), m0=6, X=m*m0=6930, S=[7, 11], t=2, M=77, rho=0.519, Y=2.000
  lambda0~7046.0, Lambda_R=99648, Lambda_S=5756, L*=199374
  RESULT: factor 2205753673  via collision mod p (multipoint gcd)  (1.2s)
  oracle (correct candidate): branch=skinny, i in [0,2Lambda]=True, i==Q(k_p) mod ell=True, e* in E_R=None, alpha^e*==giant mod p=True
  giantsteps: regular=3280, skinny=1040
  babysteps: sieved |E_R|=103572 of dense 199374 (ratio 0.519, rho=0.519); skinny 11513; plain HH shortest-vector baseline 21421

Trial 82: N=22897924402026117089 (65 bits), p=3342407611, q=6850727699
  m=1155 (primes<= 11), m0=6, X=m*m0=6930, S=[7, 11], t=2, M=77, rho=0.519, Y=2.000
  lambda0~8294.7, Lambda_R=117307, Lambda_S=6775, L*=234692
  RESULT: factor 6850727699  via collision mod p (multipoint gcd)  (1.5s)
  oracle (correct candidate): branch=regular, i in [0,2Lambda]=True, i==Q(k_p) mod ell=True, e* in E_R=True, alpha^e*==giant mod p=True
  giantsteps: regular=3424, skinny=896
  babysteps: sieved |E_R|=121919 of dense 234692 (ratio 0.519, rho=0.519); skinny 13551; plain HH shortest-vector baseline 25217

Trial 83: N=11984359458934380641 (64 bits), p=2216049443, q=5407983787
  m=1155 (primes<= 11), m0=6, X=m*m0=6930, S=[7, 11], t=2, M=77, rho=0.519, Y=2.000
  lambda0~6000.8, Lambda_R=84866, Lambda_S=4902, L*=169810
  RESULT: factor 2216049443  via collision mod p (multipoint gcd)  (0.9s)
  oracle (correct candidate): branch=regular, i in [0,2Lambda]=True, i==Q(k_p) mod ell=True, e* in E_R=True, alpha^e*==giant mod p=True
  giantsteps: regular=3424, skinny=896
  babysteps: sieved |E_R|=88214 of dense 169810 (ratio 0.519, rho=0.519); skinny 9805; plain HH shortest-vector baseline 18245

Trial 84: N=20091471623307968321 (65 bits), p=3428996327, q=5859286423
  m=1155 (primes<= 11), m0=6, X=m*m0=6930, S=[7, 11], t=2, M=77, rho=0.519, Y=2.000
  lambda0~7769.7, Lambda_R=109883, Lambda_S=6346, L*=219844
  RESULT: factor 3428996327  via collision mod p (multipoint gcd)  (1.3s)
  oracle (correct candidate): branch=regular, i in [0,2Lambda]=True, i==Q(k_p) mod ell=True, e* in E_R=True, alpha^e*==giant mod p=True
  giantsteps: regular=3264, skinny=1056
  babysteps: sieved |E_R|=114205 of dense 219844 (ratio 0.519, rho=0.519); skinny 12693; plain HH shortest-vector baseline 23621

Trial 85: N=28474861015717192397 (65 bits), p=4250241371, q=6699586807
  m=1155 (primes<= 11), m0=7, X=m*m0=8085, S=[7, 11], t=2, M=77, rho=0.519, Y=2.000
  lambda0~7340.2, Lambda_R=103809, Lambda_S=5996, L*=207696
  RESULT: factor 6699586807  via collision mod p (multipoint gcd)  (1.4s)
  oracle (correct candidate): branch=regular, i in [0,2Lambda]=True, i==Q(k_p) mod ell=True, e* in E_R=True, alpha^e*==giant mod p=True
  giantsteps: regular=4096, skinny=1184
  babysteps: sieved |E_R|=107895 of dense 207696 (ratio 0.519, rho=0.519); skinny 11993; plain HH shortest-vector baseline 22315

Trial 86: N=26522660472016714211 (65 bits), p=4165468283, q=6367269817
  m=1155 (primes<= 11), m0=7, X=m*m0=8085, S=[7, 11], t=2, M=77, rho=0.519, Y=2.000
  lambda0~7084.2, Lambda_R=100188, Lambda_S=5787, L*=200454
  RESULT: factor 6367269817  via collision mod p (multipoint gcd)  (1.4s)
  oracle (correct candidate): branch=regular, i in [0,2Lambda]=True, i==Q(k_p) mod ell=True, e* in E_R=True, alpha^e*==giant mod p=True
  giantsteps: regular=3968, skinny=1312
  babysteps: sieved |E_R|=104133 of dense 200454 (ratio 0.519, rho=0.519); skinny 11575; plain HH shortest-vector baseline 21537

Trial 87: N=13529053169733037771 (64 bits), p=2815433911, q=4805317261
  m=1155 (primes<= 11), m0=6, X=m*m0=6930, S=[7, 11], t=2, M=77, rho=0.519, Y=2.000
  lambda0~6375.8, Lambda_R=90170, Lambda_S=5208, L*=180418
  RESULT: factor 2815433911  via collision mod p (multipoint gcd)  (1.0s)
  oracle (correct candidate): branch=regular, i in [0,2Lambda]=True, i==Q(k_p) mod ell=True, e* in E_R=True, alpha^e*==giant mod p=True
  giantsteps: regular=3520, skinny=800
  babysteps: sieved |E_R|=93723 of dense 180418 (ratio 0.519, rho=0.519); skinny 10417; plain HH shortest-vector baseline 19385

Trial 88: N=19754425599636563471 (65 bits), p=2597113751, q=7606299721
  m=1155 (primes<= 11), m0=6, X=m*m0=6930, S=[7, 11], t=2, M=77, rho=0.519, Y=2.000
  lambda0~7704.3, Lambda_R=108958, Lambda_S=6293, L*=217994
  RESULT: factor 2597113751  via Lemma 3.11 certification  (0.0s)

Trial 89: N=10313859758644612279 (64 bits), p=3092065817, q=3335588687
  m=1155 (primes<= 11), m0=5, X=m*m0=5775, S=[7, 11], t=2, M=77, rho=0.519, Y=2.000
  lambda0~7317.8, Lambda_R=103492, Lambda_S=5977, L*=207062
  RESULT: factor 3335588687  via collision mod p (multipoint gcd)  (1.2s)
  oracle (correct candidate): branch=regular, i in [0,2Lambda]=True, i==Q(k_p) mod ell=True, e* in E_R=True, alpha^e*==giant mod p=True
  giantsteps: regular=3088, skinny=752
  babysteps: sieved |E_R|=107565 of dense 207062 (ratio 0.519, rho=0.519); skinny 11955; plain HH shortest-vector baseline 22247

Trial 90: N=20225306269572849301 (65 bits), p=2951365387, q=6852864223
  m=1155 (primes<= 11), m0=6, X=m*m0=6930, S=[7, 11], t=2, M=77, rho=0.519, Y=2.000
  lambda0~7795.6, Lambda_R=110248, Lambda_S=6368, L*=220574
  RESULT: factor 6852864223  via collision mod p (multipoint gcd)  (1.5s)
  oracle (correct candidate): branch=regular, i in [0,2Lambda]=True, i==Q(k_p) mod ell=True, e* in E_R=True, alpha^e*==giant mod p=True
  giantsteps: regular=3232, skinny=1088
  babysteps: sieved |E_R|=114584 of dense 220574 (ratio 0.519, rho=0.519); skinny 12737; plain HH shortest-vector baseline 23699

Trial 91: N=17264064887437600579 (64 bits), p=3874230049, q=4456127971
  m=1155 (primes<= 11), m0=6, X=m*m0=6930, S=[7, 11], t=2, M=77, rho=0.519, Y=2.000
  lambda0~7202.3, Lambda_R=101859, Lambda_S=5883, L*=203796
  RESULT: factor 3874230049  via collision mod p (multipoint gcd)  (1.2s)
  oracle (correct candidate): branch=skinny, i in [0,2Lambda]=True, i==Q(k_p) mod ell=True, e* in E_R=None, alpha^e*==giant mod p=True
  giantsteps: regular=3520, skinny=800
  babysteps: sieved |E_R|=105868 of dense 203796 (ratio 0.519, rho=0.519); skinny 11767; plain HH shortest-vector baseline 21897

Trial 92: N=18089112319865490511 (64 bits), p=2881586273, q=6277484207
  m=1155 (primes<= 11), m0=6, X=m*m0=6930, S=[7, 11], t=2, M=77, rho=0.519, Y=2.000
  lambda0~7372.4, Lambda_R=104264, Lambda_S=6022, L*=208606
  RESULT: factor 6277484207  via collision mod p (multipoint gcd)  (1.2s)
  oracle (correct candidate): branch=regular, i in [0,2Lambda]=True, i==Q(k_p) mod ell=True, e* in E_R=True, alpha^e*==giant mod p=True
  giantsteps: regular=3280, skinny=1040
  babysteps: sieved |E_R|=108367 of dense 208606 (ratio 0.519, rho=0.519); skinny 12045; plain HH shortest-vector baseline 22413

Trial 93: N=21899961542655183667 (65 bits), p=3705307037, q=5910430991
  m=1155 (primes<= 11), m0=6, X=m*m0=6930, S=[7, 11], t=2, M=77, rho=0.519, Y=2.000
  lambda0~8111.9, Lambda_R=114722, Lambda_S=6626, L*=229522
  RESULT: factor 5910430991  via collision mod p (multipoint gcd)  (1.4s)
  oracle (correct candidate): branch=regular, i in [0,2Lambda]=True, i==Q(k_p) mod ell=True, e* in E_R=True, alpha^e*==giant mod p=True
  giantsteps: regular=3472, skinny=848
  babysteps: sieved |E_R|=119232 of dense 229522 (ratio 0.519, rho=0.519); skinny 13253; plain HH shortest-vector baseline 24661

Trial 94: N=20525875376581085963 (65 bits), p=2595119539, q=7909414217
  m=1155 (primes<= 11), m0=6, X=m*m0=6930, S=[7, 11], t=2, M=77, rho=0.519, Y=2.000
  lambda0~7853.3, Lambda_R=111065, Lambda_S=6415, L*=222208
  RESULT: factor 7909414217  via exact match + Lemma 2.4  (0.2s)
  oracle (correct candidate): branch=regular, i in [0,2Lambda]=True, i==Q(k_p) mod ell=True, e* in E_R=True, alpha^e*==giant mod p=True
  giantsteps: regular=3344, skinny=976
  babysteps: sieved |E_R|=115433 of dense 222208 (ratio 0.519, rho=0.519); skinny 12831; plain HH shortest-vector baseline 23875

Trial 95: N=17143655875623133061 (64 bits), p=3104247383, q=5522644867
  m=1155 (primes<= 11), m0=6, X=m*m0=6930, S=[7, 11], t=2, M=77, rho=0.519, Y=2.000
  lambda0~7177.1, Lambda_R=101503, Lambda_S=5863, L*=203084
  RESULT: factor 3104247383  via collision mod p (multipoint gcd)  (1.1s)
  oracle (correct candidate): branch=regular, i in [0,2Lambda]=True, i==Q(k_p) mod ell=True, e* in E_R=True, alpha^e*==giant mod p=True
  giantsteps: regular=3424, skinny=896
  babysteps: sieved |E_R|=105499 of dense 203084 (ratio 0.519, rho=0.519); skinny 11727; plain HH shortest-vector baseline 21819

Trial 96: N=10791854658865771789 (64 bits), p=2715219197, q=3974579537
  m=1155 (primes<= 11), m0=6, X=m*m0=6930, S=[7, 11], t=2, M=77, rho=0.519, Y=2.000
  lambda0~5694.4, Lambda_R=80534, Lambda_S=4652, L*=161146
  RESULT: factor 2715219197  via collision mod p (multipoint gcd)  (0.9s)
  oracle (correct candidate): branch=regular, i in [0,2Lambda]=True, i==Q(k_p) mod ell=True, e* in E_R=True, alpha^e*==giant mod p=True
  giantsteps: regular=2992, skinny=1328
  babysteps: sieved |E_R|=83712 of dense 161146 (ratio 0.519, rho=0.519); skinny 9305; plain HH shortest-vector baseline 17313

Trial 97: N=18073446644379007493 (64 bits), p=3509107253, q=5150440081
  m=1155 (primes<= 11), m0=6, X=m*m0=6930, S=[7, 11], t=2, M=77, rho=0.519, Y=2.000
  lambda0~7369.2, Lambda_R=104219, Lambda_S=6019, L*=208516
  RESULT: factor 5150440081  via Lemma 3.11 certification  (0.0s)

Trial 98: N=17391619778945040637 (64 bits), p=3921569797, q=4434861721
  m=1155 (primes<= 11), m0=6, X=m*m0=6930, S=[7, 11], t=2, M=77, rho=0.519, Y=2.000
  lambda0~7228.9, Lambda_R=102234, Lambda_S=5905, L*=204546
  RESULT: factor 3921569797  via collision mod p (multipoint gcd)  (1.1s)
  oracle (correct candidate): branch=regular, i in [0,2Lambda]=True, i==Q(k_p) mod ell=True, e* in E_R=True, alpha^e*==giant mod p=True
  giantsteps: regular=3472, skinny=848
  babysteps: sieved |E_R|=106258 of dense 204546 (ratio 0.519, rho=0.519); skinny 11811; plain HH shortest-vector baseline 21977

Trial 99: N=29502903332811711211 (65 bits), p=4206418487, q=7013782253
  m=1155 (primes<= 11), m0=7, X=m*m0=8085, S=[7, 11], t=2, M=77, rho=0.519, Y=2.000
  lambda0~7471.6, Lambda_R=105667, Lambda_S=6103, L*=211412
  RESULT: factor 4206418487  via collision mod p (multipoint gcd)  (1.5s)
  oracle (correct candidate): branch=regular, i in [0,2Lambda]=True, i==Q(k_p) mod ell=True, e* in E_R=True, alpha^e*==giant mod p=True
  giantsteps: regular=3936, skinny=1344
  babysteps: sieved |E_R|=109824 of dense 211412 (ratio 0.519, rho=0.519); skinny 12207; plain HH shortest-vector baseline 22715

Trial 100: N=14057637873449230001 (64 bits), p=3311182139, q=4245504259
  m=1155 (primes<= 11), m0=6, X=m*m0=6930, S=[7, 11], t=2, M=77, rho=0.519, Y=2.000
  lambda0~6499.1, Lambda_R=91914, Lambda_S=5309, L*=183906
  RESULT: factor 4245504259  via collision mod p (multipoint gcd)  (1.1s)
  oracle (correct candidate): branch=regular, i in [0,2Lambda]=True, i==Q(k_p) mod ell=True, e* in E_R=True, alpha^e*==giant mod p=True
  giantsteps: regular=3424, skinny=896
  babysteps: sieved |E_R|=95537 of dense 183906 (ratio 0.519, rho=0.519); skinny 10619; plain HH shortest-vector baseline 19759

100/100 factored.
