
Trial 1: N=102860326667779489 (57 bits), p=248494511, q=413933999
  m=1155 (primes<= 11), m0=2, X=m*m0=2310, S=[7, 11], t=2, M=77, rho=0.519, Y=8.000
  lambda0~2888.7, Lambda_R=163413, Lambda_S=592, L*=326904
  RESULT: factor 413933999  via collision mod p (multipoint gcd)  (0.7s)
  oracle (correct candidate): branch=regular, i in [0,2Lambda]=True, i==Q(k_p) mod ell=True, e* in E_R=True, alpha^e*==giant mod p=True
  giantsteps: regular=1920, skinny=0
  babysteps: sieved |E_R|=169821 of dense 326904 (ratio 0.519, rho=0.519); skinny 1185; plain HH shortest-vector baseline 8785

Trial 2: N=97712802804780931 (57 bits), p=212615839, q=459574429
  m=1155 (primes<= 11), m0=2, X=m*m0=2310, S=[7, 11], t=2, M=77, rho=0.519, Y=8.000
  lambda0~2815.5, Lambda_R=159272, Lambda_S=577, L*=318622
  RESULT: factor 459574429  via collision mod p (multipoint gcd)  (0.7s)
  oracle (correct candidate): branch=regular, i in [0,2Lambda]=True, i==Q(k_p) mod ell=True, e* in E_R=True, alpha^e*==giant mod p=True
  giantsteps: regular=1904, skinny=16
  babysteps: sieved |E_R|=165519 of dense 318622 (ratio 0.519, rho=0.519); skinny 1155; plain HH shortest-vector baseline 8563

Trial 3: N=38018101311493783 (56 bits), p=149621803, q=254094661
  m=1155 (primes<= 11), m0=2, X=m*m0=2310, S=[7, 11], t=2, M=77, rho=0.519, Y=8.000
  lambda0~1756.2, Lambda_R=99349, Lambda_S=361, L*=198776
  RESULT: factor 254094661  via collision mod p (multipoint gcd)  (0.4s)
  oracle (correct candidate): branch=regular, i in [0,2Lambda]=True, i==Q(k_p) mod ell=True, e* in E_R=True, alpha^e*==giant mod p=True
  giantsteps: regular=1904, skinny=16
  babysteps: sieved |E_R|=103261 of dense 198776 (ratio 0.519, rho=0.519); skinny 723; plain HH shortest-vector baseline 5343

Trial 4: N=32637891663637417 (55 bits), p=176643367, q=184767151
  m=1155 (primes<= 11), m0=2, X=m*m0=2310, S=[7, 11], t=2, M=77, rho=0.519, Y=8.000
  lambda0~1627.2, Lambda_R=92051, Lambda_S=335, L*=184180
  RESULT: factor 176643367  via collision mod p (multipoint gcd)  (0.4s)
  oracle (correct candidate): branch=regular, i in [0,2Lambda]=True, i==Q(k_p) mod ell=True, e* in E_R=True, alpha^e*==giant mod p=True
  giantsteps: regular=1888, skinny=32
  babysteps: sieved |E_R|=95679 of dense 184180 (ratio 0.519, rho=0.519); skinny 671; plain HH shortest-vector baseline 4951

Trial 5: N=51033672080342671 (56 bits), p=155936471, q=327272201
  m=1155 (primes<= 11), m0=2, X=m*m0=2310, S=[7, 11], t=2, M=77, rho=0.519, Y=8.000
  lambda0~2034.7, Lambda_R=115105, Lambda_S=418, L*=230288
  RESULT: factor 155936471  via collision mod p (multipoint gcd)  (0.5s)
  oracle (correct candidate): branch=regular, i in [0,2Lambda]=True, i==Q(k_p) mod ell=True, e* in E_R=True, alpha^e*==giant mod p=True
  giantsteps: regular=1904, skinny=16
  babysteps: sieved |E_R|=119630 of dense 230288 (ratio 0.519, rho=0.519); skinny 837; plain HH shortest-vector baseline 6191

Trial 6: N=98638501148788589 (57 bits), p=268285469, q=367662481
  m=1155 (primes<= 11), m0=2, X=m*m0=2310, S=[7, 11], t=2, M=77, rho=0.519, Y=8.000
  lambda0~2828.8, Lambda_R=160025, Lambda_S=580, L*=320128
  RESULT: factor 367662481  via collision mod p (multipoint gcd)  (0.7s)
  oracle (correct candidate): branch=regular, i in [0,2Lambda]=True, i==Q(k_p) mod ell=True, e* in E_R=True, alpha^e*==giant mod p=True
  giantsteps: regular=1920, skinny=0
  babysteps: sieved |E_R|=166301 of dense 320128 (ratio 0.519, rho=0.519); skinny 1161; plain HH shortest-vector baseline 8603

Trial 7: N=136799019079025021 (57 bits), p=259270493, q=527630497
  m=1155 (primes<= 11), m0=2, X=m*m0=2310, S=[7, 11], t=2, M=77, rho=0.519, Y=8.000
  lambda0~3331.4, Lambda_R=188454, Lambda_S=683, L*=376986
  RESULT: factor 527630497  via collision mod p (multipoint gcd)  (0.8s)
  oracle (correct candidate): branch=regular, i in [0,2Lambda]=True, i==Q(k_p) mod ell=True, e* in E_R=True, alpha^e*==giant mod p=True
  giantsteps: regular=1904, skinny=16
  babysteps: sieved |E_R|=195838 of dense 376986 (ratio 0.519, rho=0.519); skinny 1367; plain HH shortest-vector baseline 10131

Trial 8: N=32682318387626081 (55 bits), p=135905983, q=240477407
  m=1155 (primes<= 11), m0=2, X=m*m0=2310, S=[7, 11], t=2, M=77, rho=0.519, Y=8.000
  lambda0~1628.3, Lambda_R=92114, Lambda_S=335, L*=184306
  RESULT: factor 135905983  via collision mod p (multipoint gcd)  (0.4s)
  oracle (correct candidate): branch=regular, i in [0,2Lambda]=True, i==Q(k_p) mod ell=True, e* in E_R=True, alpha^e*==giant mod p=True
  giantsteps: regular=1904, skinny=16
  babysteps: sieved |E_R|=95744 of dense 184306 (ratio 0.519, rho=0.519); skinny 671; plain HH shortest-vector baseline 4955

Trial 9: N=64943305108562807 (56 bits), p=199602203, q=325363669
  m=1155 (primes<= 11), m0=2, X=m*m0=2310, S=[7, 11], t=2, M=77, rho=0.519, Y=8.000
  lambda0~2295.4, Lambda_R=129847, Lambda_S=471, L*=259772
  RESULT: factor 325363669  via collision mod p (multipoint gcd)  (0.6s)
  oracle (correct candidate): branch=regular, i in [0,2Lambda]=True, i==Q(k_p) mod ell=True, e* in E_R=True, alpha^e*==giant mod p=True
  giantsteps: regular=1904, skinny=16
  babysteps: sieved |E_R|=134946 of dense 259772 (ratio 0.519, rho=0.519); skinny 943; plain HH shortest-vector baseline 6983

Trial 10: N=66461744097797467 (56 bits), p=139497773, q=476435879
  m=1155 (primes<= 11), m0=2, X=m*m0=2310, S=[7, 11], t=2, M=77, rho=0.519, Y=8.000
  lambda0~2322.0, Lambda_R=131356, Lambda_S=476, L*=262790
  RESULT: factor 139497773  via collision mod p (multipoint gcd)  (0.6s)
  oracle (correct candidate): branch=regular, i in [0,2Lambda]=True, i==Q(k_p) mod ell=True, e* in E_R=True, alpha^e*==giant mod p=True
  giantsteps: regular=1888, skinny=32
  babysteps: sieved |E_R|=136515 of dense 262790 (ratio 0.519, rho=0.519); skinny 953; plain HH shortest-vector baseline 7063

Trial 11: N=41901370206676969 (56 bits), p=175227127, q=239126047
  m=1155 (primes<= 11), m0=2, X=m*m0=2310, S=[7, 11], t=2, M=77, rho=0.519, Y=8.000
  lambda0~1843.7, Lambda_R=104299, Lambda_S=379, L*=208676
  RESULT: factor 239126047  via collision mod p (multipoint gcd)  (0.4s)
  oracle (correct candidate): branch=regular, i in [0,2Lambda]=True, i==Q(k_p) mod ell=True, e* in E_R=True, alpha^e*==giant mod p=True
  giantsteps: regular=1920, skinny=0
  babysteps: sieved |E_R|=108403 of dense 208676 (ratio 0.519, rho=0.519); skinny 759; plain HH shortest-vector baseline 5609

Trial 12: N=47415271214292199 (56 bits), p=166452367, q=284857897
  m=1155 (primes<= 11), m0=2, X=m*m0=2310, S=[7, 11], t=2, M=77, rho=0.519, Y=8.000
  lambda0~1961.3, Lambda_R=110950, Lambda_S=403, L*=221978
  RESULT: factor 166452367  via collision mod p (multipoint gcd)  (0.5s)
  oracle (correct candidate): branch=regular, i in [0,2Lambda]=True, i==Q(k_p) mod ell=True, e* in E_R=True, alpha^e*==giant mod p=True
  giantsteps: regular=1808, skinny=112
  babysteps: sieved |E_R|=115314 of dense 221978 (ratio 0.519, rho=0.519); skinny 807; plain HH shortest-vector baseline 5967

Trial 13: N=90807303123361997 (57 bits), p=246375707, q=368572471
  m=1155 (primes<= 11), m0=2, X=m*m0=2310, S=[7, 11], t=2, M=77, rho=0.519, Y=8.000
  lambda0~2714.2, Lambda_R=153541, Lambda_S=557, L*=307160
  RESULT: factor 368572471  via collision mod p (multipoint gcd)  (0.6s)
  oracle (correct candidate): branch=regular, i in [0,2Lambda]=True, i==Q(k_p) mod ell=True, e* in E_R=True, alpha^e*==giant mod p=True
  giantsteps: regular=1808, skinny=112
  babysteps: sieved |E_R|=159563 of dense 307160 (ratio 0.519, rho=0.519); skinny 1115; plain HH shortest-vector baseline 8255

Trial 14: N=54874396700910881 (56 bits), p=187416539, q=292793779
  m=1155 (primes<= 11), m0=2, X=m*m0=2310, S=[7, 11], t=2, M=77, rho=0.519, Y=8.000
  lambda0~2109.9, Lambda_R=119358, Lambda_S=433, L*=238794
  RESULT: factor 292793779  via collision mod p (multipoint gcd)  (0.5s)
  oracle (correct candidate): branch=regular, i in [0,2Lambda]=True, i==Q(k_p) mod ell=True, e* in E_R=True, alpha^e*==giant mod p=True
  giantsteps: regular=1888, skinny=32
  babysteps: sieved |E_R|=124050 of dense 238794 (ratio 0.519, rho=0.519); skinny 867; plain HH shortest-vector baseline 6419

Trial 15: N=38521962557743667 (56 bits), p=176537567, q=218208301
  m=1155 (primes<= 11), m0=2, X=m*m0=2310, S=[7, 11], t=2, M=77, rho=0.519, Y=8.000
  lambda0~1767.8, Lambda_R=100005, Lambda_S=363, L*=200088
  RESULT: factor 218208301  via collision mod p (multipoint gcd)  (0.4s)
  oracle (correct candidate): branch=regular, i in [0,2Lambda]=True, i==Q(k_p) mod ell=True, e* in E_R=True, alpha^e*==giant mod p=True
  giantsteps: regular=1808, skinny=112
  babysteps: sieved |E_R|=103942 of dense 200088 (ratio 0.519, rho=0.519); skinny 727; plain HH shortest-vector baseline 5379

Trial 16: N=83474460332184793 (57 bits), p=210489739, q=396572587
  m=1155 (primes<= 11), m0=2, X=m*m0=2310, S=[7, 11], t=2, M=77, rho=0.519, Y=8.000
  lambda0~2602.3, Lambda_R=147211, Lambda_S=534, L*=294500
  RESULT: factor 396572587  via collision mod p (multipoint gcd)  (0.6s)
  oracle (correct candidate): branch=regular, i in [0,2Lambda]=True, i==Q(k_p) mod ell=True, e* in E_R=True, alpha^e*==giant mod p=True
  giantsteps: regular=1920, skinny=0
  babysteps: sieved |E_R|=152987 of dense 294500 (ratio 0.519, rho=0.519); skinny 1069; plain HH shortest-vector baseline 7915

Trial 17: N=41470231491276233 (56 bits), p=197910569, q=209540257
  m=1155 (primes<= 11), m0=2, X=m*m0=2310, S=[7, 11], t=2, M=77, rho=0.519, Y=8.000
  lambda0~1834.2, Lambda_R=103761, Lambda_S=377, L*=207600
  RESULT: factor 209540257  via collision mod p (multipoint gcd)  (0.4s)
  oracle (correct candidate): branch=regular, i in [0,2Lambda]=True, i==Q(k_p) mod ell=True, e* in E_R=True, alpha^e*==giant mod p=True
  giantsteps: regular=1808, skinny=112
  babysteps: sieved |E_R|=107844 of dense 207600 (ratio 0.519, rho=0.519); skinny 755; plain HH shortest-vector baseline 5581

Trial 18: N=69980065861980697 (56 bits), p=223484531, q=313131587
  m=1155 (primes<= 11), m0=2, X=m*m0=2310, S=[7, 11], t=2, M=77, rho=0.519, Y=8.000
  lambda0~2382.7, Lambda_R=134788, Lambda_S=489, L*=269654
  RESULT: factor 223484531  via collision mod p (multipoint gcd)  (0.6s)
  oracle (correct candidate): branch=regular, i in [0,2Lambda]=True, i==Q(k_p) mod ell=True, e* in E_R=True, alpha^e*==giant mod p=True
  giantsteps: regular=1888, skinny=32
  babysteps: sieved |E_R|=140080 of dense 269654 (ratio 0.519, rho=0.519); skinny 979; plain HH shortest-vector baseline 7247

Trial 19: N=116815388566136719 (57 bits), p=254248921, q=459452839
  m=1155 (primes<= 11), m0=2, X=m*m0=2310, S=[7, 11], t=2, M=77, rho=0.519, Y=8.000
  lambda0~3078.4, Lambda_R=174146, Lambda_S=631, L*=348370
  RESULT: factor 254248921  via collision mod p (multipoint gcd)  (0.7s)
  oracle (correct candidate): branch=regular, i in [0,2Lambda]=True, i==Q(k_p) mod ell=True, e* in E_R=True, alpha^e*==giant mod p=True
  giantsteps: regular=1920, skinny=0
  babysteps: sieved |E_R|=180972 of dense 348370 (ratio 0.519, rho=0.519); skinny 1263; plain HH shortest-vector baseline 9363

Trial 20: N=31395479028611839 (55 bits), p=155180821, q=202315459
  m=1155 (primes<= 11), m0=2, X=m*m0=2310, S=[7, 11], t=2, M=77, rho=0.519, Y=8.000
  lambda0~1595.9, Lambda_R=90282, Lambda_S=328, L*=180642
  RESULT: factor 155180821  via collision mod p (multipoint gcd)  (0.4s)
  oracle (correct candidate): branch=regular, i in [0,2Lambda]=True, i==Q(k_p) mod ell=True, e* in E_R=True, alpha^e*==giant mod p=True
  giantsteps: regular=1808, skinny=112
  babysteps: sieved |E_R|=93840 of dense 180642 (ratio 0.519, rho=0.519); skinny 657; plain HH shortest-vector baseline 4857

Trial 21: N=77266377586229417 (57 bits), p=264398419, q=292234643
  m=1155 (primes<= 11), m0=2, X=m*m0=2310, S=[7, 11], t=2, M=77, rho=0.519, Y=8.000
  lambda0~2503.7, Lambda_R=141632, Lambda_S=514, L*=283342
  RESULT: factor 264398419  via collision mod p (multipoint gcd)  (0.6s)
  oracle (correct candidate): branch=regular, i in [0,2Lambda]=True, i==Q(k_p) mod ell=True, e* in E_R=True, alpha^e*==giant mod p=True
  giantsteps: regular=1904, skinny=16
  babysteps: sieved |E_R|=147191 of dense 283342 (ratio 0.519, rho=0.519); skinny 1029; plain HH shortest-vector baseline 7615

Trial 22: N=114326684324911571 (57 bits), p=226452377, q=504859723
  m=1155 (primes<= 11), m0=2, X=m*m0=2310, S=[7, 11], t=2, M=77, rho=0.519, Y=8.000
  lambda0~3045.5, Lambda_R=172281, Lambda_S=624, L*=344640
  RESULT: factor 226452377  via collision mod p (multipoint gcd)  (0.7s)
  oracle (correct candidate): branch=regular, i in [0,2Lambda]=True, i==Q(k_p) mod ell=True, e* in E_R=True, alpha^e*==giant mod p=True
  giantsteps: regular=1920, skinny=0
  babysteps: sieved |E_R|=179035 of dense 344640 (ratio 0.519, rho=0.519); skinny 1249; plain HH shortest-vector baseline 9263

Trial 23: N=68429122070284667 (56 bits), p=140229449, q=487979683
  m=1155 (primes<= 11), m0=2, X=m*m0=2310, S=[7, 11], t=2, M=77, rho=0.519, Y=8.000
  lambda0~2356.1, Lambda_R=133286, Lambda_S=483, L*=266650
  RESULT: factor 140229449  via collision mod p (multipoint gcd)  (0.6s)
  oracle (correct candidate): branch=regular, i in [0,2Lambda]=True, i==Q(k_p) mod ell=True, e* in E_R=True, alpha^e*==giant mod p=True
  giantsteps: regular=1904, skinny=16
  babysteps: sieved |E_R|=138520 of dense 266650 (ratio 0.519, rho=0.519); skinny 967; plain HH shortest-vector baseline 7167

Trial 24: N=127349769981895829 (57 bits), p=258812101, q=492054929
  m=1155 (primes<= 11), m0=2, X=m*m0=2310, S=[7, 11], t=2, M=77, rho=0.519, Y=8.000
  lambda0~3214.3, Lambda_R=181829, Lambda_S=659, L*=363736
  RESULT: factor 258812101  via collision mod p (multipoint gcd)  (0.8s)
  oracle (correct candidate): branch=regular, i in [0,2Lambda]=True, i==Q(k_p) mod ell=True, e* in E_R=True, alpha^e*==giant mod p=True
  giantsteps: regular=1904, skinny=16
  babysteps: sieved |E_R|=188955 of dense 363736 (ratio 0.519, rho=0.519); skinny 1319; plain HH shortest-vector baseline 9775

Trial 25: N=114894337969672829 (57 bits), p=232310171, q=494572999
  m=1155 (primes<= 11), m0=2, X=m*m0=2310, S=[7, 11], t=2, M=77, rho=0.519, Y=8.000
  lambda0~3053.0, Lambda_R=172708, Lambda_S=626, L*=345494
  RESULT: factor 232310171  via collision mod p (multipoint gcd)  (0.7s)
  oracle (correct candidate): branch=regular, i in [0,2Lambda]=True, i==Q(k_p) mod ell=True, e* in E_R=True, alpha^e*==giant mod p=True
  giantsteps: regular=1920, skinny=0
  babysteps: sieved |E_R|=179479 of dense 345494 (ratio 0.519, rho=0.519); skinny 1253; plain HH shortest-vector baseline 9285

Trial 26: N=135273354365502907 (57 bits), p=253065023, q=534539909
  m=1155 (primes<= 11), m0=2, X=m*m0=2310, S=[7, 11], t=2, M=77, rho=0.519, Y=8.000
  lambda0~3312.7, Lambda_R=187400, Lambda_S=679, L*=374878
  RESULT: factor 253065023  via exact match + Lemma 2.4  (0.2s)
  oracle (correct candidate): branch=regular, i in [0,2Lambda]=True, i==Q(k_p) mod ell=True, e* in E_R=True, alpha^e*==giant mod p=True
  giantsteps: regular=1920, skinny=0
  babysteps: sieved |E_R|=194742 of dense 374878 (ratio 0.519, rho=0.519); skinny 1359; plain HH shortest-vector baseline 10075

Trial 27: N=82370541479906917 (57 bits), p=207923437, q=396158041
  m=1155 (primes<= 11), m0=2, X=m*m0=2310, S=[7, 11], t=2, M=77, rho=0.519, Y=8.000
  lambda0~2585.0, Lambda_R=146235, Lambda_S=530, L*=292548
  RESULT: factor 396158041  via collision mod p (multipoint gcd)  (0.6s)
  oracle (correct candidate): branch=regular, i in [0,2Lambda]=True, i==Q(k_p) mod ell=True, e* in E_R=True, alpha^e*==giant mod p=True
  giantsteps: regular=1888, skinny=32
  babysteps: sieved |E_R|=151974 of dense 292548 (ratio 0.519, rho=0.519); skinny 1061; plain HH shortest-vector baseline 7863

Trial 28: N=62021315773572019 (56 bits), p=208722511, q=297147229
  m=1155 (primes<= 11), m0=2, X=m*m0=2310, S=[7, 11], t=2, M=77, rho=0.519, Y=8.000
  lambda0~2243.1, Lambda_R=126893, Lambda_S=460, L*=253864
  RESULT: factor 208722511  via collision mod p (multipoint gcd)  (0.5s)
  oracle (correct candidate): branch=regular, i in [0,2Lambda]=True, i==Q(k_p) mod ell=True, e* in E_R=True, alpha^e*==giant mod p=True
  giantsteps: regular=1920, skinny=0
  babysteps: sieved |E_R|=131879 of dense 253864 (ratio 0.519, rho=0.519); skinny 921; plain HH shortest-vector baseline 6823

Trial 29: N=51054245568453731 (56 bits), p=140987489, q=362118979
  m=1155 (primes<= 11), m0=2, X=m*m0=2310, S=[7, 11], t=2, M=77, rho=0.519, Y=8.000
  lambda0~2035.2, Lambda_R=115128, Lambda_S=418, L*=230334
  RESULT: factor 140987489  via collision mod p (multipoint gcd)  (0.5s)
  oracle (correct candidate): branch=regular, i in [0,2Lambda]=True, i==Q(k_p) mod ell=True, e* in E_R=True, alpha^e*==giant mod p=True
  giantsteps: regular=1920, skinny=0
  babysteps: sieved |E_R|=119655 of dense 230334 (ratio 0.519, rho=0.519); skinny 837; plain HH shortest-vector baseline 6191

Trial 30: N=50386265125823741 (56 bits), p=156171731, q=322633711
  m=1155 (primes<= 11), m0=2, X=m*m0=2310, S=[7, 11], t=2, M=77, rho=0.519, Y=8.000
  lambda0~2021.8, Lambda_R=114373, Lambda_S=415, L*=228824
  RESULT: factor 322633711  via collision mod p (multipoint gcd)  (0.5s)
  oracle (correct candidate): branch=regular, i in [0,2Lambda]=True, i==Q(k_p) mod ell=True, e* in E_R=True, alpha^e*==giant mod p=True
  giantsteps: regular=1904, skinny=16
  babysteps: sieved |E_R|=118870 of dense 228824 (ratio 0.519, rho=0.519); skinny 831; plain HH shortest-vector baseline 6151

Trial 31: N=32002985064629303 (55 bits), p=170176969, q=188057087
  m=1155 (primes<= 11), m0=2, X=m*m0=2310, S=[7, 11], t=2, M=77, rho=0.519, Y=8.000
  lambda0~1611.3, Lambda_R=91152, Lambda_S=331, L*=182382
  RESULT: factor 170176969  via collision mod p (multipoint gcd)  (0.4s)
  oracle (correct candidate): branch=regular, i in [0,2Lambda]=True, i==Q(k_p) mod ell=True, e* in E_R=True, alpha^e*==giant mod p=True
  giantsteps: regular=1808, skinny=112
  babysteps: sieved |E_R|=94744 of dense 182382 (ratio 0.519, rho=0.519); skinny 663; plain HH shortest-vector baseline 4903

Trial 32: N=120626956088690959 (57 bits), p=249966643, q=482572213
  m=1155 (primes<= 11), m0=2, X=m*m0=2310, S=[7, 11], t=2, M=77, rho=0.519, Y=8.000
  lambda0~3128.3, Lambda_R=176964, Lambda_S=641, L*=354006
  RESULT: factor 482572213  via collision mod p (multipoint gcd)  (0.8s)
  oracle (correct candidate): branch=regular, i in [0,2Lambda]=True, i==Q(k_p) mod ell=True, e* in E_R=True, alpha^e*==giant mod p=True
  giantsteps: regular=1904, skinny=16
  babysteps: sieved |E_R|=183900 of dense 354006 (ratio 0.519, rho=0.519); skinny 1283; plain HH shortest-vector baseline 9513

Trial 33: N=91138515605626759 (57 bits), p=212593253, q=428699003
  m=1155 (primes<= 11), m0=2, X=m*m0=2310, S=[7, 11], t=2, M=77, rho=0.519, Y=8.000
  lambda0~2719.1, Lambda_R=153821, Lambda_S=558, L*=307720
  RESULT: factor 212593253  via collision mod p (multipoint gcd)  (0.6s)
  oracle (correct candidate): branch=regular, i in [0,2Lambda]=True, i==Q(k_p) mod ell=True, e* in E_R=True, alpha^e*==giant mod p=True
  giantsteps: regular=1920, skinny=0
  babysteps: sieved |E_R|=159856 of dense 307720 (ratio 0.519, rho=0.519); skinny 1117; plain HH shortest-vector baseline 8271

Trial 34: N=64759927302243553 (56 bits), p=170143231, q=380620063
  m=1155 (primes<= 11), m0=2, X=m*m0=2310, S=[7, 11], t=2, M=77, rho=0.519, Y=8.000
  lambda0~2292.1, Lambda_R=129664, Lambda_S=470, L*=259406
  RESULT: factor 380620063  via collision mod p (multipoint gcd)  (0.6s)
  oracle (correct candidate): branch=regular, i in [0,2Lambda]=True, i==Q(k_p) mod ell=True, e* in E_R=True, alpha^e*==giant mod p=True
  giantsteps: regular=1904, skinny=16
  babysteps: sieved |E_R|=134757 of dense 259406 (ratio 0.519, rho=0.519); skinny 941; plain HH shortest-vector baseline 6973

Trial 35: N=79955606130801113 (57 bits), p=176416351, q=453221063
  m=1155 (primes<= 11), m0=2, X=m*m0=2310, S=[7, 11], t=2, M=77, rho=0.519, Y=8.000
  lambda0~2546.9, Lambda_R=144075, Lambda_S=522, L*=288228
  RESULT: factor 176416351  via Lemma 3.11 certification  (0.0s)

Trial 36: N=98085820792764769 (57 bits), p=254270713, q=385753513
  m=1155 (primes<= 11), m0=2, X=m*m0=2310, S=[7, 11], t=2, M=77, rho=0.519, Y=8.000
  lambda0~2820.9, Lambda_R=159576, Lambda_S=578, L*=319230
  RESULT: factor 385753513  via collision mod p (multipoint gcd)  (0.7s)
  oracle (correct candidate): branch=regular, i in [0,2Lambda]=True, i==Q(k_p) mod ell=True, e* in E_R=True, alpha^e*==giant mod p=True
  giantsteps: regular=1904, skinny=16
  babysteps: sieved |E_R|=165835 of dense 319230 (ratio 0.519, rho=0.519); skinny 1157; plain HH shortest-vector baseline 8579

Trial 37: N=80165728020912949 (57 bits), p=220243861, q=363986209
  m=1155 (primes<= 11), m0=2, X=m*m0=2310, S=[7, 11], t=2, M=77, rho=0.519, Y=8.000
  lambda0~2550.2, Lambda_R=144264, Lambda_S=523, L*=288606
  RESULT: factor 363986209  via collision mod p (multipoint gcd)  (0.6s)
  oracle (correct candidate): branch=regular, i in [0,2Lambda]=True, i==Q(k_p) mod ell=True, e* in E_R=True, alpha^e*==giant mod p=True
  giantsteps: regular=1920, skinny=0
  babysteps: sieved |E_R|=149926 of dense 288606 (ratio 0.519, rho=0.519); skinny 1047; plain HH shortest-vector baseline 7757

Trial 38: N=85420600481599633 (57 bits), p=185303413, q=460976941
  m=1155 (primes<= 11), m0=2, X=m*m0=2310, S=[7, 11], t=2, M=77, rho=0.519, Y=8.000
  lambda0~2632.5, Lambda_R=148917, Lambda_S=540, L*=297912
  RESULT: factor 460976941  via collision mod p (multipoint gcd)  (0.6s)
  oracle (correct candidate): branch=regular, i in [0,2Lambda]=True, i==Q(k_p) mod ell=True, e* in E_R=True, alpha^e*==giant mod p=True
  giantsteps: regular=1888, skinny=32
  babysteps: sieved |E_R|=154760 of dense 297912 (ratio 0.519, rho=0.519); skinny 1081; plain HH shortest-vector baseline 8007

Trial 39: N=108591649701425419 (57 bits), p=207654631, q=522943549
  m=1155 (primes<= 11), m0=2, X=m*m0=2310, S=[7, 11], t=2, M=77, rho=0.519, Y=8.000
  lambda0~2968.1, Lambda_R=167904, Lambda_S=608, L*=335886
  RESULT: factor 207654631  via collision mod p (multipoint gcd)  (0.7s)
  oracle (correct candidate): branch=regular, i in [0,2Lambda]=True, i==Q(k_p) mod ell=True, e* in E_R=True, alpha^e*==giant mod p=True
  giantsteps: regular=1808, skinny=112
  babysteps: sieved |E_R|=174487 of dense 335886 (ratio 0.519, rho=0.519); skinny 1217; plain HH shortest-vector baseline 9027

Trial 40: N=41474781923594009 (56 bits), p=183721093, q=225748613
  m=1155 (primes<= 11), m0=2, X=m*m0=2310, S=[7, 11], t=2, M=77, rho=0.519, Y=8.000
  lambda0~1834.3, Lambda_R=103767, Lambda_S=377, L*=207612
  RESULT: factor 183721093  via collision mod p (multipoint gcd)  (0.5s)
  oracle (correct candidate): branch=regular, i in [0,2Lambda]=True, i==Q(k_p) mod ell=True, e* in E_R=True, alpha^e*==giant mod p=True
  giantsteps: regular=1904, skinny=16
  babysteps: sieved |E_R|=107851 of dense 207612 (ratio 0.519, rho=0.519); skinny 755; plain HH shortest-vector baseline 5581

Trial 41: N=31573393572668267 (55 bits), p=151148443, q=208889969
  m=1155 (primes<= 11), m0=2, X=m*m0=2310, S=[7, 11], t=2, M=77, rho=0.519, Y=8.000
  lambda0~1600.5, Lambda_R=90538, Lambda_S=329, L*=181154
  RESULT: factor 208889969  via collision mod p (multipoint gcd)  (0.4s)
  oracle (correct candidate): branch=regular, i in [0,2Lambda]=True, i==Q(k_p) mod ell=True, e* in E_R=True, alpha^e*==giant mod p=True
  giantsteps: regular=1904, skinny=16
  babysteps: sieved |E_R|=94106 of dense 181154 (ratio 0.519, rho=0.519); skinny 659; plain HH shortest-vector baseline 4871

Trial 42: N=118253390219730761 (57 bits), p=264510899, q=447064339
  m=1155 (primes<= 11), m0=2, X=m*m0=2310, S=[7, 11], t=2, M=77, rho=0.519, Y=8.000
  lambda0~3097.3, Lambda_R=175214, Lambda_S=635, L*=350506
  RESULT: factor 447064339  via collision mod p (multipoint gcd)  (0.7s)
  oracle (correct candidate): branch=regular, i in [0,2Lambda]=True, i==Q(k_p) mod ell=True, e* in E_R=True, alpha^e*==giant mod p=True
  giantsteps: regular=1920, skinny=0
  babysteps: sieved |E_R|=182082 of dense 350506 (ratio 0.519, rho=0.519); skinny 1271; plain HH shortest-vector baseline 9419

Trial 43: N=69816514360306957 (56 bits), p=216298499, q=322778543
  m=1155 (primes<= 11), m0=2, X=m*m0=2310, S=[7, 11], t=2, M=77, rho=0.519, Y=8.000
  lambda0~2379.9, Lambda_R=134631, Lambda_S=488, L*=269340
  RESULT: factor 322778543  via collision mod p (multipoint gcd)  (0.6s)
  oracle (correct candidate): branch=regular, i in [0,2Lambda]=True, i==Q(k_p) mod ell=True, e* in E_R=True, alpha^e*==giant mod p=True
  giantsteps: regular=1888, skinny=32
  babysteps: sieved |E_R|=139918 of dense 269340 (ratio 0.519, rho=0.519); skinny 977; plain HH shortest-vector baseline 7239

Trial 44: N=88340236039618711 (57 bits), p=184095413, q=479861147
  m=1155 (primes<= 11), m0=2, X=m*m0=2310, S=[7, 11], t=2, M=77, rho=0.519, Y=8.000
  lambda0~2677.1, Lambda_R=151441, Lambda_S=549, L*=302960
  RESULT: factor 479861147  via collision mod p (multipoint gcd)  (0.6s)
  oracle (correct candidate): branch=regular, i in [0,2Lambda]=True, i==Q(k_p) mod ell=True, e* in E_R=True, alpha^e*==giant mod p=True
  giantsteps: regular=1808, skinny=112
  babysteps: sieved |E_R|=157382 of dense 302960 (ratio 0.519, rho=0.519); skinny 1099; plain HH shortest-vector baseline 8143

Trial 45: N=103779439041388199 (57 bits), p=220590871, q=470461169
  m=1155 (primes<= 11), m0=2, X=m*m0=2310, S=[7, 11], t=2, M=77, rho=0.519, Y=8.000
  lambda0~2901.6, Lambda_R=164142, Lambda_S=595, L*=328362
  RESULT: factor 220590871  via collision mod p (multipoint gcd)  (0.7s)
  oracle (correct candidate): branch=regular, i in [0,2Lambda]=True, i==Q(k_p) mod ell=True, e* in E_R=True, alpha^e*==giant mod p=True
  giantsteps: regular=1904, skinny=16
  babysteps: sieved |E_R|=170578 of dense 328362 (ratio 0.519, rho=0.519); skinny 1191; plain HH shortest-vector baseline 8825

Trial 46: N=92053171062966551 (57 bits), p=209141909, q=440146939
  m=1155 (primes<= 11), m0=2, X=m*m0=2310, S=[7, 11], t=2, M=77, rho=0.519, Y=8.000
  lambda0~2732.8, Lambda_R=154591, Lambda_S=560, L*=309260
  RESULT: factor 440146939  via Lemma 3.11 certification  (0.0s)

Trial 47: N=87279392804277133 (57 bits), p=228414559, q=382109587
  m=1155 (primes<= 11), m0=2, X=m*m0=2310, S=[7, 11], t=2, M=77, rho=0.519, Y=8.000
  lambda0~2661.0, Lambda_R=150529, Lambda_S=546, L*=301136
  RESULT: factor 228414559  via collision mod p (multipoint gcd)  (0.6s)
  oracle (correct candidate): branch=regular, i in [0,2Lambda]=True, i==Q(k_p) mod ell=True, e* in E_R=True, alpha^e*==giant mod p=True
  giantsteps: regular=1888, skinny=32
  babysteps: sieved |E_R|=156435 of dense 301136 (ratio 0.519, rho=0.519); skinny 1093; plain HH shortest-vector baseline 8093

Trial 48: N=86297395134102461 (57 bits), p=169275371, q=509804791
  m=1155 (primes<= 11), m0=2, X=m*m0=2310, S=[7, 11], t=2, M=77, rho=0.519, Y=8.000
  lambda0~2645.9, Lambda_R=149680, Lambda_S=543, L*=299438
  RESULT: factor 169275371  via Lemma 3.11 certification  (0.0s)

Trial 49: N=111948313661428021 (57 bits), p=215809361, q=518737061
  m=1155 (primes<= 11), m0=2, X=m*m0=2310, S=[7, 11], t=2, M=77, rho=0.519, Y=8.000
  lambda0~3013.6, Lambda_R=170480, Lambda_S=618, L*=341038
  RESULT: factor 215809361  via collision mod p (multipoint gcd)  (0.7s)
  oracle (correct candidate): branch=regular, i in [0,2Lambda]=True, i==Q(k_p) mod ell=True, e* in E_R=True, alpha^e*==giant mod p=True
  giantsteps: regular=1920, skinny=0
  babysteps: sieved |E_R|=177163 of dense 341038 (ratio 0.519, rho=0.519); skinny 1237; plain HH shortest-vector baseline 9165

Trial 50: N=55807904045866741 (56 bits), p=198118937, q=281688893
  m=1155 (primes<= 11), m0=2, X=m*m0=2310, S=[7, 11], t=2, M=77, rho=0.519, Y=8.000
  lambda0~2127.8, Lambda_R=120369, Lambda_S=437, L*=240816
  RESULT: factor 281688893  via collision mod p (multipoint gcd)  (0.5s)
  oracle (correct candidate): branch=regular, i in [0,2Lambda]=True, i==Q(k_p) mod ell=True, e* in E_R=True, alpha^e*==giant mod p=True
  giantsteps: regular=1904, skinny=16
  babysteps: sieved |E_R|=125100 of dense 240816 (ratio 0.519, rho=0.519); skinny 875; plain HH shortest-vector baseline 6473

Trial 51: N=37193315624728969 (56 bits), p=159826189, q=232711021
  m=1155 (primes<= 11), m0=2, X=m*m0=2310, S=[7, 11], t=2, M=77, rho=0.519, Y=8.000
  lambda0~1737.1, Lambda_R=98265, Lambda_S=357, L*=196608
  RESULT: factor 232711021  via collision mod p (multipoint gcd)  (0.4s)
  oracle (correct candidate): branch=regular, i in [0,2Lambda]=True, i==Q(k_p) mod ell=True, e* in E_R=True, alpha^e*==giant mod p=True
  giantsteps: regular=1904, skinny=16
  babysteps: sieved |E_R|=102135 of dense 196608 (ratio 0.519, rho=0.519); skinny 715; plain HH shortest-vector baseline 5285

Trial 52: N=100677195576706237 (57 bits), p=229363087, q=438942451
  m=1155 (primes<= 11), m0=2, X=m*m0=2310, S=[7, 11], t=2, M=77, rho=0.519, Y=8.000
  lambda0~2857.9, Lambda_R=161670, Lambda_S=586, L*=323418
  RESULT: factor 229363087  via collision mod p (multipoint gcd)  (0.7s)
  oracle (correct candidate): branch=regular, i in [0,2Lambda]=True, i==Q(k_p) mod ell=True, e* in E_R=True, alpha^e*==giant mod p=True
  giantsteps: regular=1888, skinny=32
  babysteps: sieved |E_R|=168010 of dense 323418 (ratio 0.519, rho=0.519); skinny 1173; plain HH shortest-vector baseline 8693

Trial 53: N=62869243889246539 (56 bits), p=226860169, q=277127731
  m=1155 (primes<= 11), m0=2, X=m*m0=2310, S=[7, 11], t=2, M=77, rho=0.519, Y=8.000
  lambda0~2258.4, Lambda_R=127757, Lambda_S=463, L*=255592
  RESULT: factor 226860169  via collision mod p (multipoint gcd)  (0.5s)
  oracle (correct candidate): branch=regular, i in [0,2Lambda]=True, i==Q(k_p) mod ell=True, e* in E_R=True, alpha^e*==giant mod p=True
  giantsteps: regular=1904, skinny=16
  babysteps: sieved |E_R|=132776 of dense 255592 (ratio 0.519, rho=0.519); skinny 927; plain HH shortest-vector baseline 6871

Trial 54: N=52070516262364823 (56 bits), p=135255047, q=384980209
  m=1155 (primes<= 11), m0=2, X=m*m0=2310, S=[7, 11], t=2, M=77, rho=0.519, Y=8.000
  lambda0~2055.3, Lambda_R=116269, Lambda_S=422, L*=232616
  RESULT: factor 384980209  via collision mod p (multipoint gcd)  (0.5s)
  oracle (correct candidate): branch=regular, i in [0,2Lambda]=True, i==Q(k_p) mod ell=True, e* in E_R=True, alpha^e*==giant mod p=True
  giantsteps: regular=1904, skinny=16
  babysteps: sieved |E_R|=120840 of dense 232616 (ratio 0.519, rho=0.519); skinny 845; plain HH shortest-vector baseline 6253

Trial 55: N=55523573207808533 (56 bits), p=199233941, q=278685313
  m=1155 (primes<= 11), m0=2, X=m*m0=2310, S=[7, 11], t=2, M=77, rho=0.519, Y=8.000
  lambda0~2122.4, Lambda_R=120062, Lambda_S=436, L*=240202
  RESULT: factor 199233941  via exact match + Lemma 2.4  (0.1s)
  oracle (correct candidate): branch=regular, i in [0,2Lambda]=True, i==Q(k_p) mod ell=True, e* in E_R=True, alpha^e*==giant mod p=True
  giantsteps: regular=1904, skinny=16
  babysteps: sieved |E_R|=124781 of dense 240202 (ratio 0.519, rho=0.519); skinny 873; plain HH shortest-vector baseline 6457

Trial 56: N=125285583268129169 (57 bits), p=249528701, q=502088869
  m=1155 (primes<= 11), m0=2, X=m*m0=2310, S=[7, 11], t=2, M=77, rho=0.519, Y=8.000
  lambda0~3188.1, Lambda_R=180349, Lambda_S=653, L*=360776
  RESULT: factor 249528701  via collision mod p (multipoint gcd)  (0.8s)
  oracle (correct candidate): branch=regular, i in [0,2Lambda]=True, i==Q(k_p) mod ell=True, e* in E_R=True, alpha^e*==giant mod p=True
  giantsteps: regular=1920, skinny=0
  babysteps: sieved |E_R|=187418 of dense 360776 (ratio 0.519, rho=0.519); skinny 1307; plain HH shortest-vector baseline 9695

Trial 57: N=24199434511994249 (55 bits), p=152741647, q=158433767
  m=1155 (primes<= 11), m0=2, X=m*m0=2310, S=[7, 11], t=2, M=77, rho=0.519, Y=8.000
  lambda0~1401.2, Lambda_R=79264, Lambda_S=289, L*=158606
  RESULT: factor 152741647  via collision mod p (multipoint gcd)  (0.4s)
  oracle (correct candidate): branch=regular, i in [0,2Lambda]=True, i==Q(k_p) mod ell=True, e* in E_R=True, alpha^e*==giant mod p=True
  giantsteps: regular=1920, skinny=0
  babysteps: sieved |E_R|=82393 of dense 158606 (ratio 0.519, rho=0.519); skinny 579; plain HH shortest-vector baseline 4265

Trial 58: N=77676288969842867 (57 bits), p=205984897, q=377097011
  m=1155 (primes<= 11), m0=2, X=m*m0=2310, S=[7, 11], t=2, M=77, rho=0.519, Y=8.000
  lambda0~2510.3, Lambda_R=142007, Lambda_S=515, L*=284092
  RESULT: factor 205984897  via collision mod p (multipoint gcd)  (0.6s)
  oracle (correct candidate): branch=regular, i in [0,2Lambda]=True, i==Q(k_p) mod ell=True, e* in E_R=True, alpha^e*==giant mod p=True
  giantsteps: regular=1904, skinny=16
  babysteps: sieved |E_R|=147581 of dense 284092 (ratio 0.519, rho=0.519); skinny 1031; plain HH shortest-vector baseline 7635

Trial 59: N=85446922218023813 (57 bits), p=224975717, q=379805089
  m=1155 (primes<= 11), m0=2, X=m*m0=2310, S=[7, 11], t=2, M=77, rho=0.519, Y=8.000
  lambda0~2632.9, Lambda_R=148940, Lambda_S=540, L*=297958
  RESULT: factor 224975717  via collision mod p (multipoint gcd)  (0.6s)
  oracle (correct candidate): branch=regular, i in [0,2Lambda]=True, i==Q(k_p) mod ell=True, e* in E_R=True, alpha^e*==giant mod p=True
  giantsteps: regular=1904, skinny=16
  babysteps: sieved |E_R|=154784 of dense 297958 (ratio 0.519, rho=0.519); skinny 1081; plain HH shortest-vector baseline 8009

Trial 60: N=45592885675811011 (56 bits), p=182505539, q=249816449
  m=1155 (primes<= 11), m0=2, X=m*m0=2310, S=[7, 11], t=2, M=77, rho=0.519, Y=8.000
  lambda0~1923.2, Lambda_R=108797, Lambda_S=395, L*=217672
  RESULT: factor 182505539  via collision mod p (multipoint gcd)  (0.5s)
  oracle (correct candidate): branch=regular, i in [0,2Lambda]=True, i==Q(k_p) mod ell=True, e* in E_R=True, alpha^e*==giant mod p=True
  giantsteps: regular=1904, skinny=16
  babysteps: sieved |E_R|=113077 of dense 217672 (ratio 0.519, rho=0.519); skinny 791; plain HH shortest-vector baseline 5851

Trial 61: N=43720276834473509 (56 bits), p=182627891, q=239395399
  m=1155 (primes<= 11), m0=2, X=m*m0=2310, S=[7, 11], t=2, M=77, rho=0.519, Y=8.000
  lambda0~1883.3, Lambda_R=106539, Lambda_S=387, L*=213156
  RESULT: factor 182627891  via collision mod p (multipoint gcd)  (0.5s)
  oracle (correct candidate): branch=regular, i in [0,2Lambda]=True, i==Q(k_p) mod ell=True, e* in E_R=True, alpha^e*==giant mod p=True
  giantsteps: regular=1920, skinny=0
  babysteps: sieved |E_R|=110731 of dense 213156 (ratio 0.519, rho=0.519); skinny 775; plain HH shortest-vector baseline 5731

Trial 62: N=65605903726308443 (56 bits), p=180647473, q=363170891
  m=1155 (primes<= 11), m0=2, X=m*m0=2310, S=[7, 11], t=2, M=77, rho=0.519, Y=8.000
  lambda0~2307.0, Lambda_R=130508, Lambda_S=473, L*=261094
  RESULT: factor 180647473  via exact match + Lemma 2.4  (0.2s)
  oracle (correct candidate): branch=regular, i in [0,2Lambda]=True, i==Q(k_p) mod ell=True, e* in E_R=True, alpha^e*==giant mod p=True
  giantsteps: regular=1904, skinny=16
  babysteps: sieved |E_R|=135634 of dense 261094 (ratio 0.519, rho=0.519); skinny 947; plain HH shortest-vector baseline 7017

Trial 63: N=29212487144259173 (55 bits), p=135773663, q=215155771
  m=1155 (primes<= 11), m0=2, X=m*m0=2310, S=[7, 11], t=2, M=77, rho=0.519, Y=8.000
  lambda0~1539.5, Lambda_R=87087, Lambda_S=317, L*=174252
  RESULT: factor 135773663  via collision mod p (multipoint gcd)  (0.4s)
  oracle (correct candidate): branch=regular, i in [0,2Lambda]=True, i==Q(k_p) mod ell=True, e* in E_R=True, alpha^e*==giant mod p=True
  giantsteps: regular=1904, skinny=16
  babysteps: sieved |E_R|=90521 of dense 174252 (ratio 0.519, rho=0.519); skinny 635; plain HH shortest-vector baseline 4685

Trial 64: N=82221170529071923 (57 bits), p=162936691, q=504620353
  m=1155 (primes<= 11), m0=2, X=m*m0=2310, S=[7, 11], t=2, M=77, rho=0.519, Y=8.000
  lambda0~2582.7, Lambda_R=146102, Lambda_S=530, L*=292282
  RESULT: factor 162936691  via collision mod p (multipoint gcd)  (0.6s)
  oracle (correct candidate): branch=regular, i in [0,2Lambda]=True, i==Q(k_p) mod ell=True, e* in E_R=True, alpha^e*==giant mod p=True
  giantsteps: regular=1888, skinny=32
  babysteps: sieved |E_R|=151835 of dense 292282 (ratio 0.519, rho=0.519); skinny 1061; plain HH shortest-vector baseline 7855

Trial 65: N=119475182018489677 (57 bits), p=231804467, q=515413631
  m=1155 (primes<= 11), m0=2, X=m*m0=2310, S=[7, 11], t=2, M=77, rho=0.519, Y=8.000
  lambda0~3113.3, Lambda_R=176117, Lambda_S=638, L*=352312
  RESULT: factor 515413631  via collision mod p (multipoint gcd)  (0.7s)
  oracle (correct candidate): branch=regular, i in [0,2Lambda]=True, i==Q(k_p) mod ell=True, e* in E_R=True, alpha^e*==giant mod p=True
  giantsteps: regular=1904, skinny=16
  babysteps: sieved |E_R|=183020 of dense 352312 (ratio 0.519, rho=0.519); skinny 1277; plain HH shortest-vector baseline 9469

Trial 66: N=73647227799518207 (57 bits), p=252810419, q=291314053
  m=1155 (primes<= 11), m0=2, X=m*m0=2310, S=[7, 11], t=2, M=77, rho=0.519, Y=8.000
  lambda0~2444.3, Lambda_R=138275, Lambda_S=501, L*=276628
  RESULT: factor 252810419  via collision mod p (multipoint gcd)  (0.6s)
  oracle (correct candidate): branch=skinny, i in [0,2Lambda]=True, i==Q(k_p) mod ell=True, e* in E_R=None, alpha^e*==giant mod p=True
  giantsteps: regular=1808, skinny=112
  babysteps: sieved |E_R|=143703 of dense 276628 (ratio 0.519, rho=0.519); skinny 1003; plain HH shortest-vector baseline 7435

Trial 67: N=36564347680884851 (56 bits), p=182610853, q=200230967
  m=1155 (primes<= 11), m0=2, X=m*m0=2310, S=[7, 11], t=2, M=77, rho=0.519, Y=8.000
  lambda0~1722.3, Lambda_R=97431, Lambda_S=354, L*=194940
  RESULT: factor 200230967  via collision mod p (multipoint gcd)  (0.4s)
  oracle (correct candidate): branch=regular, i in [0,2Lambda]=True, i==Q(k_p) mod ell=True, e* in E_R=True, alpha^e*==giant mod p=True
  giantsteps: regular=1904, skinny=16
  babysteps: sieved |E_R|=101267 of dense 194940 (ratio 0.519, rho=0.519); skinny 709; plain HH shortest-vector baseline 5241

Trial 68: N=103223815684731253 (57 bits), p=198608407, q=519735379
  m=1155 (primes<= 11), m0=2, X=m*m0=2310, S=[7, 11], t=2, M=77, rho=0.519, Y=8.000
  lambda0~2893.8, Lambda_R=163702, Lambda_S=593, L*=327482
  RESULT: factor 519735379  via collision mod p (multipoint gcd)  (0.7s)
  oracle (correct candidate): branch=regular, i in [0,2Lambda]=True, i==Q(k_p) mod ell=True, e* in E_R=True, alpha^e*==giant mod p=True
  giantsteps: regular=1904, skinny=16
  babysteps: sieved |E_R|=170121 of dense 327482 (ratio 0.519, rho=0.519); skinny 1187; plain HH shortest-vector baseline 8801

Trial 69: N=117907968813942569 (57 bits), p=222855041, q=529079209
  m=1155 (primes<= 11), m0=2, X=m*m0=2310, S=[7, 11], t=2, M=77, rho=0.519, Y=8.000
  lambda0~3092.8, Lambda_R=174958, Lambda_S=634, L*=349994
  RESULT: factor 222855041  via collision mod p (multipoint gcd)  (0.7s)
  oracle (correct candidate): branch=regular, i in [0,2Lambda]=True, i==Q(k_p) mod ell=True, e* in E_R=True, alpha^e*==giant mod p=True
  giantsteps: regular=1904, skinny=16
  babysteps: sieved |E_R|=181816 of dense 349994 (ratio 0.519, rho=0.519); skinny 1269; plain HH shortest-vector baseline 9407

Trial 70: N=19562588541242503 (55 bits), p=139818521, q=139914143
  m=1155 (primes<= 11), m0=2, X=m*m0=2310, S=[7, 11], t=2, M=77, rho=0.519, Y=8.000
  lambda0~1259.8, Lambda_R=71266, Lambda_S=260, L*=142610
  RESULT: factor 139818521  via collision mod p (multipoint gcd)  (0.3s)
  oracle (correct candidate): branch=regular, i in [0,2Lambda]=True, i==Q(k_p) mod ell=True, e* in E_R=True, alpha^e*==giant mod p=True
  giantsteps: regular=1920, skinny=0
  babysteps: sieved |E_R|=74083 of dense 142610 (ratio 0.519, rho=0.519); skinny 521; plain HH shortest-vector baseline 3835

Trial 71: N=104539224084745867 (57 bits), p=249428149, q=419115583
  m=1155 (primes<= 11), m0=2, X=m*m0=2310, S=[7, 11], t=2, M=77, rho=0.519, Y=8.000
  lambda0~2912.2, Lambda_R=164742, Lambda_S=597, L*=329562
  RESULT: factor 249428149  via collision mod p (multipoint gcd)  (0.7s)
  oracle (correct candidate): branch=regular, i in [0,2Lambda]=True, i==Q(k_p) mod ell=True, e* in E_R=True, alpha^e*==giant mod p=True
  giantsteps: regular=1904, skinny=16
  babysteps: sieved |E_R|=171202 of dense 329562 (ratio 0.519, rho=0.519); skinny 1195; plain HH shortest-vector baseline 8857

Trial 72: N=101040947902637879 (57 bits), p=257367091, q=392594669
  m=1155 (primes<= 11), m0=2, X=m*m0=2310, S=[7, 11], t=2, M=77, rho=0.519, Y=8.000
  lambda0~2863.1, Lambda_R=161962, Lambda_S=587, L*=324002
  RESULT: factor 257367091  via collision mod p (multipoint gcd)  (0.7s)
  oracle (correct candidate): branch=regular, i in [0,2Lambda]=True, i==Q(k_p) mod ell=True, e* in E_R=True, alpha^e*==giant mod p=True
  giantsteps: regular=1904, skinny=16
  babysteps: sieved |E_R|=168313 of dense 324002 (ratio 0.519, rho=0.519); skinny 1175; plain HH shortest-vector baseline 8707

Trial 73: N=86661315783997457 (57 bits), p=253688101, q=341605757
  m=1155 (primes<= 11), m0=2, X=m*m0=2310, S=[7, 11], t=2, M=77, rho=0.519, Y=8.000
  lambda0~2651.5, Lambda_R=149995, Lambda_S=544, L*=300068
  RESULT: factor 253688101  via collision mod p (multipoint gcd)  (0.6s)
  oracle (correct candidate): branch=regular, i in [0,2Lambda]=True, i==Q(k_p) mod ell=True, e* in E_R=True, alpha^e*==giant mod p=True
  giantsteps: regular=1904, skinny=16
  babysteps: sieved |E_R|=155880 of dense 300068 (ratio 0.519, rho=0.519); skinny 1089; plain HH shortest-vector baseline 8065

Trial 74: N=63638938175629889 (56 bits), p=202152893, q=314805973
  m=1155 (primes<= 11), m0=2, X=m*m0=2310, S=[7, 11], t=2, M=77, rho=0.519, Y=8.000
  lambda0~2272.2, Lambda_R=128537, Lambda_S=466, L*=257152
  RESULT: factor 314805973  via collision mod p (multipoint gcd)  (0.6s)
  oracle (correct candidate): branch=regular, i in [0,2Lambda]=True, i==Q(k_p) mod ell=True, e* in E_R=True, alpha^e*==giant mod p=True
  giantsteps: regular=1920, skinny=0
  babysteps: sieved |E_R|=133585 of dense 257152 (ratio 0.519, rho=0.519); skinny 933; plain HH shortest-vector baseline 6911

Trial 75: N=57707976013987801 (56 bits), p=171204749, q=337069949
  m=1155 (primes<= 11), m0=2, X=m*m0=2310, S=[7, 11], t=2, M=77, rho=0.519, Y=8.000
  lambda0~2163.7, Lambda_R=122401, Lambda_S=444, L*=244880
  RESULT: factor 171204749  via collision mod p (multipoint gcd)  (0.5s)
  oracle (correct candidate): branch=regular, i in [0,2Lambda]=True, i==Q(k_p) mod ell=True, e* in E_R=True, alpha^e*==giant mod p=True
  giantsteps: regular=1904, skinny=16
  babysteps: sieved |E_R|=127211 of dense 244880 (ratio 0.519, rho=0.519); skinny 889; plain HH shortest-vector baseline 6583

Trial 76: N=118041805640647277 (57 bits), p=263013923, q=448804399
  m=1155 (primes<= 11), m0=2, X=m*m0=2310, S=[7, 11], t=2, M=77, rho=0.519, Y=8.000
  lambda0~3094.6, Lambda_R=175058, Lambda_S=634, L*=350194
  RESULT: factor 448804399  via collision mod p (multipoint gcd)  (0.7s)
  oracle (correct candidate): branch=regular, i in [0,2Lambda]=True, i==Q(k_p) mod ell=True, e* in E_R=True, alpha^e*==giant mod p=True
  giantsteps: regular=1904, skinny=16
  babysteps: sieved |E_R|=181920 of dense 350194 (ratio 0.519, rho=0.519); skinny 1269; plain HH shortest-vector baseline 9411

Trial 77: N=76731553862623057 (57 bits), p=219025837, q=350331061
  m=1155 (primes<= 11), m0=2, X=m*m0=2310, S=[7, 11], t=2, M=77, rho=0.519, Y=8.000
  lambda0~2495.0, Lambda_R=141141, Lambda_S=512, L*=282360
  RESULT: factor 219025837  via collision mod p (multipoint gcd)  (0.6s)
  oracle (correct candidate): branch=regular, i in [0,2Lambda]=True, i==Q(k_p) mod ell=True, e* in E_R=True, alpha^e*==giant mod p=True
  giantsteps: regular=1888, skinny=32
  babysteps: sieved |E_R|=146681 of dense 282360 (ratio 0.519, rho=0.519); skinny 1025; plain HH shortest-vector baseline 7589

Trial 78: N=29365812006328253 (55 bits), p=139663009, q=210261917
  m=1155 (primes<= 11), m0=2, X=m*m0=2310, S=[7, 11], t=2, M=77, rho=0.519, Y=8.000
  lambda0~1543.5, Lambda_R=87315, Lambda_S=318, L*=174708
  RESULT: factor 139663009  via collision mod p (multipoint gcd)  (0.4s)
  oracle (correct candidate): branch=regular, i in [0,2Lambda]=True, i==Q(k_p) mod ell=True, e* in E_R=True, alpha^e*==giant mod p=True
  giantsteps: regular=1904, skinny=16
  babysteps: sieved |E_R|=90759 of dense 174708 (ratio 0.519, rho=0.519); skinny 637; plain HH shortest-vector baseline 4697

Trial 79: N=79166370640010039 (57 bits), p=172525831, q=458866769
  m=1155 (primes<= 11), m0=2, X=m*m0=2310, S=[7, 11], t=2, M=77, rho=0.519, Y=8.000
  lambda0~2534.3, Lambda_R=143362, Lambda_S=520, L*=286802
  RESULT: factor 172525831  via collision mod p (multipoint gcd)  (0.6s)
  oracle (correct candidate): branch=regular, i in [0,2Lambda]=True, i==Q(k_p) mod ell=True, e* in E_R=True, alpha^e*==giant mod p=True
  giantsteps: regular=1904, skinny=16
  babysteps: sieved |E_R|=148988 of dense 286802 (ratio 0.519, rho=0.519); skinny 1041; plain HH shortest-vector baseline 7709

Trial 80: N=57481452873982447 (56 bits), p=137058877, q=419392411
  m=1155 (primes<= 11), m0=2, X=m*m0=2310, S=[7, 11], t=2, M=77, rho=0.519, Y=8.000
  lambda0~2159.5, Lambda_R=122160, Lambda_S=443, L*=244398
  RESULT: factor 419392411  via collision mod p (multipoint gcd)  (0.5s)
  oracle (correct candidate): branch=regular, i in [0,2Lambda]=True, i==Q(k_p) mod ell=True, e* in E_R=True, alpha^e*==giant mod p=True
  giantsteps: regular=1904, skinny=16
  babysteps: sieved |E_R|=126960 of dense 244398 (ratio 0.519, rho=0.519); skinny 887; plain HH shortest-vector baseline 6569

Trial 81: N=73297587096646921 (57 bits), p=262789547, q=278921243
  m=1155 (primes<= 11), m0=2, X=m*m0=2310, S=[7, 11], t=2, M=77, rho=0.519, Y=8.000
  lambda0~2438.5, Lambda_R=137946, Lambda_S=500, L*=275970
  RESULT: factor 262789547  via collision mod p (multipoint gcd)  (0.6s)
  oracle (correct candidate): branch=regular, i in [0,2Lambda]=True, i==Q(k_p) mod ell=True, e* in E_R=True, alpha^e*==giant mod p=True
  giantsteps: regular=1920, skinny=0
  babysteps: sieved |E_R|=143362 of dense 275970 (ratio 0.519, rho=0.519); skinny 1001; plain HH shortest-vector baseline 7417

Trial 82: N=66734084402878097 (56 bits), p=172232941, q=387464117
  m=1155 (primes<= 11), m0=2, X=m*m0=2310, S=[7, 11], t=2, M=77, rho=0.519, Y=8.000
  lambda0~2326.8, Lambda_R=131625, Lambda_S=477, L*=263328
  RESULT: factor 172232941  via collision mod p (multipoint gcd)  (0.6s)
  oracle (correct candidate): branch=regular, i in [0,2Lambda]=True, i==Q(k_p) mod ell=True, e* in E_R=True, alpha^e*==giant mod p=True
  giantsteps: regular=1808, skinny=112
  babysteps: sieved |E_R|=136795 of dense 263328 (ratio 0.519, rho=0.519); skinny 955; plain HH shortest-vector baseline 7077

Trial 83: N=31571975945000209 (55 bits), p=139780099, q=225868891
  m=1155 (primes<= 11), m0=2, X=m*m0=2310, S=[7, 11], t=2, M=77, rho=0.519, Y=8.000
  lambda0~1600.4, Lambda_R=90536, Lambda_S=329, L*=181150
  RESULT: factor 225868891  via collision mod p (multipoint gcd)  (0.4s)
  oracle (correct candidate): branch=regular, i in [0,2Lambda]=True, i==Q(k_p) mod ell=True, e* in E_R=True, alpha^e*==giant mod p=True
  giantsteps: regular=1904, skinny=16
  babysteps: sieved |E_R|=94104 of dense 181150 (ratio 0.519, rho=0.519); skinny 659; plain HH shortest-vector baseline 4871

Trial 84: N=39145804312024591 (56 bits), p=181928437, q=215171443
  m=1155 (primes<= 11), m0=2, X=m*m0=2310, S=[7, 11], t=2, M=77, rho=0.519, Y=8.000
  lambda0~1782.1, Lambda_R=100812, Lambda_S=366, L*=201702
  RESULT: factor 181928437  via collision mod p (multipoint gcd)  (0.4s)
  oracle (correct candidate): branch=regular, i in [0,2Lambda]=True, i==Q(k_p) mod ell=True, e* in E_R=True, alpha^e*==giant mod p=True
  giantsteps: regular=1904, skinny=16
  babysteps: sieved |E_R|=104781 of dense 201702 (ratio 0.519, rho=0.519); skinny 733; plain HH shortest-vector baseline 5423

Trial 85: N=76838120621865671 (57 bits), p=252344899, q=304496429
  m=1155 (primes<= 11), m0=2, X=m*m0=2310, S=[7, 11], t=2, M=77, rho=0.519, Y=8.000
  lambda0~2496.7, Lambda_R=141238, Lambda_S=512, L*=282554
  RESULT: factor 304496429  via collision mod p (multipoint gcd)  (0.6s)
  oracle (correct candidate): branch=regular, i in [0,2Lambda]=True, i==Q(k_p) mod ell=True, e* in E_R=True, alpha^e*==giant mod p=True
  giantsteps: regular=1888, skinny=32
  babysteps: sieved |E_R|=146781 of dense 282554 (ratio 0.519, rho=0.519); skinny 1025; plain HH shortest-vector baseline 7595

Trial 86: N=51186116345677559 (56 bits), p=185928961, q=275299319
  m=1155 (primes<= 11), m0=2, X=m*m0=2310, S=[7, 11], t=2, M=77, rho=0.519, Y=8.000
  lambda0~2037.8, Lambda_R=115277, Lambda_S=418, L*=230632
  RESULT: factor 275299319  via exact match + Lemma 2.4  (0.1s)
  oracle (correct candidate): branch=regular, i in [0,2Lambda]=True, i==Q(k_p) mod ell=True, e* in E_R=True, alpha^e*==giant mod p=True
  giantsteps: regular=1904, skinny=16
  babysteps: sieved |E_R|=119810 of dense 230632 (ratio 0.519, rho=0.519); skinny 837; plain HH shortest-vector baseline 6199

Trial 87: N=53877366509826187 (56 bits), p=186068527, q=289556581
  m=1155 (primes<= 11), m0=2, X=m*m0=2310, S=[7, 11], t=2, M=77, rho=0.519, Y=8.000
  lambda0~2090.7, Lambda_R=118269, Lambda_S=429, L*=236616
  RESULT: factor 289556581  via collision mod p (multipoint gcd)  (0.5s)
  oracle (correct candidate): branch=regular, i in [0,2Lambda]=True, i==Q(k_p) mod ell=True, e* in E_R=True, alpha^e*==giant mod p=True
  giantsteps: regular=1888, skinny=32
  babysteps: sieved |E_R|=122919 of dense 236616 (ratio 0.519, rho=0.519); skinny 859; plain HH shortest-vector baseline 6361

Trial 88: N=74445743941814117 (57 bits), p=210829211, q=353109247
  m=1155 (primes<= 11), m0=2, X=m*m0=2310, S=[7, 11], t=2, M=77, rho=0.519, Y=8.000
  lambda0~2457.5, Lambda_R=139022, Lambda_S=504, L*=278122
  RESULT: factor 210829211  via collision mod p (multipoint gcd)  (0.6s)
  oracle (correct candidate): branch=regular, i in [0,2Lambda]=True, i==Q(k_p) mod ell=True, e* in E_R=True, alpha^e*==giant mod p=True
  giantsteps: regular=1904, skinny=16
  babysteps: sieved |E_R|=144480 of dense 278122 (ratio 0.519, rho=0.519); skinny 1009; plain HH shortest-vector baseline 7475

Trial 89: N=80874752644045231 (57 bits), p=209888411, q=385322621
  m=1155 (primes<= 11), m0=2, X=m*m0=2310, S=[7, 11], t=2, M=77, rho=0.519, Y=8.000
  lambda0~2561.5, Lambda_R=144901, Lambda_S=525, L*=289880
  RESULT: factor 385322621  via collision mod p (multipoint gcd)  (0.6s)
  oracle (correct candidate): branch=regular, i in [0,2Lambda]=True, i==Q(k_p) mod ell=True, e* in E_R=True, alpha^e*==giant mod p=True
  giantsteps: regular=1808, skinny=112
  babysteps: sieved |E_R|=150587 of dense 289880 (ratio 0.519, rho=0.519); skinny 1051; plain HH shortest-vector baseline 7791

Trial 90: N=84441924059798611 (57 bits), p=268163431, q=314889781
  m=1155 (primes<= 11), m0=2, X=m*m0=2310, S=[7, 11], t=2, M=77, rho=0.519, Y=8.000
  lambda0~2617.3, Lambda_R=148062, Lambda_S=537, L*=296202
  RESULT: factor 268163431  via collision mod p (multipoint gcd)  (0.6s)
  oracle (correct candidate): branch=regular, i in [0,2Lambda]=True, i==Q(k_p) mod ell=True, e* in E_R=True, alpha^e*==giant mod p=True
  giantsteps: regular=1904, skinny=16
  babysteps: sieved |E_R|=153871 of dense 296202 (ratio 0.519, rho=0.519); skinny 1075; plain HH shortest-vector baseline 7961

Trial 91: N=87256481322826589 (57 bits), p=216645307, q=402761927
  m=1155 (primes<= 11), m0=2, X=m*m0=2310, S=[7, 11], t=2, M=77, rho=0.519, Y=8.000
  lambda0~2660.6, Lambda_R=150509, Lambda_S=546, L*=301096
  RESULT: factor 402761927  via collision mod p (multipoint gcd)  (0.6s)
  oracle (correct candidate): branch=regular, i in [0,2Lambda]=True, i==Q(k_p) mod ell=True, e* in E_R=True, alpha^e*==giant mod p=True
  giantsteps: regular=1904, skinny=16
  babysteps: sieved |E_R|=156415 of dense 301096 (ratio 0.519, rho=0.519); skinny 1093; plain HH shortest-vector baseline 8093

Trial 92: N=103533371709243809 (57 bits), p=264598283, q=391285123
  m=1155 (primes<= 11), m0=2, X=m*m0=2310, S=[7, 11], t=2, M=77, rho=0.519, Y=8.000
  lambda0~2898.2, Lambda_R=163947, Lambda_S=594, L*=327972
  RESULT: factor 391285123  via collision mod p (multipoint gcd)  (0.7s)
  oracle (correct candidate): branch=regular, i in [0,2Lambda]=True, i==Q(k_p) mod ell=True, e* in E_R=True, alpha^e*==giant mod p=True
  giantsteps: regular=1904, skinny=16
  babysteps: sieved |E_R|=170376 of dense 327972 (ratio 0.519, rho=0.519); skinny 1189; plain HH shortest-vector baseline 8815

Trial 93: N=85405899126457067 (57 bits), p=246668119, q=346238093
  m=1155 (primes<= 11), m0=2, X=m*m0=2310, S=[7, 11], t=2, M=77, rho=0.519, Y=8.000
  lambda0~2632.2, Lambda_R=148905, Lambda_S=540, L*=297888
  RESULT: factor 346238093  via collision mod p (multipoint gcd)  (0.6s)
  oracle (correct candidate): branch=regular, i in [0,2Lambda]=True, i==Q(k_p) mod ell=True, e* in E_R=True, alpha^e*==giant mod p=True
  giantsteps: regular=1904, skinny=16
  babysteps: sieved |E_R|=154747 of dense 297888 (ratio 0.519, rho=0.519); skinny 1081; plain HH shortest-vector baseline 8007

Trial 94: N=79429374814029011 (57 bits), p=205207157, q=387069223
  m=1155 (primes<= 11), m0=2, X=m*m0=2310, S=[7, 11], t=2, M=77, rho=0.519, Y=8.000
  lambda0~2538.5, Lambda_R=143600, Lambda_S=521, L*=287278
  RESULT: factor 387069223  via collision mod p (multipoint gcd)  (0.6s)
  oracle (correct candidate): branch=regular, i in [0,2Lambda]=True, i==Q(k_p) mod ell=True, e* in E_R=True, alpha^e*==giant mod p=True
  giantsteps: regular=1920, skinny=0
  babysteps: sieved |E_R|=149236 of dense 287278 (ratio 0.519, rho=0.519); skinny 1043; plain HH shortest-vector baseline 7721

Trial 95: N=117312392400970619 (57 bits), p=238978847, q=490890277
  m=1155 (primes<= 11), m0=2, X=m*m0=2310, S=[7, 11], t=2, M=77, rho=0.519, Y=8.000
  lambda0~3085.0, Lambda_R=174516, Lambda_S=632, L*=349110
  RESULT: factor 490890277  via collision mod p (multipoint gcd)  (0.7s)
  oracle (correct candidate): branch=regular, i in [0,2Lambda]=True, i==Q(k_p) mod ell=True, e* in E_R=True, alpha^e*==giant mod p=True
  giantsteps: regular=1888, skinny=32
  babysteps: sieved |E_R|=181356 of dense 349110 (ratio 0.519, rho=0.519); skinny 1265; plain HH shortest-vector baseline 9383

Trial 96: N=66640624001948081 (56 bits), p=215069831, q=309855751
  m=1155 (primes<= 11), m0=2, X=m*m0=2310, S=[7, 11], t=2, M=77, rho=0.519, Y=8.000
  lambda0~2325.2, Lambda_R=131533, Lambda_S=477, L*=263144
  RESULT: factor 215069831  via collision mod p (multipoint gcd)  (0.6s)
  oracle (correct candidate): branch=regular, i in [0,2Lambda]=True, i==Q(k_p) mod ell=True, e* in E_R=True, alpha^e*==giant mod p=True
  giantsteps: regular=1920, skinny=0
  babysteps: sieved |E_R|=136699 of dense 263144 (ratio 0.519, rho=0.519); skinny 955; plain HH shortest-vector baseline 7073

Trial 97: N=62331772546883981 (56 bits), p=234185359, q=266164259
  m=1155 (primes<= 11), m0=2, X=m*m0=2310, S=[7, 11], t=2, M=77, rho=0.519, Y=8.000
  lambda0~2248.7, Lambda_R=127210, Lambda_S=462, L*=254498
  RESULT: factor 234185359  via collision mod p (multipoint gcd)  (0.6s)
  oracle (correct candidate): branch=regular, i in [0,2Lambda]=True, i==Q(k_p) mod ell=True, e* in E_R=True, alpha^e*==giant mod p=True
  giantsteps: regular=1904, skinny=16
  babysteps: sieved |E_R|=132207 of dense 254498 (ratio 0.519, rho=0.519); skinny 925; plain HH shortest-vector baseline 6841

Trial 98: N=68529955800622781 (56 bits), p=148976687, q=460004563
  m=1155 (primes<= 11), m0=2, X=m*m0=2310, S=[7, 11], t=2, M=77, rho=0.519, Y=8.000
  lambda0~2357.9, Lambda_R=133385, Lambda_S=484, L*=266848
  RESULT: factor 148976687  via collision mod p (multipoint gcd)  (0.6s)
  oracle (correct candidate): branch=regular, i in [0,2Lambda]=True, i==Q(k_p) mod ell=True, e* in E_R=True, alpha^e*==giant mod p=True
  giantsteps: regular=1904, skinny=16
  babysteps: sieved |E_R|=138623 of dense 266848 (ratio 0.519, rho=0.519); skinny 969; plain HH shortest-vector baseline 7173

Trial 99: N=66828155689803337 (56 bits), p=210280489, q=317804833
  m=1155 (primes<= 11), m0=2, X=m*m0=2310, S=[7, 11], t=2, M=77, rho=0.519, Y=8.000
  lambda0~2328.4, Lambda_R=131718, Lambda_S=478, L*=263514
  RESULT: factor 210280489  via collision mod p (multipoint gcd)  (0.6s)
  oracle (correct candidate): branch=regular, i in [0,2Lambda]=True, i==Q(k_p) mod ell=True, e* in E_R=True, alpha^e*==giant mod p=True
  giantsteps: regular=1920, skinny=0
  babysteps: sieved |E_R|=136891 of dense 263514 (ratio 0.519, rho=0.519); skinny 957; plain HH shortest-vector baseline 7083

Trial 100: N=43789624515239279 (56 bits), p=194017099, q=225699821
  m=1155 (primes<= 11), m0=2, X=m*m0=2310, S=[7, 11], t=2, M=77, rho=0.519, Y=8.000
  lambda0~1884.8, Lambda_R=106623, Lambda_S=387, L*=213324
  RESULT: factor 194017099  via collision mod p (multipoint gcd)  (0.4s)
  oracle (correct candidate): branch=regular, i in [0,2Lambda]=True, i==Q(k_p) mod ell=True, e* in E_R=True, alpha^e*==giant mod p=True
  giantsteps: regular=1888, skinny=32
  babysteps: sieved |E_R|=110818 of dense 213324 (ratio 0.519, rho=0.519); skinny 775; plain HH shortest-vector baseline 5735

100/100 factored.
