
Trial 1: N=102860326667779489 (57 bits), p=248494511, q=413933999
  m=1155 (primes<= 11), m0=2, X=m*m0=2310, S=[7, 11], t=2, M=77, rho=0.519, Y=5.000
  lambda0~2888.7, Lambda_R=102134, Lambda_S=946, L*=204346
  RESULT: factor 413933999  via collision mod p (multipoint gcd)  (0.4s)
  oracle (correct candidate): branch=regular, i in [0,2Lambda]=True, i==Q(k_p) mod ell=True, e* in E_R=True, alpha^e*==giant mod p=True
  giantsteps: regular=1888, skinny=32
  babysteps: sieved |E_R|=106155 of dense 204346 (ratio 0.519, rho=0.519); skinny 1893; plain HH shortest-vector baseline 8785

Trial 2: N=97712802804780931 (57 bits), p=212615839, q=459574429
  m=1155 (primes<= 11), m0=2, X=m*m0=2310, S=[7, 11], t=2, M=77, rho=0.519, Y=5.000
  lambda0~2815.5, Lambda_R=99546, Lambda_S=922, L*=199170
  RESULT: factor 212615839  via collision mod p (multipoint gcd)  (0.4s)
  oracle (correct candidate): branch=regular, i in [0,2Lambda]=True, i==Q(k_p) mod ell=True, e* in E_R=True, alpha^e*==giant mod p=True
  giantsteps: regular=1840, skinny=80
  babysteps: sieved |E_R|=103464 of dense 199170 (ratio 0.519, rho=0.519); skinny 1845; plain HH shortest-vector baseline 8563

Trial 3: N=38018101311493783 (56 bits), p=149621803, q=254094661
  m=1155 (primes<= 11), m0=2, X=m*m0=2310, S=[7, 11], t=2, M=77, rho=0.519, Y=5.000
  lambda0~1756.2, Lambda_R=62094, Lambda_S=576, L*=124266
  RESULT: factor 254094661  via collision mod p (multipoint gcd)  (0.3s)
  oracle (correct candidate): branch=regular, i in [0,2Lambda]=True, i==Q(k_p) mod ell=True, e* in E_R=True, alpha^e*==giant mod p=True
  giantsteps: regular=1872, skinny=48
  babysteps: sieved |E_R|=64555 of dense 124266 (ratio 0.519, rho=0.519); skinny 1153; plain HH shortest-vector baseline 5343

Trial 4: N=32637891663637417 (55 bits), p=176643367, q=184767151
  m=1155 (primes<= 11), m0=2, X=m*m0=2310, S=[7, 11], t=2, M=77, rho=0.519, Y=5.000
  lambda0~1627.2, Lambda_R=57533, Lambda_S=534, L*=115144
  RESULT: factor 184767151  via collision mod p (multipoint gcd)  (0.2s)
  oracle (correct candidate): branch=regular, i in [0,2Lambda]=True, i==Q(k_p) mod ell=True, e* in E_R=True, alpha^e*==giant mod p=True
  giantsteps: regular=1792, skinny=128
  babysteps: sieved |E_R|=59816 of dense 115144 (ratio 0.519, rho=0.519); skinny 1069; plain HH shortest-vector baseline 4951

Trial 5: N=51033672080342671 (56 bits), p=155936471, q=327272201
  m=1155 (primes<= 11), m0=2, X=m*m0=2310, S=[7, 11], t=2, M=77, rho=0.519, Y=5.000
  lambda0~2034.7, Lambda_R=71942, Lambda_S=667, L*=143962
  RESULT: factor 327272201  via collision mod p (multipoint gcd)  (0.3s)
  oracle (correct candidate): branch=regular, i in [0,2Lambda]=True, i==Q(k_p) mod ell=True, e* in E_R=True, alpha^e*==giant mod p=True
  giantsteps: regular=1840, skinny=80
  babysteps: sieved |E_R|=74785 of dense 143962 (ratio 0.519, rho=0.519); skinny 1335; plain HH shortest-vector baseline 6191

Trial 6: N=98638501148788589 (57 bits), p=268285469, q=367662481
  m=1155 (primes<= 11), m0=2, X=m*m0=2310, S=[7, 11], t=2, M=77, rho=0.519, Y=5.000
  lambda0~2828.8, Lambda_R=100016, Lambda_S=926, L*=200110
  RESULT: factor 367662481  via collision mod p (multipoint gcd)  (0.4s)
  oracle (correct candidate): branch=regular, i in [0,2Lambda]=True, i==Q(k_p) mod ell=True, e* in E_R=True, alpha^e*==giant mod p=True
  giantsteps: regular=1856, skinny=64
  babysteps: sieved |E_R|=103954 of dense 200110 (ratio 0.519, rho=0.519); skinny 1853; plain HH shortest-vector baseline 8603

Trial 7: N=136799019079025021 (57 bits), p=259270493, q=527630497
  m=1155 (primes<= 11), m0=2, X=m*m0=2310, S=[7, 11], t=2, M=77, rho=0.519, Y=5.000
  lambda0~3331.4, Lambda_R=117784, Lambda_S=1091, L*=235646
  RESULT: factor 527630497  via collision mod p (multipoint gcd)  (0.5s)
  oracle (correct candidate): branch=regular, i in [0,2Lambda]=True, i==Q(k_p) mod ell=True, e* in E_R=True, alpha^e*==giant mod p=True
  giantsteps: regular=1872, skinny=48
  babysteps: sieved |E_R|=122415 of dense 235646 (ratio 0.519, rho=0.519); skinny 2183; plain HH shortest-vector baseline 10131

Trial 8: N=32682318387626081 (55 bits), p=135905983, q=240477407
  m=1155 (primes<= 11), m0=2, X=m*m0=2310, S=[7, 11], t=2, M=77, rho=0.519, Y=5.000
  lambda0~1628.3, Lambda_R=57572, Lambda_S=534, L*=115222
  RESULT: factor 135905983  via collision mod p (multipoint gcd)  (0.3s)
  oracle (correct candidate): branch=regular, i in [0,2Lambda]=True, i==Q(k_p) mod ell=True, e* in E_R=True, alpha^e*==giant mod p=True
  giantsteps: regular=1872, skinny=48
  babysteps: sieved |E_R|=59857 of dense 115222 (ratio 0.519, rho=0.519); skinny 1069; plain HH shortest-vector baseline 4955

Trial 9: N=64943305108562807 (56 bits), p=199602203, q=325363669
  m=1155 (primes<= 11), m0=2, X=m*m0=2310, S=[7, 11], t=2, M=77, rho=0.519, Y=5.000
  lambda0~2295.4, Lambda_R=81155, Lambda_S=752, L*=162388
  RESULT: factor 325363669  via collision mod p (multipoint gcd)  (0.4s)
  oracle (correct candidate): branch=regular, i in [0,2Lambda]=True, i==Q(k_p) mod ell=True, e* in E_R=True, alpha^e*==giant mod p=True
  giantsteps: regular=1872, skinny=48
  babysteps: sieved |E_R|=84359 of dense 162388 (ratio 0.519, rho=0.519); skinny 1505; plain HH shortest-vector baseline 6983

Trial 10: N=66461744097797467 (56 bits), p=139497773, q=476435879
  m=1155 (primes<= 11), m0=2, X=m*m0=2310, S=[7, 11], t=2, M=77, rho=0.519, Y=5.000
  lambda0~2322.0, Lambda_R=82099, Lambda_S=761, L*=164276
  RESULT: factor 476435879  via collision mod p (multipoint gcd)  (0.4s)
  oracle (correct candidate): branch=regular, i in [0,2Lambda]=True, i==Q(k_p) mod ell=True, e* in E_R=True, alpha^e*==giant mod p=True
  giantsteps: regular=1792, skinny=128
  babysteps: sieved |E_R|=85339 of dense 164276 (ratio 0.519, rho=0.519); skinny 1523; plain HH shortest-vector baseline 7063

Trial 11: N=41901370206676969 (56 bits), p=175227127, q=239126047
  m=1155 (primes<= 11), m0=2, X=m*m0=2310, S=[7, 11], t=2, M=77, rho=0.519, Y=5.000
  lambda0~1843.7, Lambda_R=65188, Lambda_S=605, L*=130454
  RESULT: factor 239126047  via collision mod p (multipoint gcd)  (0.3s)
  oracle (correct candidate): branch=regular, i in [0,2Lambda]=True, i==Q(k_p) mod ell=True, e* in E_R=True, alpha^e*==giant mod p=True
  giantsteps: regular=1888, skinny=32
  babysteps: sieved |E_R|=67769 of dense 130454 (ratio 0.519, rho=0.519); skinny 1211; plain HH shortest-vector baseline 5609

Trial 12: N=47415271214292199 (56 bits), p=166452367, q=284857897
  m=1155 (primes<= 11), m0=2, X=m*m0=2310, S=[7, 11], t=2, M=77, rho=0.519, Y=5.000
  lambda0~1961.3, Lambda_R=69344, Lambda_S=643, L*=138766
  RESULT: factor 166452367  via collision mod p (multipoint gcd)  (0.3s)
  oracle (correct candidate): branch=regular, i in [0,2Lambda]=True, i==Q(k_p) mod ell=True, e* in E_R=True, alpha^e*==giant mod p=True
  giantsteps: regular=1680, skinny=240
  babysteps: sieved |E_R|=72087 of dense 138766 (ratio 0.519, rho=0.519); skinny 1287; plain HH shortest-vector baseline 5967

Trial 13: N=90807303123361997 (57 bits), p=246375707, q=368572471
  m=1155 (primes<= 11), m0=2, X=m*m0=2310, S=[7, 11], t=2, M=77, rho=0.519, Y=5.000
  lambda0~2714.2, Lambda_R=95964, Lambda_S=889, L*=192006
  RESULT: factor 368572471  via collision mod p (multipoint gcd)  (0.4s)
  oracle (correct candidate): branch=regular, i in [0,2Lambda]=True, i==Q(k_p) mod ell=True, e* in E_R=True, alpha^e*==giant mod p=True
  giantsteps: regular=1744, skinny=176
  babysteps: sieved |E_R|=99744 of dense 192006 (ratio 0.519, rho=0.519); skinny 1779; plain HH shortest-vector baseline 8255

Trial 14: N=54874396700910881 (56 bits), p=187416539, q=292793779
  m=1155 (primes<= 11), m0=2, X=m*m0=2310, S=[7, 11], t=2, M=77, rho=0.519, Y=5.000
  lambda0~2109.9, Lambda_R=74600, Lambda_S=692, L*=149278
  RESULT: factor 292793779  via collision mod p (multipoint gcd)  (0.3s)
  oracle (correct candidate): branch=regular, i in [0,2Lambda]=True, i==Q(k_p) mod ell=True, e* in E_R=True, alpha^e*==giant mod p=True
  giantsteps: regular=1776, skinny=144
  babysteps: sieved |E_R|=77547 of dense 149278 (ratio 0.519, rho=0.519); skinny 1385; plain HH shortest-vector baseline 6419

Trial 15: N=38521962557743667 (56 bits), p=176537567, q=218208301
  m=1155 (primes<= 11), m0=2, X=m*m0=2310, S=[7, 11], t=2, M=77, rho=0.519, Y=5.000
  lambda0~1767.8, Lambda_R=62504, Lambda_S=580, L*=125086
  RESULT: factor 218208301  via collision mod p (multipoint gcd)  (0.3s)
  oracle (correct candidate): branch=regular, i in [0,2Lambda]=True, i==Q(k_p) mod ell=True, e* in E_R=True, alpha^e*==giant mod p=True
  giantsteps: regular=1744, skinny=176
  babysteps: sieved |E_R|=64981 of dense 125086 (ratio 0.519, rho=0.519); skinny 1161; plain HH shortest-vector baseline 5379

Trial 16: N=83474460332184793 (57 bits), p=210489739, q=396572587
  m=1155 (primes<= 11), m0=2, X=m*m0=2310, S=[7, 11], t=2, M=77, rho=0.519, Y=5.000
  lambda0~2602.3, Lambda_R=92008, Lambda_S=852, L*=184094
  RESULT: factor 396572587  via collision mod p (multipoint gcd)  (0.4s)
  oracle (correct candidate): branch=regular, i in [0,2Lambda]=True, i==Q(k_p) mod ell=True, e* in E_R=True, alpha^e*==giant mod p=True
  giantsteps: regular=1872, skinny=48
  babysteps: sieved |E_R|=95634 of dense 184094 (ratio 0.519, rho=0.519); skinny 1705; plain HH shortest-vector baseline 7915

Trial 17: N=41470231491276233 (56 bits), p=197910569, q=209540257
  m=1155 (primes<= 11), m0=2, X=m*m0=2310, S=[7, 11], t=2, M=77, rho=0.519, Y=5.000
  lambda0~1834.2, Lambda_R=64852, Lambda_S=602, L*=129782
  RESULT: factor 209540257  via collision mod p (multipoint gcd)  (0.3s)
  oracle (correct candidate): branch=regular, i in [0,2Lambda]=True, i==Q(k_p) mod ell=True, e* in E_R=True, alpha^e*==giant mod p=True
  giantsteps: regular=1744, skinny=176
  babysteps: sieved |E_R|=67420 of dense 129782 (ratio 0.519, rho=0.519); skinny 1205; plain HH shortest-vector baseline 5581

Trial 18: N=69980065861980697 (56 bits), p=223484531, q=313131587
  m=1155 (primes<= 11), m0=2, X=m*m0=2310, S=[7, 11], t=2, M=77, rho=0.519, Y=5.000
  lambda0~2382.7, Lambda_R=84244, Lambda_S=781, L*=168566
  RESULT: factor 313131587  via collision mod p (multipoint gcd)  (0.4s)
  oracle (correct candidate): branch=regular, i in [0,2Lambda]=True, i==Q(k_p) mod ell=True, e* in E_R=True, alpha^e*==giant mod p=True
  giantsteps: regular=1792, skinny=128
  babysteps: sieved |E_R|=87567 of dense 168566 (ratio 0.519, rho=0.519); skinny 1563; plain HH shortest-vector baseline 7247

Trial 19: N=116815388566136719 (57 bits), p=254248921, q=459452839
  m=1155 (primes<= 11), m0=2, X=m*m0=2310, S=[7, 11], t=2, M=77, rho=0.519, Y=5.000
  lambda0~3078.4, Lambda_R=108842, Lambda_S=1008, L*=217762
  RESULT: factor 254248921  via collision mod p (multipoint gcd)  (0.5s)
  oracle (correct candidate): branch=regular, i in [0,2Lambda]=True, i==Q(k_p) mod ell=True, e* in E_R=True, alpha^e*==giant mod p=True
  giantsteps: regular=1888, skinny=32
  babysteps: sieved |E_R|=113123 of dense 217762 (ratio 0.519, rho=0.519); skinny 2017; plain HH shortest-vector baseline 9363

Trial 20: N=31395479028611839 (55 bits), p=155180821, q=202315459
  m=1155 (primes<= 11), m0=2, X=m*m0=2310, S=[7, 11], t=2, M=77, rho=0.519, Y=5.000
  lambda0~1595.9, Lambda_R=56427, Lambda_S=524, L*=112932
  RESULT: factor 155180821  via collision mod p (multipoint gcd)  (0.2s)
  oracle (correct candidate): branch=regular, i in [0,2Lambda]=True, i==Q(k_p) mod ell=True, e* in E_R=True, alpha^e*==giant mod p=True
  giantsteps: regular=1680, skinny=240
  babysteps: sieved |E_R|=58666 of dense 112932 (ratio 0.519, rho=0.519); skinny 1049; plain HH shortest-vector baseline 4857

Trial 21: N=77266377586229417 (57 bits), p=264398419, q=292234643
  m=1155 (primes<= 11), m0=2, X=m*m0=2310, S=[7, 11], t=2, M=77, rho=0.519, Y=5.000
  lambda0~2503.7, Lambda_R=88521, Lambda_S=820, L*=177120
  RESULT: factor 264398419  via collision mod p (multipoint gcd)  (0.4s)
  oracle (correct candidate): branch=regular, i in [0,2Lambda]=True, i==Q(k_p) mod ell=True, e* in E_R=True, alpha^e*==giant mod p=True
  giantsteps: regular=1872, skinny=48
  babysteps: sieved |E_R|=92011 of dense 177120 (ratio 0.519, rho=0.519); skinny 1641; plain HH shortest-vector baseline 7615

Trial 22: N=114326684324911571 (57 bits), p=226452377, q=504859723
  m=1155 (primes<= 11), m0=2, X=m*m0=2310, S=[7, 11], t=2, M=77, rho=0.519, Y=5.000
  lambda0~3045.5, Lambda_R=107676, Lambda_S=997, L*=215430
  RESULT: factor 504859723  via collision mod p (multipoint gcd)  (0.4s)
  oracle (correct candidate): branch=regular, i in [0,2Lambda]=True, i==Q(k_p) mod ell=True, e* in E_R=True, alpha^e*==giant mod p=True
  giantsteps: regular=1856, skinny=64
  babysteps: sieved |E_R|=111912 of dense 215430 (ratio 0.519, rho=0.519); skinny 1995; plain HH shortest-vector baseline 9263

Trial 23: N=68429122070284667 (56 bits), p=140229449, q=487979683
  m=1155 (primes<= 11), m0=2, X=m*m0=2310, S=[7, 11], t=2, M=77, rho=0.519, Y=5.000
  lambda0~2356.1, Lambda_R=83305, Lambda_S=772, L*=166688
  RESULT: factor 140229449  via collision mod p (multipoint gcd)  (0.4s)
  oracle (correct candidate): branch=skinny, i in [0,2Lambda]=True, i==Q(k_p) mod ell=True, e* in E_R=None, alpha^e*==giant mod p=True
  giantsteps: regular=1856, skinny=64
  babysteps: sieved |E_R|=86591 of dense 166688 (ratio 0.519, rho=0.519); skinny 1545; plain HH shortest-vector baseline 7167

Trial 24: N=127349769981895829 (57 bits), p=258812101, q=492054929
  m=1155 (primes<= 11), m0=2, X=m*m0=2310, S=[7, 11], t=2, M=77, rho=0.519, Y=5.000
  lambda0~3214.3, Lambda_R=113644, Lambda_S=1052, L*=227366
  RESULT: factor 258812101  via collision mod p (multipoint gcd)  (0.5s)
  oracle (correct candidate): branch=regular, i in [0,2Lambda]=True, i==Q(k_p) mod ell=True, e* in E_R=True, alpha^e*==giant mod p=True
  giantsteps: regular=1856, skinny=64
  babysteps: sieved |E_R|=118112 of dense 227366 (ratio 0.519, rho=0.519); skinny 2105; plain HH shortest-vector baseline 9775

Trial 25: N=114894337969672829 (57 bits), p=232310171, q=494572999
  m=1155 (primes<= 11), m0=2, X=m*m0=2310, S=[7, 11], t=2, M=77, rho=0.519, Y=5.000
  lambda0~3053.0, Lambda_R=107943, Lambda_S=1000, L*=215964
  RESULT: factor 232310171  via collision mod p (multipoint gcd)  (0.5s)
  oracle (correct candidate): branch=regular, i in [0,2Lambda]=True, i==Q(k_p) mod ell=True, e* in E_R=True, alpha^e*==giant mod p=True
  giantsteps: regular=1856, skinny=64
  babysteps: sieved |E_R|=112189 of dense 215964 (ratio 0.519, rho=0.519); skinny 2001; plain HH shortest-vector baseline 9285

Trial 26: N=135273354365502907 (57 bits), p=253065023, q=534539909
  m=1155 (primes<= 11), m0=2, X=m*m0=2310, S=[7, 11], t=2, M=77, rho=0.519, Y=5.000
  lambda0~3312.7, Lambda_R=117126, Lambda_S=1084, L*=234330
  RESULT: factor 253065023  via exact match + Lemma 2.4  (0.1s)
  oracle (correct candidate): branch=regular, i in [0,2Lambda]=True, i==Q(k_p) mod ell=True, e* in E_R=True, alpha^e*==giant mod p=True
  giantsteps: regular=1872, skinny=48
  babysteps: sieved |E_R|=121731 of dense 234330 (ratio 0.519, rho=0.519); skinny 2169; plain HH shortest-vector baseline 10075

Trial 27: N=82370541479906917 (57 bits), p=207923437, q=396158041
  m=1155 (primes<= 11), m0=2, X=m*m0=2310, S=[7, 11], t=2, M=77, rho=0.519, Y=5.000
  lambda0~2585.0, Lambda_R=91398, Lambda_S=847, L*=182874
  RESULT: factor 396158041  via collision mod p (multipoint gcd)  (0.4s)
  oracle (correct candidate): branch=regular, i in [0,2Lambda]=True, i==Q(k_p) mod ell=True, e* in E_R=True, alpha^e*==giant mod p=True
  giantsteps: regular=1872, skinny=48
  babysteps: sieved |E_R|=95000 of dense 182874 (ratio 0.519, rho=0.519); skinny 1695; plain HH shortest-vector baseline 7863

Trial 28: N=62021315773572019 (56 bits), p=208722511, q=297147229
  m=1155 (primes<= 11), m0=2, X=m*m0=2310, S=[7, 11], t=2, M=77, rho=0.519, Y=5.000
  lambda0~2243.1, Lambda_R=79309, Lambda_S=735, L*=158696
  RESULT: factor 208722511  via collision mod p (multipoint gcd)  (0.3s)
  oracle (correct candidate): branch=regular, i in [0,2Lambda]=True, i==Q(k_p) mod ell=True, e* in E_R=True, alpha^e*==giant mod p=True
  giantsteps: regular=1888, skinny=32
  babysteps: sieved |E_R|=82440 of dense 158696 (ratio 0.519, rho=0.519); skinny 1471; plain HH shortest-vector baseline 6823

Trial 29: N=51054245568453731 (56 bits), p=140987489, q=362118979
  m=1155 (primes<= 11), m0=2, X=m*m0=2310, S=[7, 11], t=2, M=77, rho=0.519, Y=5.000
  lambda0~2035.2, Lambda_R=71956, Lambda_S=667, L*=143990
  RESULT: factor 140987489  via collision mod p (multipoint gcd)  (0.3s)
  oracle (correct candidate): branch=regular, i in [0,2Lambda]=True, i==Q(k_p) mod ell=True, e* in E_R=True, alpha^e*==giant mod p=True
  giantsteps: regular=1856, skinny=64
  babysteps: sieved |E_R|=74800 of dense 143990 (ratio 0.519, rho=0.519); skinny 1335; plain HH shortest-vector baseline 6191

Trial 30: N=50386265125823741 (56 bits), p=156171731, q=322633711
  m=1155 (primes<= 11), m0=2, X=m*m0=2310, S=[7, 11], t=2, M=77, rho=0.519, Y=5.000
  lambda0~2021.8, Lambda_R=71484, Lambda_S=663, L*=143046
  RESULT: factor 322633711  via collision mod p (multipoint gcd)  (0.3s)
  oracle (correct candidate): branch=regular, i in [0,2Lambda]=True, i==Q(k_p) mod ell=True, e* in E_R=True, alpha^e*==giant mod p=True
  giantsteps: regular=1856, skinny=64
  babysteps: sieved |E_R|=74310 of dense 143046 (ratio 0.519, rho=0.519); skinny 1327; plain HH shortest-vector baseline 6151

Trial 31: N=32002985064629303 (55 bits), p=170176969, q=188057087
  m=1155 (primes<= 11), m0=2, X=m*m0=2310, S=[7, 11], t=2, M=77, rho=0.519, Y=5.000
  lambda0~1611.3, Lambda_R=56971, Lambda_S=529, L*=114020
  RESULT: factor 170176969  via collision mod p (multipoint gcd)  (0.3s)
  oracle (correct candidate): branch=regular, i in [0,2Lambda]=True, i==Q(k_p) mod ell=True, e* in E_R=True, alpha^e*==giant mod p=True
  giantsteps: regular=1744, skinny=176
  babysteps: sieved |E_R|=59231 of dense 114020 (ratio 0.519, rho=0.519); skinny 1059; plain HH shortest-vector baseline 4903

Trial 32: N=120626956088690959 (57 bits), p=249966643, q=482572213
  m=1155 (primes<= 11), m0=2, X=m*m0=2310, S=[7, 11], t=2, M=77, rho=0.519, Y=5.000
  lambda0~3128.3, Lambda_R=110604, Lambda_S=1024, L*=221286
  RESULT: factor 482572213  via collision mod p (multipoint gcd)  (0.5s)
  oracle (correct candidate): branch=regular, i in [0,2Lambda]=True, i==Q(k_p) mod ell=True, e* in E_R=True, alpha^e*==giant mod p=True
  giantsteps: regular=1856, skinny=64
  babysteps: sieved |E_R|=114955 of dense 221286 (ratio 0.519, rho=0.519); skinny 2049; plain HH shortest-vector baseline 9513

Trial 33: N=91138515605626759 (57 bits), p=212593253, q=428699003
  m=1155 (primes<= 11), m0=2, X=m*m0=2310, S=[7, 11], t=2, M=77, rho=0.519, Y=5.000
  lambda0~2719.1, Lambda_R=96139, Lambda_S=891, L*=192356
  RESULT: factor 428699003  via collision mod p (multipoint gcd)  (0.4s)
  oracle (correct candidate): branch=regular, i in [0,2Lambda]=True, i==Q(k_p) mod ell=True, e* in E_R=True, alpha^e*==giant mod p=True
  giantsteps: regular=1888, skinny=32
  babysteps: sieved |E_R|=99926 of dense 192356 (ratio 0.519, rho=0.519); skinny 1783; plain HH shortest-vector baseline 8271

Trial 34: N=64759927302243553 (56 bits), p=170143231, q=380620063
  m=1155 (primes<= 11), m0=2, X=m*m0=2310, S=[7, 11], t=2, M=77, rho=0.519, Y=5.000
  lambda0~2292.1, Lambda_R=81041, Lambda_S=751, L*=162160
  RESULT: factor 170143231  via collision mod p (multipoint gcd)  (0.3s)
  oracle (correct candidate): branch=regular, i in [0,2Lambda]=True, i==Q(k_p) mod ell=True, e* in E_R=True, alpha^e*==giant mod p=True
  giantsteps: regular=1872, skinny=48
  babysteps: sieved |E_R|=84240 of dense 162160 (ratio 0.519, rho=0.519); skinny 1503; plain HH shortest-vector baseline 6973

Trial 35: N=79955606130801113 (57 bits), p=176416351, q=453221063
  m=1155 (primes<= 11), m0=2, X=m*m0=2310, S=[7, 11], t=2, M=77, rho=0.519, Y=5.000
  lambda0~2546.9, Lambda_R=90048, Lambda_S=834, L*=180174
  RESULT: factor 176416351  via Lemma 3.11 certification  (0.0s)

Trial 36: N=98085820792764769 (57 bits), p=254270713, q=385753513
  m=1155 (primes<= 11), m0=2, X=m*m0=2310, S=[7, 11], t=2, M=77, rho=0.519, Y=5.000
  lambda0~2820.9, Lambda_R=99736, Lambda_S=924, L*=199550
  RESULT: factor 254270713  via collision mod p (multipoint gcd)  (0.4s)
  oracle (correct candidate): branch=regular, i in [0,2Lambda]=True, i==Q(k_p) mod ell=True, e* in E_R=True, alpha^e*==giant mod p=True
  giantsteps: regular=1856, skinny=64
  babysteps: sieved |E_R|=103663 of dense 199550 (ratio 0.519, rho=0.519); skinny 1849; plain HH shortest-vector baseline 8579

Trial 37: N=80165728020912949 (57 bits), p=220243861, q=363986209
  m=1155 (primes<= 11), m0=2, X=m*m0=2310, S=[7, 11], t=2, M=77, rho=0.519, Y=5.000
  lambda0~2550.2, Lambda_R=90166, Lambda_S=835, L*=180410
  RESULT: factor 363986209  via collision mod p (multipoint gcd)  (0.4s)
  oracle (correct candidate): branch=regular, i in [0,2Lambda]=True, i==Q(k_p) mod ell=True, e* in E_R=True, alpha^e*==giant mod p=True
  giantsteps: regular=1888, skinny=32
  babysteps: sieved |E_R|=93720 of dense 180410 (ratio 0.519, rho=0.519); skinny 1671; plain HH shortest-vector baseline 7757

Trial 38: N=85420600481599633 (57 bits), p=185303413, q=460976941
  m=1155 (primes<= 11), m0=2, X=m*m0=2310, S=[7, 11], t=2, M=77, rho=0.519, Y=5.000
  lambda0~2632.5, Lambda_R=93074, Lambda_S=862, L*=186226
  RESULT: factor 460976941  via collision mod p (multipoint gcd)  (0.4s)
  oracle (correct candidate): branch=regular, i in [0,2Lambda]=True, i==Q(k_p) mod ell=True, e* in E_R=True, alpha^e*==giant mod p=True
  giantsteps: regular=1872, skinny=48
  babysteps: sieved |E_R|=96741 of dense 186226 (ratio 0.519, rho=0.519); skinny 1725; plain HH shortest-vector baseline 8007

Trial 39: N=108591649701425419 (57 bits), p=207654631, q=522943549
  m=1155 (primes<= 11), m0=2, X=m*m0=2310, S=[7, 11], t=2, M=77, rho=0.519, Y=5.000
  lambda0~2968.1, Lambda_R=104941, Lambda_S=972, L*=209960
  RESULT: factor 207654631  via collision mod p (multipoint gcd)  (0.4s)
  oracle (correct candidate): branch=regular, i in [0,2Lambda]=True, i==Q(k_p) mod ell=True, e* in E_R=True, alpha^e*==giant mod p=True
  giantsteps: regular=1680, skinny=240
  babysteps: sieved |E_R|=109070 of dense 209960 (ratio 0.519, rho=0.519); skinny 1945; plain HH shortest-vector baseline 9027

Trial 40: N=41474781923594009 (56 bits), p=183721093, q=225748613
  m=1155 (primes<= 11), m0=2, X=m*m0=2310, S=[7, 11], t=2, M=77, rho=0.519, Y=5.000
  lambda0~1834.3, Lambda_R=64855, Lambda_S=602, L*=129788
  RESULT: factor 183721093  via collision mod p (multipoint gcd)  (0.3s)
  oracle (correct candidate): branch=regular, i in [0,2Lambda]=True, i==Q(k_p) mod ell=True, e* in E_R=True, alpha^e*==giant mod p=True
  giantsteps: regular=1856, skinny=64
  babysteps: sieved |E_R|=67423 of dense 129788 (ratio 0.519, rho=0.519); skinny 1205; plain HH shortest-vector baseline 5581

Trial 41: N=31573393572668267 (55 bits), p=151148443, q=208889969
  m=1155 (primes<= 11), m0=2, X=m*m0=2310, S=[7, 11], t=2, M=77, rho=0.519, Y=5.000
  lambda0~1600.5, Lambda_R=56587, Lambda_S=525, L*=113252
  RESULT: factor 208889969  via collision mod p (multipoint gcd)  (0.2s)
  oracle (correct candidate): branch=regular, i in [0,2Lambda]=True, i==Q(k_p) mod ell=True, e* in E_R=True, alpha^e*==giant mod p=True
  giantsteps: regular=1872, skinny=48
  babysteps: sieved |E_R|=58832 of dense 113252 (ratio 0.519, rho=0.519); skinny 1051; plain HH shortest-vector baseline 4871

Trial 42: N=118253390219730761 (57 bits), p=264510899, q=447064339
  m=1155 (primes<= 11), m0=2, X=m*m0=2310, S=[7, 11], t=2, M=77, rho=0.519, Y=5.000
  lambda0~3097.3, Lambda_R=109510, Lambda_S=1014, L*=219098
  RESULT: factor 447064339  via collision mod p (multipoint gcd)  (0.5s)
  oracle (correct candidate): branch=regular, i in [0,2Lambda]=True, i==Q(k_p) mod ell=True, e* in E_R=True, alpha^e*==giant mod p=True
  giantsteps: regular=1856, skinny=64
  babysteps: sieved |E_R|=113818 of dense 219098 (ratio 0.519, rho=0.519); skinny 2029; plain HH shortest-vector baseline 9419

Trial 43: N=69816514360306957 (56 bits), p=216298499, q=322778543
  m=1155 (primes<= 11), m0=2, X=m*m0=2310, S=[7, 11], t=2, M=77, rho=0.519, Y=5.000
  lambda0~2379.9, Lambda_R=84145, Lambda_S=780, L*=168368
  RESULT: factor 322778543  via collision mod p (multipoint gcd)  (0.4s)
  oracle (correct candidate): branch=regular, i in [0,2Lambda]=True, i==Q(k_p) mod ell=True, e* in E_R=True, alpha^e*==giant mod p=True
  giantsteps: regular=1792, skinny=128
  babysteps: sieved |E_R|=87464 of dense 168368 (ratio 0.519, rho=0.519); skinny 1561; plain HH shortest-vector baseline 7239

Trial 44: N=88340236039618711 (57 bits), p=184095413, q=479861147
  m=1155 (primes<= 11), m0=2, X=m*m0=2310, S=[7, 11], t=2, M=77, rho=0.519, Y=5.000
  lambda0~2677.1, Lambda_R=94652, Lambda_S=877, L*=189382
  RESULT: factor 479861147  via collision mod p (multipoint gcd)  (0.4s)
  oracle (correct candidate): branch=regular, i in [0,2Lambda]=True, i==Q(k_p) mod ell=True, e* in E_R=True, alpha^e*==giant mod p=True
  giantsteps: regular=1680, skinny=240
  babysteps: sieved |E_R|=98381 of dense 189382 (ratio 0.519, rho=0.519); skinny 1755; plain HH shortest-vector baseline 8143

Trial 45: N=103779439041388199 (57 bits), p=220590871, q=470461169
  m=1155 (primes<= 11), m0=2, X=m*m0=2310, S=[7, 11], t=2, M=77, rho=0.519, Y=5.000
  lambda0~2901.6, Lambda_R=102590, Lambda_S=950, L*=205258
  RESULT: factor 220590871  via collision mod p (multipoint gcd)  (0.4s)
  oracle (correct candidate): branch=regular, i in [0,2Lambda]=True, i==Q(k_p) mod ell=True, e* in E_R=True, alpha^e*==giant mod p=True
  giantsteps: regular=1872, skinny=48
  babysteps: sieved |E_R|=106627 of dense 205258 (ratio 0.519, rho=0.519); skinny 1901; plain HH shortest-vector baseline 8825

Trial 46: N=92053171062966551 (57 bits), p=209141909, q=440146939
  m=1155 (primes<= 11), m0=2, X=m*m0=2310, S=[7, 11], t=2, M=77, rho=0.519, Y=5.000
  lambda0~2732.8, Lambda_R=96620, Lambda_S=895, L*=193318
  RESULT: factor 440146939  via Lemma 3.11 certification  (0.0s)

Trial 47: N=87279392804277133 (57 bits), p=228414559, q=382109587
  m=1155 (primes<= 11), m0=2, X=m*m0=2310, S=[7, 11], t=2, M=77, rho=0.519, Y=5.000
  lambda0~2661.0, Lambda_R=94082, Lambda_S=872, L*=188242
  RESULT: factor 228414559  via collision mod p (multipoint gcd)  (0.4s)
  oracle (correct candidate): branch=regular, i in [0,2Lambda]=True, i==Q(k_p) mod ell=True, e* in E_R=True, alpha^e*==giant mod p=True
  giantsteps: regular=1792, skinny=128
  babysteps: sieved |E_R|=97788 of dense 188242 (ratio 0.519, rho=0.519); skinny 1745; plain HH shortest-vector baseline 8093

Trial 48: N=86297395134102461 (57 bits), p=169275371, q=509804791
  m=1155 (primes<= 11), m0=2, X=m*m0=2310, S=[7, 11], t=2, M=77, rho=0.519, Y=5.000
  lambda0~2645.9, Lambda_R=93551, Lambda_S=867, L*=187180
  RESULT: factor 169275371  via Lemma 3.11 certification  (0.0s)

Trial 49: N=111948313661428021 (57 bits), p=215809361, q=518737061
  m=1155 (primes<= 11), m0=2, X=m*m0=2310, S=[7, 11], t=2, M=77, rho=0.519, Y=5.000
  lambda0~3013.6, Lambda_R=106551, Lambda_S=987, L*=213180
  RESULT: factor 215809361  via collision mod p (multipoint gcd)  (0.4s)
  oracle (correct candidate): branch=regular, i in [0,2Lambda]=True, i==Q(k_p) mod ell=True, e* in E_R=True, alpha^e*==giant mod p=True
  giantsteps: regular=1888, skinny=32
  babysteps: sieved |E_R|=110743 of dense 213180 (ratio 0.519, rho=0.519); skinny 1975; plain HH shortest-vector baseline 9165

Trial 50: N=55807904045866741 (56 bits), p=198118937, q=281688893
  m=1155 (primes<= 11), m0=2, X=m*m0=2310, S=[7, 11], t=2, M=77, rho=0.519, Y=5.000
  lambda0~2127.8, Lambda_R=75231, Lambda_S=697, L*=150540
  RESULT: factor 281688893  via collision mod p (multipoint gcd)  (0.3s)
  oracle (correct candidate): branch=regular, i in [0,2Lambda]=True, i==Q(k_p) mod ell=True, e* in E_R=True, alpha^e*==giant mod p=True
  giantsteps: regular=1856, skinny=64
  babysteps: sieved |E_R|=78203 of dense 150540 (ratio 0.519, rho=0.519); skinny 1395; plain HH shortest-vector baseline 6473

Trial 51: N=37193315624728969 (56 bits), p=159826189, q=232711021
  m=1155 (primes<= 11), m0=2, X=m*m0=2310, S=[7, 11], t=2, M=77, rho=0.519, Y=5.000
  lambda0~1737.1, Lambda_R=61417, Lambda_S=570, L*=122912
  RESULT: factor 232711021  via collision mod p (multipoint gcd)  (0.3s)
  oracle (correct candidate): branch=regular, i in [0,2Lambda]=True, i==Q(k_p) mod ell=True, e* in E_R=True, alpha^e*==giant mod p=True
  giantsteps: regular=1856, skinny=64
  babysteps: sieved |E_R|=63851 of dense 122912 (ratio 0.519, rho=0.519); skinny 1141; plain HH shortest-vector baseline 5285

Trial 52: N=100677195576706237 (57 bits), p=229363087, q=438942451
  m=1155 (primes<= 11), m0=2, X=m*m0=2310, S=[7, 11], t=2, M=77, rho=0.519, Y=5.000
  lambda0~2857.9, Lambda_R=101045, Lambda_S=936, L*=202168
  RESULT: factor 438942451  via collision mod p (multipoint gcd)  (0.4s)
  oracle (correct candidate): branch=regular, i in [0,2Lambda]=True, i==Q(k_p) mod ell=True, e* in E_R=True, alpha^e*==giant mod p=True
  giantsteps: regular=1792, skinny=128
  babysteps: sieved |E_R|=105023 of dense 202168 (ratio 0.519, rho=0.519); skinny 1873; plain HH shortest-vector baseline 8693

Trial 53: N=62869243889246539 (56 bits), p=226860169, q=277127731
  m=1155 (primes<= 11), m0=2, X=m*m0=2310, S=[7, 11], t=2, M=77, rho=0.519, Y=5.000
  lambda0~2258.4, Lambda_R=79849, Lambda_S=740, L*=159776
  RESULT: factor 226860169  via collision mod p (multipoint gcd)  (0.3s)
  oracle (correct candidate): branch=skinny, i in [0,2Lambda]=True, i==Q(k_p) mod ell=True, e* in E_R=None, alpha^e*==giant mod p=True
  giantsteps: regular=1856, skinny=64
  babysteps: sieved |E_R|=83001 of dense 159776 (ratio 0.519, rho=0.519); skinny 1481; plain HH shortest-vector baseline 6871

Trial 54: N=52070516262364823 (56 bits), p=135255047, q=384980209
  m=1155 (primes<= 11), m0=2, X=m*m0=2310, S=[7, 11], t=2, M=77, rho=0.519, Y=5.000
  lambda0~2055.3, Lambda_R=72669, Lambda_S=674, L*=145416
  RESULT: factor 135255047  via collision mod p (multipoint gcd)  (0.3s)
  oracle (correct candidate): branch=regular, i in [0,2Lambda]=True, i==Q(k_p) mod ell=True, e* in E_R=True, alpha^e*==giant mod p=True
  giantsteps: regular=1872, skinny=48
  babysteps: sieved |E_R|=75541 of dense 145416 (ratio 0.519, rho=0.519); skinny 1349; plain HH shortest-vector baseline 6253

Trial 55: N=55523573207808533 (56 bits), p=199233941, q=278685313
  m=1155 (primes<= 11), m0=2, X=m*m0=2310, S=[7, 11], t=2, M=77, rho=0.519, Y=5.000
  lambda0~2122.4, Lambda_R=75040, Lambda_S=696, L*=150158
  RESULT: factor 199233941  via exact match + Lemma 2.4  (0.1s)
  oracle (correct candidate): branch=regular, i in [0,2Lambda]=True, i==Q(k_p) mod ell=True, e* in E_R=True, alpha^e*==giant mod p=True
  giantsteps: regular=1904, skinny=16
  babysteps: sieved |E_R|=78004 of dense 150158 (ratio 0.519, rho=0.519); skinny 1393; plain HH shortest-vector baseline 6457

Trial 56: N=125285583268129169 (57 bits), p=249528701, q=502088869
  m=1155 (primes<= 11), m0=2, X=m*m0=2310, S=[7, 11], t=2, M=77, rho=0.519, Y=5.000
  lambda0~3188.1, Lambda_R=112719, Lambda_S=1044, L*=225516
  RESULT: factor 249528701  via collision mod p (multipoint gcd)  (0.5s)
  oracle (correct candidate): branch=regular, i in [0,2Lambda]=True, i==Q(k_p) mod ell=True, e* in E_R=True, alpha^e*==giant mod p=True
  giantsteps: regular=1856, skinny=64
  babysteps: sieved |E_R|=117151 of dense 225516 (ratio 0.519, rho=0.519); skinny 2089; plain HH shortest-vector baseline 9695

Trial 57: N=24199434511994249 (55 bits), p=152741647, q=158433767
  m=1155 (primes<= 11), m0=2, X=m*m0=2310, S=[7, 11], t=2, M=77, rho=0.519, Y=5.000
  lambda0~1401.2, Lambda_R=49541, Lambda_S=460, L*=99160
  RESULT: factor 152741647  via collision mod p (multipoint gcd)  (0.2s)
  oracle (correct candidate): branch=regular, i in [0,2Lambda]=True, i==Q(k_p) mod ell=True, e* in E_R=True, alpha^e*==giant mod p=True
  giantsteps: regular=1856, skinny=64
  babysteps: sieved |E_R|=51512 of dense 99160 (ratio 0.519, rho=0.519); skinny 921; plain HH shortest-vector baseline 4265

Trial 58: N=77676288969842867 (57 bits), p=205984897, q=377097011
  m=1155 (primes<= 11), m0=2, X=m*m0=2310, S=[7, 11], t=2, M=77, rho=0.519, Y=5.000
  lambda0~2510.3, Lambda_R=88755, Lambda_S=822, L*=177588
  RESULT: factor 205984897  via collision mod p (multipoint gcd)  (0.4s)
  oracle (correct candidate): branch=regular, i in [0,2Lambda]=True, i==Q(k_p) mod ell=True, e* in E_R=True, alpha^e*==giant mod p=True
  giantsteps: regular=1856, skinny=64
  babysteps: sieved |E_R|=92255 of dense 177588 (ratio 0.519, rho=0.519); skinny 1645; plain HH shortest-vector baseline 7635

Trial 59: N=85446922218023813 (57 bits), p=224975717, q=379805089
  m=1155 (primes<= 11), m0=2, X=m*m0=2310, S=[7, 11], t=2, M=77, rho=0.519, Y=5.000
  lambda0~2632.9, Lambda_R=93089, Lambda_S=862, L*=186256
  RESULT: factor 224975717  via collision mod p (multipoint gcd)  (0.4s)
  oracle (correct candidate): branch=regular, i in [0,2Lambda]=True, i==Q(k_p) mod ell=True, e* in E_R=True, alpha^e*==giant mod p=True
  giantsteps: regular=1856, skinny=64
  babysteps: sieved |E_R|=96757 of dense 186256 (ratio 0.519, rho=0.519); skinny 1725; plain HH shortest-vector baseline 8009

Trial 60: N=45592885675811011 (56 bits), p=182505539, q=249816449
  m=1155 (primes<= 11), m0=2, X=m*m0=2310, S=[7, 11], t=2, M=77, rho=0.519, Y=5.000
  lambda0~1923.2, Lambda_R=67999, Lambda_S=631, L*=136076
  RESULT: factor 182505539  via collision mod p (multipoint gcd)  (0.3s)
  oracle (correct candidate): branch=regular, i in [0,2Lambda]=True, i==Q(k_p) mod ell=True, e* in E_R=True, alpha^e*==giant mod p=True
  giantsteps: regular=1856, skinny=64
  babysteps: sieved |E_R|=70690 of dense 136076 (ratio 0.519, rho=0.519); skinny 1263; plain HH shortest-vector baseline 5851

Trial 61: N=43720276834473509 (56 bits), p=182627891, q=239395399
  m=1155 (primes<= 11), m0=2, X=m*m0=2310, S=[7, 11], t=2, M=77, rho=0.519, Y=5.000
  lambda0~1883.3, Lambda_R=66588, Lambda_S=618, L*=133254
  RESULT: factor 182627891  via collision mod p (multipoint gcd)  (0.3s)
  oracle (correct candidate): branch=regular, i in [0,2Lambda]=True, i==Q(k_p) mod ell=True, e* in E_R=True, alpha^e*==giant mod p=True
  giantsteps: regular=1856, skinny=64
  babysteps: sieved |E_R|=69223 of dense 133254 (ratio 0.519, rho=0.519); skinny 1237; plain HH shortest-vector baseline 5731

Trial 62: N=65605903726308443 (56 bits), p=180647473, q=363170891
  m=1155 (primes<= 11), m0=2, X=m*m0=2310, S=[7, 11], t=2, M=77, rho=0.519, Y=5.000
  lambda0~2307.0, Lambda_R=81568, Lambda_S=756, L*=163214
  RESULT: factor 180647473  via exact match + Lemma 2.4  (0.1s)
  oracle (correct candidate): branch=regular, i in [0,2Lambda]=True, i==Q(k_p) mod ell=True, e* in E_R=True, alpha^e*==giant mod p=True
  giantsteps: regular=1904, skinny=16
  babysteps: sieved |E_R|=84786 of dense 163214 (ratio 0.519, rho=0.519); skinny 1513; plain HH shortest-vector baseline 7017

Trial 63: N=29212487144259173 (55 bits), p=135773663, q=215155771
  m=1155 (primes<= 11), m0=2, X=m*m0=2310, S=[7, 11], t=2, M=77, rho=0.519, Y=5.000
  lambda0~1539.5, Lambda_R=54430, Lambda_S=505, L*=108938
  RESULT: factor 135773663  via collision mod p (multipoint gcd)  (0.2s)
  oracle (correct candidate): branch=regular, i in [0,2Lambda]=True, i==Q(k_p) mod ell=True, e* in E_R=True, alpha^e*==giant mod p=True
  giantsteps: regular=1856, skinny=64
  babysteps: sieved |E_R|=56591 of dense 108938 (ratio 0.519, rho=0.519); skinny 1011; plain HH shortest-vector baseline 4685

Trial 64: N=82221170529071923 (57 bits), p=162936691, q=504620353
  m=1155 (primes<= 11), m0=2, X=m*m0=2310, S=[7, 11], t=2, M=77, rho=0.519, Y=5.000
  lambda0~2582.7, Lambda_R=91315, Lambda_S=846, L*=182708
  RESULT: factor 162936691  via collision mod p (multipoint gcd)  (0.4s)
  oracle (correct candidate): branch=regular, i in [0,2Lambda]=True, i==Q(k_p) mod ell=True, e* in E_R=True, alpha^e*==giant mod p=True
  giantsteps: regular=1872, skinny=48
  babysteps: sieved |E_R|=94914 of dense 182708 (ratio 0.519, rho=0.519); skinny 1693; plain HH shortest-vector baseline 7855

Trial 65: N=119475182018489677 (57 bits), p=231804467, q=515413631
  m=1155 (primes<= 11), m0=2, X=m*m0=2310, S=[7, 11], t=2, M=77, rho=0.519, Y=5.000
  lambda0~3113.3, Lambda_R=110074, Lambda_S=1019, L*=220226
  RESULT: factor 515413631  via collision mod p (multipoint gcd)  (0.5s)
  oracle (correct candidate): branch=regular, i in [0,2Lambda]=True, i==Q(k_p) mod ell=True, e* in E_R=True, alpha^e*==giant mod p=True
  giantsteps: regular=1872, skinny=48
  babysteps: sieved |E_R|=114403 of dense 220226 (ratio 0.519, rho=0.519); skinny 2039; plain HH shortest-vector baseline 9469

Trial 66: N=73647227799518207 (57 bits), p=252810419, q=291314053
  m=1155 (primes<= 11), m0=2, X=m*m0=2310, S=[7, 11], t=2, M=77, rho=0.519, Y=5.000
  lambda0~2444.3, Lambda_R=86423, Lambda_S=801, L*=172924
  RESULT: factor 291314053  via collision mod p (multipoint gcd)  (0.4s)
  oracle (correct candidate): branch=skinny, i in [0,2Lambda]=True, i==Q(k_p) mod ell=True, e* in E_R=None, alpha^e*==giant mod p=True
  giantsteps: regular=1744, skinny=176
  babysteps: sieved |E_R|=89831 of dense 172924 (ratio 0.519, rho=0.519); skinny 1603; plain HH shortest-vector baseline 7435

Trial 67: N=36564347680884851 (56 bits), p=182610853, q=200230967
  m=1155 (primes<= 11), m0=2, X=m*m0=2310, S=[7, 11], t=2, M=77, rho=0.519, Y=5.000
  lambda0~1722.3, Lambda_R=60895, Lambda_S=565, L*=121868
  RESULT: factor 182610853  via collision mod p (multipoint gcd)  (0.3s)
  oracle (correct candidate): branch=regular, i in [0,2Lambda]=True, i==Q(k_p) mod ell=True, e* in E_R=True, alpha^e*==giant mod p=True
  giantsteps: regular=1856, skinny=64
  babysteps: sieved |E_R|=63308 of dense 121868 (ratio 0.519, rho=0.519); skinny 1131; plain HH shortest-vector baseline 5241

Trial 68: N=103223815684731253 (57 bits), p=198608407, q=519735379
  m=1155 (primes<= 11), m0=2, X=m*m0=2310, S=[7, 11], t=2, M=77, rho=0.519, Y=5.000
  lambda0~2893.8, Lambda_R=102315, Lambda_S=948, L*=204708
  RESULT: factor 519735379  via collision mod p (multipoint gcd)  (0.4s)
  oracle (correct candidate): branch=regular, i in [0,2Lambda]=True, i==Q(k_p) mod ell=True, e* in E_R=True, alpha^e*==giant mod p=True
  giantsteps: regular=1872, skinny=48
  babysteps: sieved |E_R|=106342 of dense 204708 (ratio 0.519, rho=0.519); skinny 1897; plain HH shortest-vector baseline 8801

Trial 69: N=117907968813942569 (57 bits), p=222855041, q=529079209
  m=1155 (primes<= 11), m0=2, X=m*m0=2310, S=[7, 11], t=2, M=77, rho=0.519, Y=5.000
  lambda0~3092.8, Lambda_R=109350, Lambda_S=1013, L*=218778
  RESULT: factor 222855041  via collision mod p (multipoint gcd)  (0.5s)
  oracle (correct candidate): branch=regular, i in [0,2Lambda]=True, i==Q(k_p) mod ell=True, e* in E_R=True, alpha^e*==giant mod p=True
  giantsteps: regular=1872, skinny=48
  babysteps: sieved |E_R|=113652 of dense 218778 (ratio 0.519, rho=0.519); skinny 2027; plain HH shortest-vector baseline 9407

Trial 70: N=19562588541242503 (55 bits), p=139818521, q=139914143
  m=1155 (primes<= 11), m0=2, X=m*m0=2310, S=[7, 11], t=2, M=77, rho=0.519, Y=5.000
  lambda0~1259.8, Lambda_R=44542, Lambda_S=414, L*=89162
  RESULT: factor 139818521  via collision mod p (multipoint gcd)  (0.2s)
  oracle (correct candidate): branch=regular, i in [0,2Lambda]=True, i==Q(k_p) mod ell=True, e* in E_R=True, alpha^e*==giant mod p=True
  giantsteps: regular=1872, skinny=48
  babysteps: sieved |E_R|=46319 of dense 89162 (ratio 0.519, rho=0.519); skinny 829; plain HH shortest-vector baseline 3835

Trial 71: N=104539224084745867 (57 bits), p=249428149, q=419115583
  m=1155 (primes<= 11), m0=2, X=m*m0=2310, S=[7, 11], t=2, M=77, rho=0.519, Y=5.000
  lambda0~2912.2, Lambda_R=102964, Lambda_S=954, L*=206006
  RESULT: factor 419115583  via collision mod p (multipoint gcd)  (0.4s)
  oracle (correct candidate): branch=regular, i in [0,2Lambda]=True, i==Q(k_p) mod ell=True, e* in E_R=True, alpha^e*==giant mod p=True
  giantsteps: regular=1872, skinny=48
  babysteps: sieved |E_R|=107018 of dense 206006 (ratio 0.519, rho=0.519); skinny 1909; plain HH shortest-vector baseline 8857

Trial 72: N=101040947902637879 (57 bits), p=257367091, q=392594669
  m=1155 (primes<= 11), m0=2, X=m*m0=2310, S=[7, 11], t=2, M=77, rho=0.519, Y=5.000
  lambda0~2863.1, Lambda_R=101227, Lambda_S=938, L*=202532
  RESULT: factor 257367091  via collision mod p (multipoint gcd)  (0.4s)
  oracle (correct candidate): branch=regular, i in [0,2Lambda]=True, i==Q(k_p) mod ell=True, e* in E_R=True, alpha^e*==giant mod p=True
  giantsteps: regular=1872, skinny=48
  babysteps: sieved |E_R|=105212 of dense 202532 (ratio 0.519, rho=0.519); skinny 1877; plain HH shortest-vector baseline 8707

Trial 73: N=86661315783997457 (57 bits), p=253688101, q=341605757
  m=1155 (primes<= 11), m0=2, X=m*m0=2310, S=[7, 11], t=2, M=77, rho=0.519, Y=5.000
  lambda0~2651.5, Lambda_R=93748, Lambda_S=868, L*=187574
  RESULT: factor 253688101  via collision mod p (multipoint gcd)  (0.4s)
  oracle (correct candidate): branch=regular, i in [0,2Lambda]=True, i==Q(k_p) mod ell=True, e* in E_R=True, alpha^e*==giant mod p=True
  giantsteps: regular=1856, skinny=64
  babysteps: sieved |E_R|=97442 of dense 187574 (ratio 0.519, rho=0.519); skinny 1737; plain HH shortest-vector baseline 8065

Trial 74: N=63638938175629889 (56 bits), p=202152893, q=314805973
  m=1155 (primes<= 11), m0=2, X=m*m0=2310, S=[7, 11], t=2, M=77, rho=0.519, Y=5.000
  lambda0~2272.2, Lambda_R=80336, Lambda_S=745, L*=160750
  RESULT: factor 314805973  via collision mod p (multipoint gcd)  (0.4s)
  oracle (correct candidate): branch=regular, i in [0,2Lambda]=True, i==Q(k_p) mod ell=True, e* in E_R=True, alpha^e*==giant mod p=True
  giantsteps: regular=1856, skinny=64
  babysteps: sieved |E_R|=83506 of dense 160750 (ratio 0.519, rho=0.519); skinny 1491; plain HH shortest-vector baseline 6911

Trial 75: N=57707976013987801 (56 bits), p=171204749, q=337069949
  m=1155 (primes<= 11), m0=2, X=m*m0=2310, S=[7, 11], t=2, M=77, rho=0.519, Y=5.000
  lambda0~2163.7, Lambda_R=76501, Lambda_S=709, L*=153080
  RESULT: factor 171204749  via collision mod p (multipoint gcd)  (0.3s)
  oracle (correct candidate): branch=regular, i in [0,2Lambda]=True, i==Q(k_p) mod ell=True, e* in E_R=True, alpha^e*==giant mod p=True
  giantsteps: regular=1856, skinny=64
  babysteps: sieved |E_R|=79522 of dense 153080 (ratio 0.519, rho=0.519); skinny 1419; plain HH shortest-vector baseline 6583

Trial 76: N=118041805640647277 (57 bits), p=263013923, q=448804399
  m=1155 (primes<= 11), m0=2, X=m*m0=2310, S=[7, 11], t=2, M=77, rho=0.519, Y=5.000
  lambda0~3094.6, Lambda_R=109412, Lambda_S=1013, L*=218902
  RESULT: factor 448804399  via collision mod p (multipoint gcd)  (0.5s)
  oracle (correct candidate): branch=regular, i in [0,2Lambda]=True, i==Q(k_p) mod ell=True, e* in E_R=True, alpha^e*==giant mod p=True
  giantsteps: regular=1904, skinny=16
  babysteps: sieved |E_R|=113716 of dense 218902 (ratio 0.519, rho=0.519); skinny 2027; plain HH shortest-vector baseline 9411

Trial 77: N=76731553862623057 (57 bits), p=219025837, q=350331061
  m=1155 (primes<= 11), m0=2, X=m*m0=2310, S=[7, 11], t=2, M=77, rho=0.519, Y=5.000
  lambda0~2495.0, Lambda_R=88214, Lambda_S=817, L*=176506
  RESULT: factor 219025837  via collision mod p (multipoint gcd)  (0.4s)
  oracle (correct candidate): branch=regular, i in [0,2Lambda]=True, i==Q(k_p) mod ell=True, e* in E_R=True, alpha^e*==giant mod p=True
  giantsteps: regular=1872, skinny=48
  babysteps: sieved |E_R|=91692 of dense 176506 (ratio 0.519, rho=0.519); skinny 1635; plain HH shortest-vector baseline 7589

Trial 78: N=29365812006328253 (55 bits), p=139663009, q=210261917
  m=1155 (primes<= 11), m0=2, X=m*m0=2310, S=[7, 11], t=2, M=77, rho=0.519, Y=5.000
  lambda0~1543.5, Lambda_R=54573, Lambda_S=507, L*=109224
  RESULT: factor 139663009  via collision mod p (multipoint gcd)  (0.2s)
  oracle (correct candidate): branch=regular, i in [0,2Lambda]=True, i==Q(k_p) mod ell=True, e* in E_R=True, alpha^e*==giant mod p=True
  giantsteps: regular=1904, skinny=16
  babysteps: sieved |E_R|=56741 of dense 109224 (ratio 0.519, rho=0.519); skinny 1015; plain HH shortest-vector baseline 4697

Trial 79: N=79166370640010039 (57 bits), p=172525831, q=458866769
  m=1155 (primes<= 11), m0=2, X=m*m0=2310, S=[7, 11], t=2, M=77, rho=0.519, Y=5.000
  lambda0~2534.3, Lambda_R=89602, Lambda_S=830, L*=179282
  RESULT: factor 458866769  via collision mod p (multipoint gcd)  (0.4s)
  oracle (correct candidate): branch=regular, i in [0,2Lambda]=True, i==Q(k_p) mod ell=True, e* in E_R=True, alpha^e*==giant mod p=True
  giantsteps: regular=1856, skinny=64
  babysteps: sieved |E_R|=93135 of dense 179282 (ratio 0.519, rho=0.519); skinny 1661; plain HH shortest-vector baseline 7709

Trial 80: N=57481452873982447 (56 bits), p=137058877, q=419392411
  m=1155 (primes<= 11), m0=2, X=m*m0=2310, S=[7, 11], t=2, M=77, rho=0.519, Y=5.000
  lambda0~2159.5, Lambda_R=76351, Lambda_S=708, L*=152780
  RESULT: factor 419392411  via collision mod p (multipoint gcd)  (0.3s)
  oracle (correct candidate): branch=regular, i in [0,2Lambda]=True, i==Q(k_p) mod ell=True, e* in E_R=True, alpha^e*==giant mod p=True
  giantsteps: regular=1872, skinny=48
  babysteps: sieved |E_R|=79367 of dense 152780 (ratio 0.519, rho=0.519); skinny 1417; plain HH shortest-vector baseline 6569

Trial 81: N=73297587096646921 (57 bits), p=262789547, q=278921243
  m=1155 (primes<= 11), m0=2, X=m*m0=2310, S=[7, 11], t=2, M=77, rho=0.519, Y=5.000
  lambda0~2438.5, Lambda_R=86217, Lambda_S=799, L*=172512
  RESULT: factor 262789547  via collision mod p (multipoint gcd)  (0.4s)
  oracle (correct candidate): branch=regular, i in [0,2Lambda]=True, i==Q(k_p) mod ell=True, e* in E_R=True, alpha^e*==giant mod p=True
  giantsteps: regular=1888, skinny=32
  babysteps: sieved |E_R|=89618 of dense 172512 (ratio 0.519, rho=0.519); skinny 1599; plain HH shortest-vector baseline 7417

Trial 82: N=66734084402878097 (56 bits), p=172232941, q=387464117
  m=1155 (primes<= 11), m0=2, X=m*m0=2310, S=[7, 11], t=2, M=77, rho=0.519, Y=5.000
  lambda0~2326.8, Lambda_R=82267, Lambda_S=762, L*=164612
  RESULT: factor 172232941  via collision mod p (multipoint gcd)  (0.4s)
  oracle (correct candidate): branch=regular, i in [0,2Lambda]=True, i==Q(k_p) mod ell=True, e* in E_R=True, alpha^e*==giant mod p=True
  giantsteps: regular=1744, skinny=176
  babysteps: sieved |E_R|=85513 of dense 164612 (ratio 0.519, rho=0.519); skinny 1525; plain HH shortest-vector baseline 7077

Trial 83: N=31571975945000209 (55 bits), p=139780099, q=225868891
  m=1155 (primes<= 11), m0=2, X=m*m0=2310, S=[7, 11], t=2, M=77, rho=0.519, Y=5.000
  lambda0~1600.4, Lambda_R=56586, Lambda_S=525, L*=113250
  RESULT: factor 139780099  via collision mod p (multipoint gcd)  (0.2s)
  oracle (correct candidate): branch=regular, i in [0,2Lambda]=True, i==Q(k_p) mod ell=True, e* in E_R=True, alpha^e*==giant mod p=True
  giantsteps: regular=1840, skinny=80
  babysteps: sieved |E_R|=58831 of dense 113250 (ratio 0.519, rho=0.519); skinny 1051; plain HH shortest-vector baseline 4871

Trial 84: N=39145804312024591 (56 bits), p=181928437, q=215171443
  m=1155 (primes<= 11), m0=2, X=m*m0=2310, S=[7, 11], t=2, M=77, rho=0.519, Y=5.000
  lambda0~1782.1, Lambda_R=63008, Lambda_S=585, L*=126094
  RESULT: factor 215171443  via collision mod p (multipoint gcd)  (0.3s)
  oracle (correct candidate): branch=regular, i in [0,2Lambda]=True, i==Q(k_p) mod ell=True, e* in E_R=True, alpha^e*==giant mod p=True
  giantsteps: regular=1840, skinny=80
  babysteps: sieved |E_R|=65504 of dense 126094 (ratio 0.519, rho=0.519); skinny 1171; plain HH shortest-vector baseline 5423

Trial 85: N=76838120621865671 (57 bits), p=252344899, q=304496429
  m=1155 (primes<= 11), m0=2, X=m*m0=2310, S=[7, 11], t=2, M=77, rho=0.519, Y=5.000
  lambda0~2496.7, Lambda_R=88275, Lambda_S=818, L*=176628
  RESULT: factor 304496429  via collision mod p (multipoint gcd)  (0.4s)
  oracle (correct candidate): branch=skinny, i in [0,2Lambda]=True, i==Q(k_p) mod ell=True, e* in E_R=None, alpha^e*==giant mod p=True
  giantsteps: regular=1776, skinny=144
  babysteps: sieved |E_R|=91755 of dense 176628 (ratio 0.519, rho=0.519); skinny 1637; plain HH shortest-vector baseline 7595

Trial 86: N=51186116345677559 (56 bits), p=185928961, q=275299319
  m=1155 (primes<= 11), m0=2, X=m*m0=2310, S=[7, 11], t=2, M=77, rho=0.519, Y=5.000
  lambda0~2037.8, Lambda_R=72049, Lambda_S=668, L*=144176
  RESULT: factor 275299319  via exact match + Lemma 2.4  (0.1s)
  oracle (correct candidate): branch=regular, i in [0,2Lambda]=True, i==Q(k_p) mod ell=True, e* in E_R=True, alpha^e*==giant mod p=True
  giantsteps: regular=1856, skinny=64
  babysteps: sieved |E_R|=74898 of dense 144176 (ratio 0.519, rho=0.519); skinny 1337; plain HH shortest-vector baseline 6199

Trial 87: N=53877366509826187 (56 bits), p=186068527, q=289556581
  m=1155 (primes<= 11), m0=2, X=m*m0=2310, S=[7, 11], t=2, M=77, rho=0.519, Y=5.000
  lambda0~2090.7, Lambda_R=73919, Lambda_S=685, L*=147916
  RESULT: factor 186068527  via collision mod p (multipoint gcd)  (0.3s)
  oracle (correct candidate): branch=regular, i in [0,2Lambda]=True, i==Q(k_p) mod ell=True, e* in E_R=True, alpha^e*==giant mod p=True
  giantsteps: regular=1792, skinny=128
  babysteps: sieved |E_R|=76840 of dense 147916 (ratio 0.519, rho=0.519); skinny 1371; plain HH shortest-vector baseline 6361

Trial 88: N=74445743941814117 (57 bits), p=210829211, q=353109247
  m=1155 (primes<= 11), m0=2, X=m*m0=2310, S=[7, 11], t=2, M=77, rho=0.519, Y=5.000
  lambda0~2457.5, Lambda_R=86890, Lambda_S=805, L*=173858
  RESULT: factor 210829211  via collision mod p (multipoint gcd)  (0.4s)
  oracle (correct candidate): branch=regular, i in [0,2Lambda]=True, i==Q(k_p) mod ell=True, e* in E_R=True, alpha^e*==giant mod p=True
  giantsteps: regular=1872, skinny=48
  babysteps: sieved |E_R|=90316 of dense 173858 (ratio 0.519, rho=0.519); skinny 1611; plain HH shortest-vector baseline 7475

Trial 89: N=80874752644045231 (57 bits), p=209888411, q=385322621
  m=1155 (primes<= 11), m0=2, X=m*m0=2310, S=[7, 11], t=2, M=77, rho=0.519, Y=5.000
  lambda0~2561.5, Lambda_R=90564, Lambda_S=839, L*=181206
  RESULT: factor 385322621  via collision mod p (multipoint gcd)  (0.4s)
  oracle (correct candidate): branch=regular, i in [0,2Lambda]=True, i==Q(k_p) mod ell=True, e* in E_R=True, alpha^e*==giant mod p=True
  giantsteps: regular=1680, skinny=240
  babysteps: sieved |E_R|=94134 of dense 181206 (ratio 0.519, rho=0.519); skinny 1679; plain HH shortest-vector baseline 7791

Trial 90: N=84441924059798611 (57 bits), p=268163431, q=314889781
  m=1155 (primes<= 11), m0=2, X=m*m0=2310, S=[7, 11], t=2, M=77, rho=0.519, Y=5.000
  lambda0~2617.3, Lambda_R=92540, Lambda_S=857, L*=185158
  RESULT: factor 268163431  via collision mod p (multipoint gcd)  (0.4s)
  oracle (correct candidate): branch=skinny, i in [0,2Lambda]=True, i==Q(k_p) mod ell=True, e* in E_R=None, alpha^e*==giant mod p=True
  giantsteps: regular=1840, skinny=80
  babysteps: sieved |E_R|=96186 of dense 185158 (ratio 0.519, rho=0.519); skinny 1715; plain HH shortest-vector baseline 7961

Trial 91: N=87256481322826589 (57 bits), p=216645307, q=402761927
  m=1155 (primes<= 11), m0=2, X=m*m0=2310, S=[7, 11], t=2, M=77, rho=0.519, Y=5.000
  lambda0~2660.6, Lambda_R=94069, Lambda_S=871, L*=188216
  RESULT: factor 402761927  via collision mod p (multipoint gcd)  (0.4s)
  oracle (correct candidate): branch=regular, i in [0,2Lambda]=True, i==Q(k_p) mod ell=True, e* in E_R=True, alpha^e*==giant mod p=True
  giantsteps: regular=1856, skinny=64
  babysteps: sieved |E_R|=97776 of dense 188216 (ratio 0.519, rho=0.519); skinny 1743; plain HH shortest-vector baseline 8093

Trial 92: N=103533371709243809 (57 bits), p=264598283, q=391285123
  m=1155 (primes<= 11), m0=2, X=m*m0=2310, S=[7, 11], t=2, M=77, rho=0.519, Y=5.000
  lambda0~2898.2, Lambda_R=102468, Lambda_S=949, L*=205014
  RESULT: factor 391285123  via collision mod p (multipoint gcd)  (0.4s)
  oracle (correct candidate): branch=regular, i in [0,2Lambda]=True, i==Q(k_p) mod ell=True, e* in E_R=True, alpha^e*==giant mod p=True
  giantsteps: regular=1856, skinny=64
  babysteps: sieved |E_R|=106501 of dense 205014 (ratio 0.519, rho=0.519); skinny 1899; plain HH shortest-vector baseline 8815

Trial 93: N=85405899126457067 (57 bits), p=246668119, q=346238093
  m=1155 (primes<= 11), m0=2, X=m*m0=2310, S=[7, 11], t=2, M=77, rho=0.519, Y=5.000
  lambda0~2632.2, Lambda_R=93066, Lambda_S=862, L*=186210
  RESULT: factor 346238093  via collision mod p (multipoint gcd)  (0.4s)
  oracle (correct candidate): branch=regular, i in [0,2Lambda]=True, i==Q(k_p) mod ell=True, e* in E_R=True, alpha^e*==giant mod p=True
  giantsteps: regular=1904, skinny=16
  babysteps: sieved |E_R|=96734 of dense 186210 (ratio 0.519, rho=0.519); skinny 1725; plain HH shortest-vector baseline 8007

Trial 94: N=79429374814029011 (57 bits), p=205207157, q=387069223
  m=1155 (primes<= 11), m0=2, X=m*m0=2310, S=[7, 11], t=2, M=77, rho=0.519, Y=5.000
  lambda0~2538.5, Lambda_R=89751, Lambda_S=832, L*=179580
  RESULT: factor 387069223  via collision mod p (multipoint gcd)  (0.4s)
  oracle (correct candidate): branch=regular, i in [0,2Lambda]=True, i==Q(k_p) mod ell=True, e* in E_R=True, alpha^e*==giant mod p=True
  giantsteps: regular=1856, skinny=64
  babysteps: sieved |E_R|=93289 of dense 179580 (ratio 0.519, rho=0.519); skinny 1665; plain HH shortest-vector baseline 7721

Trial 95: N=117312392400970619 (57 bits), p=238978847, q=490890277
  m=1155 (primes<= 11), m0=2, X=m*m0=2310, S=[7, 11], t=2, M=77, rho=0.519, Y=5.000
  lambda0~3085.0, Lambda_R=109073, Lambda_S=1010, L*=218224
  RESULT: factor 490890277  via collision mod p (multipoint gcd)  (0.5s)
  oracle (correct candidate): branch=regular, i in [0,2Lambda]=True, i==Q(k_p) mod ell=True, e* in E_R=True, alpha^e*==giant mod p=True
  giantsteps: regular=1776, skinny=144
  babysteps: sieved |E_R|=113363 of dense 218224 (ratio 0.519, rho=0.519); skinny 2021; plain HH shortest-vector baseline 9383

Trial 96: N=66640624001948081 (56 bits), p=215069831, q=309855751
  m=1155 (primes<= 11), m0=2, X=m*m0=2310, S=[7, 11], t=2, M=77, rho=0.519, Y=5.000
  lambda0~2325.2, Lambda_R=82209, Lambda_S=762, L*=164496
  RESULT: factor 309855751  via collision mod p (multipoint gcd)  (0.3s)
  oracle (correct candidate): branch=regular, i in [0,2Lambda]=True, i==Q(k_p) mod ell=True, e* in E_R=True, alpha^e*==giant mod p=True
  giantsteps: regular=1856, skinny=64
  babysteps: sieved |E_R|=85454 of dense 164496 (ratio 0.519, rho=0.519); skinny 1525; plain HH shortest-vector baseline 7073

Trial 97: N=62331772546883981 (56 bits), p=234185359, q=266164259
  m=1155 (primes<= 11), m0=2, X=m*m0=2310, S=[7, 11], t=2, M=77, rho=0.519, Y=5.000
  lambda0~2248.7, Lambda_R=79507, Lambda_S=737, L*=159092
  RESULT: factor 234185359  via collision mod p (multipoint gcd)  (0.3s)
  oracle (correct candidate): branch=regular, i in [0,2Lambda]=True, i==Q(k_p) mod ell=True, e* in E_R=True, alpha^e*==giant mod p=True
  giantsteps: regular=1856, skinny=64
  babysteps: sieved |E_R|=82646 of dense 159092 (ratio 0.519, rho=0.519); skinny 1475; plain HH shortest-vector baseline 6841

Trial 98: N=68529955800622781 (56 bits), p=148976687, q=460004563
  m=1155 (primes<= 11), m0=2, X=m*m0=2310, S=[7, 11], t=2, M=77, rho=0.519, Y=5.000
  lambda0~2357.9, Lambda_R=83366, Lambda_S=773, L*=166810
  RESULT: factor 148976687  via collision mod p (multipoint gcd)  (0.4s)
  oracle (correct candidate): branch=regular, i in [0,2Lambda]=True, i==Q(k_p) mod ell=True, e* in E_R=True, alpha^e*==giant mod p=True
  giantsteps: regular=1872, skinny=48
  babysteps: sieved |E_R|=86656 of dense 166810 (ratio 0.519, rho=0.519); skinny 1547; plain HH shortest-vector baseline 7173

Trial 99: N=66828155689803337 (56 bits), p=210280489, q=317804833
  m=1155 (primes<= 11), m0=2, X=m*m0=2310, S=[7, 11], t=2, M=77, rho=0.519, Y=5.000
  lambda0~2328.4, Lambda_R=82325, Lambda_S=763, L*=164728
  RESULT: factor 210280489  via collision mod p (multipoint gcd)  (0.4s)
  oracle (correct candidate): branch=regular, i in [0,2Lambda]=True, i==Q(k_p) mod ell=True, e* in E_R=True, alpha^e*==giant mod p=True
  giantsteps: regular=1872, skinny=48
  babysteps: sieved |E_R|=85574 of dense 164728 (ratio 0.519, rho=0.519); skinny 1527; plain HH shortest-vector baseline 7083

Trial 100: N=43789624515239279 (56 bits), p=194017099, q=225699821
  m=1155 (primes<= 11), m0=2, X=m*m0=2310, S=[7, 11], t=2, M=77, rho=0.519, Y=5.000
  lambda0~1884.8, Lambda_R=66641, Lambda_S=618, L*=133360
  RESULT: factor 225699821  via collision mod p (multipoint gcd)  (0.3s)
  oracle (correct candidate): branch=regular, i in [0,2Lambda]=True, i==Q(k_p) mod ell=True, e* in E_R=True, alpha^e*==giant mod p=True
  giantsteps: regular=1776, skinny=144
  babysteps: sieved |E_R|=69279 of dense 133360 (ratio 0.519, rho=0.519); skinny 1237; plain HH shortest-vector baseline 5735

100/100 factored.
