
Trial 1: N=102860326667779489 (57 bits), p=248494511, q=413933999
  m=1155 (primes<= 11), m0=2, X=m*m0=2310, S=[7, 11], t=2, M=77, rho=0.519, Y=3.000
  lambda0~2888.7, Lambda_R=61282, Lambda_S=1575, L*=122642
  RESULT: factor 413933999  via collision mod p (multipoint gcd)  (0.3s)
  oracle (correct candidate): branch=regular, i in [0,2Lambda]=True, i==Q(k_p) mod ell=True, e* in E_R=True, alpha^e*==giant mod p=True
  giantsteps: regular=1760, skinny=160
  babysteps: sieved |E_R|=63710 of dense 122642 (ratio 0.519, rho=0.519); skinny 3151; plain HH shortest-vector baseline 8785

Trial 2: N=97712802804780931 (57 bits), p=212615839, q=459574429
  m=1155 (primes<= 11), m0=2, X=m*m0=2310, S=[7, 11], t=2, M=77, rho=0.519, Y=3.000
  lambda0~2815.5, Lambda_R=59729, Lambda_S=1535, L*=119536
  RESULT: factor 212615839  via collision mod p (multipoint gcd)  (0.3s)
  oracle (correct candidate): branch=regular, i in [0,2Lambda]=True, i==Q(k_p) mod ell=True, e* in E_R=True, alpha^e*==giant mod p=True
  giantsteps: regular=1712, skinny=208
  babysteps: sieved |E_R|=62098 of dense 119536 (ratio 0.519, rho=0.519); skinny 3071; plain HH shortest-vector baseline 8563

Trial 3: N=38018101311493783 (56 bits), p=149621803, q=254094661
  m=1155 (primes<= 11), m0=2, X=m*m0=2310, S=[7, 11], t=2, M=77, rho=0.519, Y=3.000
  lambda0~1756.2, Lambda_R=37257, Lambda_S=958, L*=74592
  RESULT: factor 149621803  via collision mod p (multipoint gcd)  (0.2s)
  oracle (correct candidate): branch=regular, i in [0,2Lambda]=True, i==Q(k_p) mod ell=True, e* in E_R=True, alpha^e*==giant mod p=True
  giantsteps: regular=1776, skinny=144
  babysteps: sieved |E_R|=38749 of dense 74592 (ratio 0.519, rho=0.519); skinny 1917; plain HH shortest-vector baseline 5343

Trial 4: N=32637891663637417 (55 bits), p=176643367, q=184767151
  m=1155 (primes<= 11), m0=2, X=m*m0=2310, S=[7, 11], t=2, M=77, rho=0.519, Y=3.000
  lambda0~1627.2, Lambda_R=34521, Lambda_S=888, L*=69120
  RESULT: factor 184767151  via collision mod p (multipoint gcd)  (0.2s)
  oracle (correct candidate): branch=regular, i in [0,2Lambda]=True, i==Q(k_p) mod ell=True, e* in E_R=True, alpha^e*==giant mod p=True
  giantsteps: regular=1632, skinny=288
  babysteps: sieved |E_R|=35906 of dense 69120 (ratio 0.519, rho=0.519); skinny 1777; plain HH shortest-vector baseline 4951

Trial 5: N=51033672080342671 (56 bits), p=155936471, q=327272201
  m=1155 (primes<= 11), m0=2, X=m*m0=2310, S=[7, 11], t=2, M=77, rho=0.519, Y=3.000
  lambda0~2034.7, Lambda_R=43166, Lambda_S=1110, L*=86410
  RESULT: factor 327272201  via collision mod p (multipoint gcd)  (0.2s)
  oracle (correct candidate): branch=regular, i in [0,2Lambda]=True, i==Q(k_p) mod ell=True, e* in E_R=True, alpha^e*==giant mod p=True
  giantsteps: regular=1712, skinny=208
  babysteps: sieved |E_R|=44889 of dense 86410 (ratio 0.519, rho=0.519); skinny 2221; plain HH shortest-vector baseline 6191

Trial 6: N=98638501148788589 (57 bits), p=268285469, q=367662481
  m=1155 (primes<= 11), m0=2, X=m*m0=2310, S=[7, 11], t=2, M=77, rho=0.519, Y=3.000
  lambda0~2828.8, Lambda_R=60011, Lambda_S=1542, L*=120100
  RESULT: factor 367662481  via collision mod p (multipoint gcd)  (0.3s)
  oracle (correct candidate): branch=regular, i in [0,2Lambda]=True, i==Q(k_p) mod ell=True, e* in E_R=True, alpha^e*==giant mod p=True
  giantsteps: regular=1776, skinny=144
  babysteps: sieved |E_R|=62390 of dense 120100 (ratio 0.519, rho=0.519); skinny 3085; plain HH shortest-vector baseline 8603

Trial 7: N=136799019079025021 (57 bits), p=259270493, q=527630497
  m=1155 (primes<= 11), m0=2, X=m*m0=2310, S=[7, 11], t=2, M=77, rho=0.519, Y=3.000
  lambda0~3331.4, Lambda_R=70672, Lambda_S=1816, L*=141422
  RESULT: factor 527630497  via collision mod p (multipoint gcd)  (0.3s)
  oracle (correct candidate): branch=regular, i in [0,2Lambda]=True, i==Q(k_p) mod ell=True, e* in E_R=True, alpha^e*==giant mod p=True
  giantsteps: regular=1760, skinny=160
  babysteps: sieved |E_R|=73466 of dense 141422 (ratio 0.519, rho=0.519); skinny 3633; plain HH shortest-vector baseline 10131

Trial 8: N=32682318387626081 (55 bits), p=135905983, q=240477407
  m=1155 (primes<= 11), m0=2, X=m*m0=2310, S=[7, 11], t=2, M=77, rho=0.519, Y=3.000
  lambda0~1628.3, Lambda_R=34544, Lambda_S=889, L*=69166
  RESULT: factor 135905983  via collision mod p (multipoint gcd)  (0.2s)
  oracle (correct candidate): branch=regular, i in [0,2Lambda]=True, i==Q(k_p) mod ell=True, e* in E_R=True, alpha^e*==giant mod p=True
  giantsteps: regular=1760, skinny=160
  babysteps: sieved |E_R|=35931 of dense 69166 (ratio 0.519, rho=0.519); skinny 1779; plain HH shortest-vector baseline 4955

Trial 9: N=64943305108562807 (56 bits), p=199602203, q=325363669
  m=1155 (primes<= 11), m0=2, X=m*m0=2310, S=[7, 11], t=2, M=77, rho=0.519, Y=3.000
  lambda0~2295.4, Lambda_R=48694, Lambda_S=1252, L*=97466
  RESULT: factor 325363669  via collision mod p (multipoint gcd)  (0.2s)
  oracle (correct candidate): branch=regular, i in [0,2Lambda]=True, i==Q(k_p) mod ell=True, e* in E_R=True, alpha^e*==giant mod p=True
  giantsteps: regular=1664, skinny=256
  babysteps: sieved |E_R|=50632 of dense 97466 (ratio 0.519, rho=0.519); skinny 2505; plain HH shortest-vector baseline 6983

Trial 10: N=66461744097797467 (56 bits), p=139497773, q=476435879
  m=1155 (primes<= 11), m0=2, X=m*m0=2310, S=[7, 11], t=2, M=77, rho=0.519, Y=3.000
  lambda0~2322.0, Lambda_R=49260, Lambda_S=1266, L*=98598
  RESULT: factor 476435879  via collision mod p (multipoint gcd)  (0.2s)
  oracle (correct candidate): branch=regular, i in [0,2Lambda]=True, i==Q(k_p) mod ell=True, e* in E_R=True, alpha^e*==giant mod p=True
  giantsteps: regular=1632, skinny=288
  babysteps: sieved |E_R|=51221 of dense 98598 (ratio 0.519, rho=0.519); skinny 2533; plain HH shortest-vector baseline 7063

Trial 11: N=41901370206676969 (56 bits), p=175227127, q=239126047
  m=1155 (primes<= 11), m0=2, X=m*m0=2310, S=[7, 11], t=2, M=77, rho=0.519, Y=3.000
  lambda0~1843.7, Lambda_R=39114, Lambda_S=1006, L*=78306
  RESULT: factor 175227127  via collision mod p (multipoint gcd)  (0.2s)
  oracle (correct candidate): branch=regular, i in [0,2Lambda]=True, i==Q(k_p) mod ell=True, e* in E_R=True, alpha^e*==giant mod p=True
  giantsteps: regular=1760, skinny=160
  babysteps: sieved |E_R|=40679 of dense 78306 (ratio 0.519, rho=0.519); skinny 2013; plain HH shortest-vector baseline 5609

Trial 12: N=47415271214292199 (56 bits), p=166452367, q=284857897
  m=1155 (primes<= 11), m0=2, X=m*m0=2310, S=[7, 11], t=2, M=77, rho=0.519, Y=3.000
  lambda0~1961.3, Lambda_R=41608, Lambda_S=1070, L*=83294
  RESULT: factor 284857897  via collision mod p (multipoint gcd)  (0.2s)
  oracle (correct candidate): branch=skinny, i in [0,2Lambda]=True, i==Q(k_p) mod ell=True, e* in E_R=None, alpha^e*==giant mod p=True
  giantsteps: regular=1504, skinny=416
  babysteps: sieved |E_R|=43270 of dense 83294 (ratio 0.519, rho=0.519); skinny 2141; plain HH shortest-vector baseline 5967

Trial 13: N=90807303123361997 (57 bits), p=246375707, q=368572471
  m=1155 (primes<= 11), m0=2, X=m*m0=2310, S=[7, 11], t=2, M=77, rho=0.519, Y=3.000
  lambda0~2714.2, Lambda_R=57579, Lambda_S=1480, L*=115236
  RESULT: factor 368572471  via collision mod p (multipoint gcd)  (0.2s)
  oracle (correct candidate): branch=regular, i in [0,2Lambda]=True, i==Q(k_p) mod ell=True, e* in E_R=True, alpha^e*==giant mod p=True
  giantsteps: regular=1584, skinny=336
  babysteps: sieved |E_R|=59863 of dense 115236 (ratio 0.519, rho=0.519); skinny 2961; plain HH shortest-vector baseline 8255

Trial 14: N=54874396700910881 (56 bits), p=187416539, q=292793779
  m=1155 (primes<= 11), m0=2, X=m*m0=2310, S=[7, 11], t=2, M=77, rho=0.519, Y=3.000
  lambda0~2109.9, Lambda_R=44761, Lambda_S=1151, L*=89600
  RESULT: factor 187416539  via collision mod p (multipoint gcd)  (0.2s)
  oracle (correct candidate): branch=regular, i in [0,2Lambda]=True, i==Q(k_p) mod ell=True, e* in E_R=True, alpha^e*==giant mod p=True
  giantsteps: regular=1648, skinny=272
  babysteps: sieved |E_R|=46545 of dense 89600 (ratio 0.519, rho=0.519); skinny 2303; plain HH shortest-vector baseline 6419

Trial 15: N=38521962557743667 (56 bits), p=176537567, q=218208301
  m=1155 (primes<= 11), m0=2, X=m*m0=2310, S=[7, 11], t=2, M=77, rho=0.519, Y=3.000
  lambda0~1767.8, Lambda_R=37503, Lambda_S=965, L*=75084
  RESULT: factor 218208301  via collision mod p (multipoint gcd)  (0.2s)
  oracle (correct candidate): branch=regular, i in [0,2Lambda]=True, i==Q(k_p) mod ell=True, e* in E_R=True, alpha^e*==giant mod p=True
  giantsteps: regular=1584, skinny=336
  babysteps: sieved |E_R|=39005 of dense 75084 (ratio 0.519, rho=0.519); skinny 1931; plain HH shortest-vector baseline 5379

Trial 16: N=83474460332184793 (57 bits), p=210489739, q=396572587
  m=1155 (primes<= 11), m0=2, X=m*m0=2310, S=[7, 11], t=2, M=77, rho=0.519, Y=3.000
  lambda0~2602.3, Lambda_R=55206, Lambda_S=1419, L*=110490
  RESULT: factor 396572587  via collision mod p (multipoint gcd)  (0.2s)
  oracle (correct candidate): branch=regular, i in [0,2Lambda]=True, i==Q(k_p) mod ell=True, e* in E_R=True, alpha^e*==giant mod p=True
  giantsteps: regular=1712, skinny=208
  babysteps: sieved |E_R|=57399 of dense 110490 (ratio 0.519, rho=0.519); skinny 2839; plain HH shortest-vector baseline 7915

Trial 17: N=41470231491276233 (56 bits), p=197910569, q=209540257
  m=1155 (primes<= 11), m0=2, X=m*m0=2310, S=[7, 11], t=2, M=77, rho=0.519, Y=3.000
  lambda0~1834.2, Lambda_R=38912, Lambda_S=1001, L*=77902
  RESULT: factor 209540257  via collision mod p (multipoint gcd)  (0.2s)
  oracle (correct candidate): branch=skinny, i in [0,2Lambda]=True, i==Q(k_p) mod ell=True, e* in E_R=None, alpha^e*==giant mod p=True
  giantsteps: regular=1584, skinny=336
  babysteps: sieved |E_R|=40468 of dense 77902 (ratio 0.519, rho=0.519); skinny 2003; plain HH shortest-vector baseline 5581

Trial 18: N=69980065861980697 (56 bits), p=223484531, q=313131587
  m=1155 (primes<= 11), m0=2, X=m*m0=2310, S=[7, 11], t=2, M=77, rho=0.519, Y=3.000
  lambda0~2382.7, Lambda_R=50547, Lambda_S=1299, L*=101172
  RESULT: factor 313131587  via collision mod p (multipoint gcd)  (0.2s)
  oracle (correct candidate): branch=regular, i in [0,2Lambda]=True, i==Q(k_p) mod ell=True, e* in E_R=True, alpha^e*==giant mod p=True
  giantsteps: regular=1632, skinny=288
  babysteps: sieved |E_R|=52558 of dense 101172 (ratio 0.519, rho=0.519); skinny 2599; plain HH shortest-vector baseline 7247

Trial 19: N=116815388566136719 (57 bits), p=254248921, q=459452839
  m=1155 (primes<= 11), m0=2, X=m*m0=2310, S=[7, 11], t=2, M=77, rho=0.519, Y=3.000
  lambda0~3078.4, Lambda_R=65306, Lambda_S=1678, L*=130690
  RESULT: factor 459452839  via collision mod p (multipoint gcd)  (0.3s)
  oracle (correct candidate): branch=regular, i in [0,2Lambda]=True, i==Q(k_p) mod ell=True, e* in E_R=True, alpha^e*==giant mod p=True
  giantsteps: regular=1760, skinny=160
  babysteps: sieved |E_R|=67892 of dense 130690 (ratio 0.519, rho=0.519); skinny 3357; plain HH shortest-vector baseline 9363

Trial 20: N=31395479028611839 (55 bits), p=155180821, q=202315459
  m=1155 (primes<= 11), m0=2, X=m*m0=2310, S=[7, 11], t=2, M=77, rho=0.519, Y=3.000
  lambda0~1595.9, Lambda_R=33857, Lambda_S=871, L*=67792
  RESULT: factor 202315459  via collision mod p (multipoint gcd)  (0.2s)
  oracle (correct candidate): branch=regular, i in [0,2Lambda]=True, i==Q(k_p) mod ell=True, e* in E_R=True, alpha^e*==giant mod p=True
  giantsteps: regular=1504, skinny=416
  babysteps: sieved |E_R|=35218 of dense 67792 (ratio 0.520, rho=0.519); skinny 1743; plain HH shortest-vector baseline 4857

Trial 21: N=77266377586229417 (57 bits), p=264398419, q=292234643
  m=1155 (primes<= 11), m0=2, X=m*m0=2310, S=[7, 11], t=2, M=77, rho=0.519, Y=3.000
  lambda0~2503.7, Lambda_R=53113, Lambda_S=1365, L*=106304
  RESULT: factor 264398419  via collision mod p (multipoint gcd)  (0.2s)
  oracle (correct candidate): branch=regular, i in [0,2Lambda]=True, i==Q(k_p) mod ell=True, e* in E_R=True, alpha^e*==giant mod p=True
  giantsteps: regular=1664, skinny=256
  babysteps: sieved |E_R|=55223 of dense 106304 (ratio 0.519, rho=0.519); skinny 2731; plain HH shortest-vector baseline 7615

Trial 22: N=114326684324911571 (57 bits), p=226452377, q=504859723
  m=1155 (primes<= 11), m0=2, X=m*m0=2310, S=[7, 11], t=2, M=77, rho=0.519, Y=3.000
  lambda0~3045.5, Lambda_R=64607, Lambda_S=1660, L*=129292
  RESULT: factor 504859723  via collision mod p (multipoint gcd)  (0.3s)
  oracle (correct candidate): branch=regular, i in [0,2Lambda]=True, i==Q(k_p) mod ell=True, e* in E_R=True, alpha^e*==giant mod p=True
  giantsteps: regular=1776, skinny=144
  babysteps: sieved |E_R|=67165 of dense 129292 (ratio 0.519, rho=0.519); skinny 3321; plain HH shortest-vector baseline 9263

Trial 23: N=68429122070284667 (56 bits), p=140229449, q=487979683
  m=1155 (primes<= 11), m0=2, X=m*m0=2310, S=[7, 11], t=2, M=77, rho=0.519, Y=3.000
  lambda0~2356.1, Lambda_R=49984, Lambda_S=1285, L*=100046
  RESULT: factor 140229449  via collision mod p (multipoint gcd)  (0.2s)
  oracle (correct candidate): branch=skinny, i in [0,2Lambda]=True, i==Q(k_p) mod ell=True, e* in E_R=None, alpha^e*==giant mod p=True
  giantsteps: regular=1664, skinny=256
  babysteps: sieved |E_R|=51973 of dense 100046 (ratio 0.519, rho=0.519); skinny 2571; plain HH shortest-vector baseline 7167

Trial 24: N=127349769981895829 (57 bits), p=258812101, q=492054929
  m=1155 (primes<= 11), m0=2, X=m*m0=2310, S=[7, 11], t=2, M=77, rho=0.519, Y=3.000
  lambda0~3214.3, Lambda_R=68187, Lambda_S=1752, L*=136452
  RESULT: factor 258812101  via collision mod p (multipoint gcd)  (0.3s)
  oracle (correct candidate): branch=regular, i in [0,2Lambda]=True, i==Q(k_p) mod ell=True, e* in E_R=True, alpha^e*==giant mod p=True
  giantsteps: regular=1744, skinny=176
  babysteps: sieved |E_R|=70884 of dense 136452 (ratio 0.519, rho=0.519); skinny 3505; plain HH shortest-vector baseline 9775

Trial 25: N=114894337969672829 (57 bits), p=232310171, q=494572999
  m=1155 (primes<= 11), m0=2, X=m*m0=2310, S=[7, 11], t=2, M=77, rho=0.519, Y=3.000
  lambda0~3053.0, Lambda_R=64767, Lambda_S=1664, L*=129612
  RESULT: factor 232310171  via collision mod p (multipoint gcd)  (0.3s)
  oracle (correct candidate): branch=regular, i in [0,2Lambda]=True, i==Q(k_p) mod ell=True, e* in E_R=True, alpha^e*==giant mod p=True
  giantsteps: regular=1776, skinny=144
  babysteps: sieved |E_R|=67332 of dense 129612 (ratio 0.519, rho=0.519); skinny 3329; plain HH shortest-vector baseline 9285

Trial 26: N=135273354365502907 (57 bits), p=253065023, q=534539909
  m=1155 (primes<= 11), m0=2, X=m*m0=2310, S=[7, 11], t=2, M=77, rho=0.519, Y=3.000
  lambda0~3312.7, Lambda_R=70276, Lambda_S=1806, L*=140630
  RESULT: factor 253065023  via exact match + Lemma 2.4  (0.1s)
  oracle (correct candidate): branch=skinny, i in [0,2Lambda]=True, i==Q(k_p) mod ell=True, e* in E_R=None, alpha^e*==giant mod p=True
  giantsteps: regular=1712, skinny=208
  babysteps: sieved |E_R|=73056 of dense 140630 (ratio 0.519, rho=0.519); skinny 3613; plain HH shortest-vector baseline 10075

Trial 27: N=82370541479906917 (57 bits), p=207923437, q=396158041
  m=1155 (primes<= 11), m0=2, X=m*m0=2310, S=[7, 11], t=2, M=77, rho=0.519, Y=3.000
  lambda0~2585.0, Lambda_R=54840, Lambda_S=1410, L*=109758
  RESULT: factor 396158041  via collision mod p (multipoint gcd)  (0.2s)
  oracle (correct candidate): branch=regular, i in [0,2Lambda]=True, i==Q(k_p) mod ell=True, e* in E_R=True, alpha^e*==giant mod p=True
  giantsteps: regular=1776, skinny=144
  babysteps: sieved |E_R|=57018 of dense 109758 (ratio 0.519, rho=0.519); skinny 2821; plain HH shortest-vector baseline 7863

Trial 28: N=62021315773572019 (56 bits), p=208722511, q=297147229
  m=1155 (primes<= 11), m0=2, X=m*m0=2310, S=[7, 11], t=2, M=77, rho=0.519, Y=3.000
  lambda0~2243.1, Lambda_R=47586, Lambda_S=1223, L*=95250
  RESULT: factor 297147229  via collision mod p (multipoint gcd)  (0.2s)
  oracle (correct candidate): branch=regular, i in [0,2Lambda]=True, i==Q(k_p) mod ell=True, e* in E_R=True, alpha^e*==giant mod p=True
  giantsteps: regular=1760, skinny=160
  babysteps: sieved |E_R|=49481 of dense 95250 (ratio 0.519, rho=0.519); skinny 2447; plain HH shortest-vector baseline 6823

Trial 29: N=51054245568453731 (56 bits), p=140987489, q=362118979
  m=1155 (primes<= 11), m0=2, X=m*m0=2310, S=[7, 11], t=2, M=77, rho=0.519, Y=3.000
  lambda0~2035.2, Lambda_R=43175, Lambda_S=1110, L*=86428
  RESULT: factor 140987489  via collision mod p (multipoint gcd)  (0.2s)
  oracle (correct candidate): branch=regular, i in [0,2Lambda]=True, i==Q(k_p) mod ell=True, e* in E_R=True, alpha^e*==giant mod p=True
  giantsteps: regular=1776, skinny=144
  babysteps: sieved |E_R|=44898 of dense 86428 (ratio 0.519, rho=0.519); skinny 2221; plain HH shortest-vector baseline 6191

Trial 30: N=50386265125823741 (56 bits), p=156171731, q=322633711
  m=1155 (primes<= 11), m0=2, X=m*m0=2310, S=[7, 11], t=2, M=77, rho=0.519, Y=3.000
  lambda0~2021.8, Lambda_R=42891, Lambda_S=1103, L*=85860
  RESULT: factor 156171731  via collision mod p (multipoint gcd)  (0.2s)
  oracle (correct candidate): branch=regular, i in [0,2Lambda]=True, i==Q(k_p) mod ell=True, e* in E_R=True, alpha^e*==giant mod p=True
  giantsteps: regular=1744, skinny=176
  babysteps: sieved |E_R|=44603 of dense 85860 (ratio 0.519, rho=0.519); skinny 2207; plain HH shortest-vector baseline 6151

Trial 31: N=32002985064629303 (55 bits), p=170176969, q=188057087
  m=1155 (primes<= 11), m0=2, X=m*m0=2310, S=[7, 11], t=2, M=77, rho=0.519, Y=3.000
  lambda0~1611.3, Lambda_R=34183, Lambda_S=880, L*=68444
  RESULT: factor 170176969  via collision mod p (multipoint gcd)  (0.2s)
  oracle (correct candidate): branch=regular, i in [0,2Lambda]=True, i==Q(k_p) mod ell=True, e* in E_R=True, alpha^e*==giant mod p=True
  giantsteps: regular=1584, skinny=336
  babysteps: sieved |E_R|=35556 of dense 68444 (ratio 0.519, rho=0.519); skinny 1761; plain HH shortest-vector baseline 4903

Trial 32: N=120626956088690959 (57 bits), p=249966643, q=482572213
  m=1155 (primes<= 11), m0=2, X=m*m0=2310, S=[7, 11], t=2, M=77, rho=0.519, Y=3.000
  lambda0~3128.3, Lambda_R=66363, Lambda_S=1705, L*=132804
  RESULT: factor 482572213  via collision mod p (multipoint gcd)  (0.3s)
  oracle (correct candidate): branch=regular, i in [0,2Lambda]=True, i==Q(k_p) mod ell=True, e* in E_R=True, alpha^e*==giant mod p=True
  giantsteps: regular=1728, skinny=192
  babysteps: sieved |E_R|=68989 of dense 132804 (ratio 0.519, rho=0.519); skinny 3411; plain HH shortest-vector baseline 9513

Trial 33: N=91138515605626759 (57 bits), p=212593253, q=428699003
  m=1155 (primes<= 11), m0=2, X=m*m0=2310, S=[7, 11], t=2, M=77, rho=0.519, Y=3.000
  lambda0~2719.1, Lambda_R=57684, Lambda_S=1483, L*=115446
  RESULT: factor 428699003  via collision mod p (multipoint gcd)  (0.3s)
  oracle (correct candidate): branch=regular, i in [0,2Lambda]=True, i==Q(k_p) mod ell=True, e* in E_R=True, alpha^e*==giant mod p=True
  giantsteps: regular=1760, skinny=160
  babysteps: sieved |E_R|=59973 of dense 115446 (ratio 0.519, rho=0.519); skinny 2967; plain HH shortest-vector baseline 8271

Trial 34: N=64759927302243553 (56 bits), p=170143231, q=380620063
  m=1155 (primes<= 11), m0=2, X=m*m0=2310, S=[7, 11], t=2, M=77, rho=0.519, Y=3.000
  lambda0~2292.1, Lambda_R=48625, Lambda_S=1250, L*=97328
  RESULT: factor 170143231  via collision mod p (multipoint gcd)  (0.2s)
  oracle (correct candidate): branch=regular, i in [0,2Lambda]=True, i==Q(k_p) mod ell=True, e* in E_R=True, alpha^e*==giant mod p=True
  giantsteps: regular=1776, skinny=144
  babysteps: sieved |E_R|=50560 of dense 97328 (ratio 0.519, rho=0.519); skinny 2501; plain HH shortest-vector baseline 6973

Trial 35: N=79955606130801113 (57 bits), p=176416351, q=453221063
  m=1155 (primes<= 11), m0=2, X=m*m0=2310, S=[7, 11], t=2, M=77, rho=0.519, Y=3.000
  lambda0~2546.9, Lambda_R=54030, Lambda_S=1389, L*=108138
  RESULT: factor 176416351  via Lemma 3.11 certification  (0.0s)

Trial 36: N=98085820792764769 (57 bits), p=254270713, q=385753513
  m=1155 (primes<= 11), m0=2, X=m*m0=2310, S=[7, 11], t=2, M=77, rho=0.519, Y=3.000
  lambda0~2820.9, Lambda_R=59842, Lambda_S=1538, L*=119762
  RESULT: factor 254270713  via collision mod p (multipoint gcd)  (0.3s)
  oracle (correct candidate): branch=regular, i in [0,2Lambda]=True, i==Q(k_p) mod ell=True, e* in E_R=True, alpha^e*==giant mod p=True
  giantsteps: regular=1728, skinny=192
  babysteps: sieved |E_R|=62215 of dense 119762 (ratio 0.519, rho=0.519); skinny 3077; plain HH shortest-vector baseline 8579

Trial 37: N=80165728020912949 (57 bits), p=220243861, q=363986209
  m=1155 (primes<= 11), m0=2, X=m*m0=2310, S=[7, 11], t=2, M=77, rho=0.519, Y=3.000
  lambda0~2550.2, Lambda_R=54101, Lambda_S=1391, L*=108280
  RESULT: factor 363986209  via collision mod p (multipoint gcd)  (0.2s)
  oracle (correct candidate): branch=regular, i in [0,2Lambda]=True, i==Q(k_p) mod ell=True, e* in E_R=True, alpha^e*==giant mod p=True
  giantsteps: regular=1760, skinny=160
  babysteps: sieved |E_R|=56250 of dense 108280 (ratio 0.519, rho=0.519); skinny 2783; plain HH shortest-vector baseline 7757

Trial 38: N=85420600481599633 (57 bits), p=185303413, q=460976941
  m=1155 (primes<= 11), m0=2, X=m*m0=2310, S=[7, 11], t=2, M=77, rho=0.519, Y=3.000
  lambda0~2632.5, Lambda_R=55846, Lambda_S=1435, L*=111770
  RESULT: factor 185303413  via collision mod p (multipoint gcd)  (0.2s)
  oracle (correct candidate): branch=regular, i in [0,2Lambda]=True, i==Q(k_p) mod ell=True, e* in E_R=True, alpha^e*==giant mod p=True
  giantsteps: regular=1776, skinny=144
  babysteps: sieved |E_R|=58063 of dense 111770 (ratio 0.519, rho=0.519); skinny 2871; plain HH shortest-vector baseline 8007

Trial 39: N=108591649701425419 (57 bits), p=207654631, q=522943549
  m=1155 (primes<= 11), m0=2, X=m*m0=2310, S=[7, 11], t=2, M=77, rho=0.519, Y=3.000
  lambda0~2968.1, Lambda_R=62966, Lambda_S=1618, L*=126010
  RESULT: factor 207654631  via collision mod p (multipoint gcd)  (0.3s)
  oracle (correct candidate): branch=regular, i in [0,2Lambda]=True, i==Q(k_p) mod ell=True, e* in E_R=True, alpha^e*==giant mod p=True
  giantsteps: regular=1504, skinny=416
  babysteps: sieved |E_R|=65461 of dense 126010 (ratio 0.519, rho=0.519); skinny 3237; plain HH shortest-vector baseline 9027

Trial 40: N=41474781923594009 (56 bits), p=183721093, q=225748613
  m=1155 (primes<= 11), m0=2, X=m*m0=2310, S=[7, 11], t=2, M=77, rho=0.519, Y=3.000
  lambda0~1834.3, Lambda_R=38914, Lambda_S=1001, L*=77906
  RESULT: factor 183721093  via collision mod p (multipoint gcd)  (0.2s)
  oracle (correct candidate): branch=regular, i in [0,2Lambda]=True, i==Q(k_p) mod ell=True, e* in E_R=True, alpha^e*==giant mod p=True
  giantsteps: regular=1744, skinny=176
  babysteps: sieved |E_R|=40471 of dense 77906 (ratio 0.519, rho=0.519); skinny 2003; plain HH shortest-vector baseline 5581

Trial 41: N=31573393572668267 (55 bits), p=151148443, q=208889969
  m=1155 (primes<= 11), m0=2, X=m*m0=2310, S=[7, 11], t=2, M=77, rho=0.519, Y=3.000
  lambda0~1600.5, Lambda_R=33953, Lambda_S=874, L*=67984
  RESULT: factor 151148443  via collision mod p (multipoint gcd)  (0.2s)
  oracle (correct candidate): branch=regular, i in [0,2Lambda]=True, i==Q(k_p) mod ell=True, e* in E_R=True, alpha^e*==giant mod p=True
  giantsteps: regular=1664, skinny=256
  babysteps: sieved |E_R|=35317 of dense 67984 (ratio 0.519, rho=0.519); skinny 1749; plain HH shortest-vector baseline 4871

Trial 42: N=118253390219730761 (57 bits), p=264510899, q=447064339
  m=1155 (primes<= 11), m0=2, X=m*m0=2310, S=[7, 11], t=2, M=77, rho=0.519, Y=3.000
  lambda0~3097.3, Lambda_R=65707, Lambda_S=1688, L*=131492
  RESULT: factor 447064339  via collision mod p (multipoint gcd)  (0.3s)
  oracle (correct candidate): branch=regular, i in [0,2Lambda]=True, i==Q(k_p) mod ell=True, e* in E_R=True, alpha^e*==giant mod p=True
  giantsteps: regular=1776, skinny=144
  babysteps: sieved |E_R|=68307 of dense 131492 (ratio 0.519, rho=0.519); skinny 3377; plain HH shortest-vector baseline 9419

Trial 43: N=69816514360306957 (56 bits), p=216298499, q=322778543
  m=1155 (primes<= 11), m0=2, X=m*m0=2310, S=[7, 11], t=2, M=77, rho=0.519, Y=3.000
  lambda0~2379.9, Lambda_R=50488, Lambda_S=1298, L*=101054
  RESULT: factor 322778543  via collision mod p (multipoint gcd)  (0.2s)
  oracle (correct candidate): branch=regular, i in [0,2Lambda]=True, i==Q(k_p) mod ell=True, e* in E_R=True, alpha^e*==giant mod p=True
  giantsteps: regular=1632, skinny=288
  babysteps: sieved |E_R|=52497 of dense 101054 (ratio 0.519, rho=0.519); skinny 2597; plain HH shortest-vector baseline 7239

Trial 44: N=88340236039618711 (57 bits), p=184095413, q=479861147
  m=1155 (primes<= 11), m0=2, X=m*m0=2310, S=[7, 11], t=2, M=77, rho=0.519, Y=3.000
  lambda0~2677.1, Lambda_R=56792, Lambda_S=1460, L*=113662
  RESULT: factor 184095413  via collision mod p (multipoint gcd)  (0.3s)
  oracle (correct candidate): branch=regular, i in [0,2Lambda]=True, i==Q(k_p) mod ell=True, e* in E_R=True, alpha^e*==giant mod p=True
  giantsteps: regular=1504, skinny=416
  babysteps: sieved |E_R|=59046 of dense 113662 (ratio 0.519, rho=0.519); skinny 2921; plain HH shortest-vector baseline 8143

Trial 45: N=103779439041388199 (57 bits), p=220590871, q=470461169
  m=1155 (primes<= 11), m0=2, X=m*m0=2310, S=[7, 11], t=2, M=77, rho=0.519, Y=3.000
  lambda0~2901.6, Lambda_R=61555, Lambda_S=1582, L*=123188
  RESULT: factor 220590871  via collision mod p (multipoint gcd)  (0.3s)
  oracle (correct candidate): branch=regular, i in [0,2Lambda]=True, i==Q(k_p) mod ell=True, e* in E_R=True, alpha^e*==giant mod p=True
  giantsteps: regular=1760, skinny=160
  babysteps: sieved |E_R|=63995 of dense 123188 (ratio 0.519, rho=0.519); skinny 3165; plain HH shortest-vector baseline 8825

Trial 46: N=92053171062966551 (57 bits), p=209141909, q=440146939
  m=1155 (primes<= 11), m0=2, X=m*m0=2310, S=[7, 11], t=2, M=77, rho=0.519, Y=3.000
  lambda0~2732.8, Lambda_R=57973, Lambda_S=1490, L*=116024
  RESULT: factor 440146939  via collision mod p (multipoint gcd)  (0.2s)
  oracle (correct candidate): branch=regular, i in [0,2Lambda]=True, i==Q(k_p) mod ell=True, e* in E_R=True, alpha^e*==giant mod p=True
  giantsteps: regular=1744, skinny=176
  babysteps: sieved |E_R|=60272 of dense 116024 (ratio 0.519, rho=0.519); skinny 2981; plain HH shortest-vector baseline 8311

Trial 47: N=87279392804277133 (57 bits), p=228414559, q=382109587
  m=1155 (primes<= 11), m0=2, X=m*m0=2310, S=[7, 11], t=2, M=77, rho=0.519, Y=3.000
  lambda0~2661.0, Lambda_R=56450, Lambda_S=1451, L*=112978
  RESULT: factor 228414559  via collision mod p (multipoint gcd)  (0.2s)
  oracle (correct candidate): branch=regular, i in [0,2Lambda]=True, i==Q(k_p) mod ell=True, e* in E_R=True, alpha^e*==giant mod p=True
  giantsteps: regular=1632, skinny=288
  babysteps: sieved |E_R|=58691 of dense 112978 (ratio 0.519, rho=0.519); skinny 2903; plain HH shortest-vector baseline 8093

Trial 48: N=86297395134102461 (57 bits), p=169275371, q=509804791
  m=1155 (primes<= 11), m0=2, X=m*m0=2310, S=[7, 11], t=2, M=77, rho=0.519, Y=3.000
  lambda0~2645.9, Lambda_R=56131, Lambda_S=1443, L*=112340
  RESULT: factor 169275371  via Lemma 3.11 certification  (0.0s)

Trial 49: N=111948313661428021 (57 bits), p=215809361, q=518737061
  m=1155 (primes<= 11), m0=2, X=m*m0=2310, S=[7, 11], t=2, M=77, rho=0.519, Y=3.000
  lambda0~3013.6, Lambda_R=63931, Lambda_S=1643, L*=127940
  RESULT: factor 215809361  via collision mod p (multipoint gcd)  (0.3s)
  oracle (correct candidate): branch=regular, i in [0,2Lambda]=True, i==Q(k_p) mod ell=True, e* in E_R=True, alpha^e*==giant mod p=True
  giantsteps: regular=1760, skinny=160
  babysteps: sieved |E_R|=66463 of dense 127940 (ratio 0.519, rho=0.519); skinny 3287; plain HH shortest-vector baseline 9165

Trial 50: N=55807904045866741 (56 bits), p=198118937, q=281688893
  m=1155 (primes<= 11), m0=2, X=m*m0=2310, S=[7, 11], t=2, M=77, rho=0.519, Y=3.000
  lambda0~2127.8, Lambda_R=45140, Lambda_S=1161, L*=90358
  RESULT: factor 281688893  via collision mod p (multipoint gcd)  (0.2s)
  oracle (correct candidate): branch=skinny, i in [0,2Lambda]=True, i==Q(k_p) mod ell=True, e* in E_R=None, alpha^e*==giant mod p=True
  giantsteps: regular=1728, skinny=192
  babysteps: sieved |E_R|=46940 of dense 90358 (ratio 0.519, rho=0.519); skinny 2323; plain HH shortest-vector baseline 6473

Trial 51: N=37193315624728969 (56 bits), p=159826189, q=232711021
  m=1155 (primes<= 11), m0=2, X=m*m0=2310, S=[7, 11], t=2, M=77, rho=0.519, Y=3.000
  lambda0~1737.1, Lambda_R=36851, Lambda_S=948, L*=73780
  RESULT: factor 232711021  via collision mod p (multipoint gcd)  (0.2s)
  oracle (correct candidate): branch=regular, i in [0,2Lambda]=True, i==Q(k_p) mod ell=True, e* in E_R=True, alpha^e*==giant mod p=True
  giantsteps: regular=1728, skinny=192
  babysteps: sieved |E_R|=38327 of dense 73780 (ratio 0.519, rho=0.519); skinny 1897; plain HH shortest-vector baseline 5285

Trial 52: N=100677195576706237 (57 bits), p=229363087, q=438942451
  m=1155 (primes<= 11), m0=2, X=m*m0=2310, S=[7, 11], t=2, M=77, rho=0.519, Y=3.000
  lambda0~2857.9, Lambda_R=60628, Lambda_S=1558, L*=121334
  RESULT: factor 438942451  via collision mod p (multipoint gcd)  (0.3s)
  oracle (correct candidate): branch=regular, i in [0,2Lambda]=True, i==Q(k_p) mod ell=True, e* in E_R=True, alpha^e*==giant mod p=True
  giantsteps: regular=1632, skinny=288
  babysteps: sieved |E_R|=63031 of dense 121334 (ratio 0.519, rho=0.519); skinny 3117; plain HH shortest-vector baseline 8693

Trial 53: N=62869243889246539 (56 bits), p=226860169, q=277127731
  m=1155 (primes<= 11), m0=2, X=m*m0=2310, S=[7, 11], t=2, M=77, rho=0.519, Y=3.000
  lambda0~2258.4, Lambda_R=47910, Lambda_S=1232, L*=95898
  RESULT: factor 277127731  via collision mod p (multipoint gcd)  (0.2s)
  oracle (correct candidate): branch=skinny, i in [0,2Lambda]=True, i==Q(k_p) mod ell=True, e* in E_R=None, alpha^e*==giant mod p=True
  giantsteps: regular=1728, skinny=192
  babysteps: sieved |E_R|=49818 of dense 95898 (ratio 0.519, rho=0.519); skinny 2465; plain HH shortest-vector baseline 6871

Trial 54: N=52070516262364823 (56 bits), p=135255047, q=384980209
  m=1155 (primes<= 11), m0=2, X=m*m0=2310, S=[7, 11], t=2, M=77, rho=0.519, Y=3.000
  lambda0~2055.3, Lambda_R=43602, Lambda_S=1121, L*=87282
  RESULT: factor 135255047  via collision mod p (multipoint gcd)  (0.2s)
  oracle (correct candidate): branch=regular, i in [0,2Lambda]=True, i==Q(k_p) mod ell=True, e* in E_R=True, alpha^e*==giant mod p=True
  giantsteps: regular=1664, skinny=256
  babysteps: sieved |E_R|=45341 of dense 87282 (ratio 0.519, rho=0.519); skinny 2243; plain HH shortest-vector baseline 6253

Trial 55: N=55523573207808533 (56 bits), p=199233941, q=278685313
  m=1155 (primes<= 11), m0=2, X=m*m0=2310, S=[7, 11], t=2, M=77, rho=0.519, Y=3.000
  lambda0~2122.4, Lambda_R=45025, Lambda_S=1158, L*=90128
  RESULT: factor 199233941  via exact match + Lemma 2.4  (0.1s)
  oracle (correct candidate): branch=regular, i in [0,2Lambda]=True, i==Q(k_p) mod ell=True, e* in E_R=True, alpha^e*==giant mod p=True
  giantsteps: regular=1824, skinny=96
  babysteps: sieved |E_R|=46821 of dense 90128 (ratio 0.519, rho=0.519); skinny 2317; plain HH shortest-vector baseline 6457

Trial 56: N=125285583268129169 (57 bits), p=249528701, q=502088869
  m=1155 (primes<= 11), m0=2, X=m*m0=2310, S=[7, 11], t=2, M=77, rho=0.519, Y=3.000
  lambda0~3188.1, Lambda_R=67632, Lambda_S=1738, L*=135342
  RESULT: factor 502088869  via collision mod p (multipoint gcd)  (0.3s)
  oracle (correct candidate): branch=regular, i in [0,2Lambda]=True, i==Q(k_p) mod ell=True, e* in E_R=True, alpha^e*==giant mod p=True
  giantsteps: regular=1776, skinny=144
  babysteps: sieved |E_R|=70307 of dense 135342 (ratio 0.519, rho=0.519); skinny 3477; plain HH shortest-vector baseline 9695

Trial 57: N=24199434511994249 (55 bits), p=152741647, q=158433767
  m=1155 (primes<= 11), m0=2, X=m*m0=2310, S=[7, 11], t=2, M=77, rho=0.519, Y=3.000
  lambda0~1401.2, Lambda_R=29725, Lambda_S=765, L*=59528
  RESULT: factor 152741647  via collision mod p (multipoint gcd)  (0.1s)
  oracle (correct candidate): branch=regular, i in [0,2Lambda]=True, i==Q(k_p) mod ell=True, e* in E_R=True, alpha^e*==giant mod p=True
  giantsteps: regular=1776, skinny=144
  babysteps: sieved |E_R|=30923 of dense 59528 (ratio 0.519, rho=0.519); skinny 1531; plain HH shortest-vector baseline 4265

Trial 58: N=77676288969842867 (57 bits), p=205984897, q=377097011
  m=1155 (primes<= 11), m0=2, X=m*m0=2310, S=[7, 11], t=2, M=77, rho=0.519, Y=3.000
  lambda0~2510.3, Lambda_R=53254, Lambda_S=1369, L*=106586
  RESULT: factor 377097011  via collision mod p (multipoint gcd)  (0.2s)
  oracle (correct candidate): branch=regular, i in [0,2Lambda]=True, i==Q(k_p) mod ell=True, e* in E_R=True, alpha^e*==giant mod p=True
  giantsteps: regular=1664, skinny=256
  babysteps: sieved |E_R|=55370 of dense 106586 (ratio 0.519, rho=0.519); skinny 2739; plain HH shortest-vector baseline 7635

Trial 59: N=85446922218023813 (57 bits), p=224975717, q=379805089
  m=1155 (primes<= 11), m0=2, X=m*m0=2310, S=[7, 11], t=2, M=77, rho=0.519, Y=3.000
  lambda0~2632.9, Lambda_R=55854, Lambda_S=1436, L*=111786
  RESULT: factor 224975717  via collision mod p (multipoint gcd)  (0.2s)
  oracle (correct candidate): branch=regular, i in [0,2Lambda]=True, i==Q(k_p) mod ell=True, e* in E_R=True, alpha^e*==giant mod p=True
  giantsteps: regular=1664, skinny=256
  babysteps: sieved |E_R|=58071 of dense 111786 (ratio 0.519, rho=0.519); skinny 2873; plain HH shortest-vector baseline 8009

Trial 60: N=45592885675811011 (56 bits), p=182505539, q=249816449
  m=1155 (primes<= 11), m0=2, X=m*m0=2310, S=[7, 11], t=2, M=77, rho=0.519, Y=3.000
  lambda0~1923.2, Lambda_R=40800, Lambda_S=1049, L*=81678
  RESULT: factor 182505539  via collision mod p (multipoint gcd)  (0.2s)
  oracle (correct candidate): branch=regular, i in [0,2Lambda]=True, i==Q(k_p) mod ell=True, e* in E_R=True, alpha^e*==giant mod p=True
  giantsteps: regular=1728, skinny=192
  babysteps: sieved |E_R|=42430 of dense 81678 (ratio 0.519, rho=0.519); skinny 2099; plain HH shortest-vector baseline 5851

Trial 61: N=43720276834473509 (56 bits), p=182627891, q=239395399
  m=1155 (primes<= 11), m0=2, X=m*m0=2310, S=[7, 11], t=2, M=77, rho=0.519, Y=3.000
  lambda0~1883.3, Lambda_R=39954, Lambda_S=1028, L*=79986
  RESULT: factor 182627891  via collision mod p (multipoint gcd)  (0.2s)
  oracle (correct candidate): branch=regular, i in [0,2Lambda]=True, i==Q(k_p) mod ell=True, e* in E_R=True, alpha^e*==giant mod p=True
  giantsteps: regular=1776, skinny=144
  babysteps: sieved |E_R|=41551 of dense 79986 (ratio 0.519, rho=0.519); skinny 2057; plain HH shortest-vector baseline 5731

Trial 62: N=65605903726308443 (56 bits), p=180647473, q=363170891
  m=1155 (primes<= 11), m0=2, X=m*m0=2310, S=[7, 11], t=2, M=77, rho=0.519, Y=3.000
  lambda0~2307.0, Lambda_R=48942, Lambda_S=1258, L*=97962
  RESULT: factor 180647473  via exact match + Lemma 2.4  (0.1s)
  oracle (correct candidate): branch=regular, i in [0,2Lambda]=True, i==Q(k_p) mod ell=True, e* in E_R=True, alpha^e*==giant mod p=True
  giantsteps: regular=1824, skinny=96
  babysteps: sieved |E_R|=50890 of dense 97962 (ratio 0.519, rho=0.519); skinny 2517; plain HH shortest-vector baseline 7017

Trial 63: N=29212487144259173 (55 bits), p=135773663, q=215155771
  m=1155 (primes<= 11), m0=2, X=m*m0=2310, S=[7, 11], t=2, M=77, rho=0.519, Y=3.000
  lambda0~1539.5, Lambda_R=32659, Lambda_S=840, L*=65396
  RESULT: factor 135773663  via collision mod p (multipoint gcd)  (0.2s)
  oracle (correct candidate): branch=skinny, i in [0,2Lambda]=True, i==Q(k_p) mod ell=True, e* in E_R=None, alpha^e*==giant mod p=True
  giantsteps: regular=1664, skinny=256
  babysteps: sieved |E_R|=33973 of dense 65396 (ratio 0.519, rho=0.519); skinny 1681; plain HH shortest-vector baseline 4685

Trial 64: N=82221170529071923 (57 bits), p=162936691, q=504620353
  m=1155 (primes<= 11), m0=2, X=m*m0=2310, S=[7, 11], t=2, M=77, rho=0.519, Y=3.000
  lambda0~2582.7, Lambda_R=54790, Lambda_S=1408, L*=109658
  RESULT: factor 162936691  via collision mod p (multipoint gcd)  (0.2s)
  oracle (correct candidate): branch=regular, i in [0,2Lambda]=True, i==Q(k_p) mod ell=True, e* in E_R=True, alpha^e*==giant mod p=True
  giantsteps: regular=1776, skinny=144
  babysteps: sieved |E_R|=56966 of dense 109658 (ratio 0.519, rho=0.519); skinny 2817; plain HH shortest-vector baseline 7855

Trial 65: N=119475182018489677 (57 bits), p=231804467, q=515413631
  m=1155 (primes<= 11), m0=2, X=m*m0=2310, S=[7, 11], t=2, M=77, rho=0.519, Y=3.000
  lambda0~3113.3, Lambda_R=66046, Lambda_S=1697, L*=132170
  RESULT: factor 515413631  via collision mod p (multipoint gcd)  (0.3s)
  oracle (correct candidate): branch=regular, i in [0,2Lambda]=True, i==Q(k_p) mod ell=True, e* in E_R=True, alpha^e*==giant mod p=True
  giantsteps: regular=1776, skinny=144
  babysteps: sieved |E_R|=68661 of dense 132170 (ratio 0.519, rho=0.519); skinny 3395; plain HH shortest-vector baseline 9469

Trial 66: N=73647227799518207 (57 bits), p=252810419, q=291314053
  m=1155 (primes<= 11), m0=2, X=m*m0=2310, S=[7, 11], t=2, M=77, rho=0.519, Y=3.000
  lambda0~2444.3, Lambda_R=51855, Lambda_S=1333, L*=103788
  RESULT: factor 291314053  via collision mod p (multipoint gcd)  (0.2s)
  oracle (correct candidate): branch=skinny, i in [0,2Lambda]=True, i==Q(k_p) mod ell=True, e* in E_R=None, alpha^e*==giant mod p=True
  giantsteps: regular=1584, skinny=336
  babysteps: sieved |E_R|=53916 of dense 103788 (ratio 0.519, rho=0.519); skinny 2667; plain HH shortest-vector baseline 7435

Trial 67: N=36564347680884851 (56 bits), p=182610853, q=200230967
  m=1155 (primes<= 11), m0=2, X=m*m0=2310, S=[7, 11], t=2, M=77, rho=0.519, Y=3.000
  lambda0~1722.3, Lambda_R=36538, Lambda_S=940, L*=73154
  RESULT: factor 182610853  via collision mod p (multipoint gcd)  (0.2s)
  oracle (correct candidate): branch=regular, i in [0,2Lambda]=True, i==Q(k_p) mod ell=True, e* in E_R=True, alpha^e*==giant mod p=True
  giantsteps: regular=1744, skinny=176
  babysteps: sieved |E_R|=38002 of dense 73154 (ratio 0.519, rho=0.519); skinny 1881; plain HH shortest-vector baseline 5241

Trial 68: N=103223815684731253 (57 bits), p=198608407, q=519735379
  m=1155 (primes<= 11), m0=2, X=m*m0=2310, S=[7, 11], t=2, M=77, rho=0.519, Y=3.000
  lambda0~2893.8, Lambda_R=61390, Lambda_S=1578, L*=122858
  RESULT: factor 519735379  via collision mod p (multipoint gcd)  (0.3s)
  oracle (correct candidate): branch=regular, i in [0,2Lambda]=True, i==Q(k_p) mod ell=True, e* in E_R=True, alpha^e*==giant mod p=True
  giantsteps: regular=1776, skinny=144
  babysteps: sieved |E_R|=63823 of dense 122858 (ratio 0.519, rho=0.519); skinny 3157; plain HH shortest-vector baseline 8801

Trial 69: N=117907968813942569 (57 bits), p=222855041, q=529079209
  m=1155 (primes<= 11), m0=2, X=m*m0=2310, S=[7, 11], t=2, M=77, rho=0.519, Y=3.000
  lambda0~3092.8, Lambda_R=65611, Lambda_S=1686, L*=131300
  RESULT: factor 222855041  via collision mod p (multipoint gcd)  (0.3s)
  oracle (correct candidate): branch=skinny, i in [0,2Lambda]=True, i==Q(k_p) mod ell=True, e* in E_R=None, alpha^e*==giant mod p=True
  giantsteps: regular=1760, skinny=160
  babysteps: sieved |E_R|=68208 of dense 131300 (ratio 0.519, rho=0.519); skinny 3373; plain HH shortest-vector baseline 9407

Trial 70: N=19562588541242503 (55 bits), p=139818521, q=139914143
  m=1155 (primes<= 11), m0=2, X=m*m0=2310, S=[7, 11], t=2, M=77, rho=0.519, Y=3.000
  lambda0~1259.8, Lambda_R=26726, Lambda_S=688, L*=53530
  RESULT: factor 139818521  via collision mod p (multipoint gcd)  (0.1s)
  oracle (correct candidate): branch=regular, i in [0,2Lambda]=True, i==Q(k_p) mod ell=True, e* in E_R=True, alpha^e*==giant mod p=True
  giantsteps: regular=1712, skinny=208
  babysteps: sieved |E_R|=27808 of dense 53530 (ratio 0.519, rho=0.519); skinny 1377; plain HH shortest-vector baseline 3835

Trial 71: N=104539224084745867 (57 bits), p=249428149, q=419115583
  m=1155 (primes<= 11), m0=2, X=m*m0=2310, S=[7, 11], t=2, M=77, rho=0.519, Y=3.000
  lambda0~2912.2, Lambda_R=61780, Lambda_S=1588, L*=123638
  RESULT: factor 249428149  via collision mod p (multipoint gcd)  (0.3s)
  oracle (correct candidate): branch=regular, i in [0,2Lambda]=True, i==Q(k_p) mod ell=True, e* in E_R=True, alpha^e*==giant mod p=True
  giantsteps: regular=1776, skinny=144
  babysteps: sieved |E_R|=64227 of dense 123638 (ratio 0.519, rho=0.519); skinny 3177; plain HH shortest-vector baseline 8857

Trial 72: N=101040947902637879 (57 bits), p=257367091, q=392594669
  m=1155 (primes<= 11), m0=2, X=m*m0=2310, S=[7, 11], t=2, M=77, rho=0.519, Y=3.000
  lambda0~2863.1, Lambda_R=60737, Lambda_S=1561, L*=121552
  RESULT: factor 392594669  via collision mod p (multipoint gcd)  (0.3s)
  oracle (correct candidate): branch=regular, i in [0,2Lambda]=True, i==Q(k_p) mod ell=True, e* in E_R=True, alpha^e*==giant mod p=True
  giantsteps: regular=1760, skinny=160
  babysteps: sieved |E_R|=63144 of dense 121552 (ratio 0.519, rho=0.519); skinny 3123; plain HH shortest-vector baseline 8707

Trial 73: N=86661315783997457 (57 bits), p=253688101, q=341605757
  m=1155 (primes<= 11), m0=2, X=m*m0=2310, S=[7, 11], t=2, M=77, rho=0.519, Y=3.000
  lambda0~2651.5, Lambda_R=56250, Lambda_S=1446, L*=112578
  RESULT: factor 253688101  via collision mod p (multipoint gcd)  (0.2s)
  oracle (correct candidate): branch=regular, i in [0,2Lambda]=True, i==Q(k_p) mod ell=True, e* in E_R=True, alpha^e*==giant mod p=True
  giantsteps: regular=1664, skinny=256
  babysteps: sieved |E_R|=58482 of dense 112578 (ratio 0.519, rho=0.519); skinny 2893; plain HH shortest-vector baseline 8065

Trial 74: N=63638938175629889 (56 bits), p=202152893, q=314805973
  m=1155 (primes<= 11), m0=2, X=m*m0=2310, S=[7, 11], t=2, M=77, rho=0.519, Y=3.000
  lambda0~2272.2, Lambda_R=48203, Lambda_S=1239, L*=96484
  RESULT: factor 314805973  via collision mod p (multipoint gcd)  (0.2s)
  oracle (correct candidate): branch=regular, i in [0,2Lambda]=True, i==Q(k_p) mod ell=True, e* in E_R=True, alpha^e*==giant mod p=True
  giantsteps: regular=1776, skinny=144
  babysteps: sieved |E_R|=50122 of dense 96484 (ratio 0.519, rho=0.519); skinny 2479; plain HH shortest-vector baseline 6911

Trial 75: N=57707976013987801 (56 bits), p=171204749, q=337069949
  m=1155 (primes<= 11), m0=2, X=m*m0=2310, S=[7, 11], t=2, M=77, rho=0.519, Y=3.000
  lambda0~2163.7, Lambda_R=45902, Lambda_S=1180, L*=91882
  RESULT: factor 171204749  via collision mod p (multipoint gcd)  (0.2s)
  oracle (correct candidate): branch=regular, i in [0,2Lambda]=True, i==Q(k_p) mod ell=True, e* in E_R=True, alpha^e*==giant mod p=True
  giantsteps: regular=1728, skinny=192
  babysteps: sieved |E_R|=47732 of dense 91882 (ratio 0.519, rho=0.519); skinny 2361; plain HH shortest-vector baseline 6583

Trial 76: N=118041805640647277 (57 bits), p=263013923, q=448804399
  m=1155 (primes<= 11), m0=2, X=m*m0=2310, S=[7, 11], t=2, M=77, rho=0.519, Y=3.000
  lambda0~3094.6, Lambda_R=65648, Lambda_S=1687, L*=131374
  RESULT: factor 448804399  via collision mod p (multipoint gcd)  (0.3s)
  oracle (correct candidate): branch=regular, i in [0,2Lambda]=True, i==Q(k_p) mod ell=True, e* in E_R=True, alpha^e*==giant mod p=True
  giantsteps: regular=1824, skinny=96
  babysteps: sieved |E_R|=68247 of dense 131374 (ratio 0.519, rho=0.519); skinny 3375; plain HH shortest-vector baseline 9411

Trial 77: N=76731553862623057 (57 bits), p=219025837, q=350331061
  m=1155 (primes<= 11), m0=2, X=m*m0=2310, S=[7, 11], t=2, M=77, rho=0.519, Y=3.000
  lambda0~2495.0, Lambda_R=52929, Lambda_S=1361, L*=105936
  RESULT: factor 219025837  via collision mod p (multipoint gcd)  (0.2s)
  oracle (correct candidate): branch=regular, i in [0,2Lambda]=True, i==Q(k_p) mod ell=True, e* in E_R=True, alpha^e*==giant mod p=True
  giantsteps: regular=1776, skinny=144
  babysteps: sieved |E_R|=55032 of dense 105936 (ratio 0.519, rho=0.519); skinny 2723; plain HH shortest-vector baseline 7589

Trial 78: N=29365812006328253 (55 bits), p=139663009, q=210261917
  m=1155 (primes<= 11), m0=2, X=m*m0=2310, S=[7, 11], t=2, M=77, rho=0.519, Y=3.000
  lambda0~1543.5, Lambda_R=32745, Lambda_S=843, L*=65568
  RESULT: factor 139663009  via collision mod p (multipoint gcd)  (0.2s)
  oracle (correct candidate): branch=regular, i in [0,2Lambda]=True, i==Q(k_p) mod ell=True, e* in E_R=True, alpha^e*==giant mod p=True
  giantsteps: regular=1824, skinny=96
  babysteps: sieved |E_R|=34061 of dense 65568 (ratio 0.519, rho=0.519); skinny 1687; plain HH shortest-vector baseline 4697

Trial 79: N=79166370640010039 (57 bits), p=172525831, q=458866769
  m=1155 (primes<= 11), m0=2, X=m*m0=2310, S=[7, 11], t=2, M=77, rho=0.519, Y=3.000
  lambda0~2534.3, Lambda_R=53762, Lambda_S=1382, L*=107602
  RESULT: factor 458866769  via collision mod p (multipoint gcd)  (0.2s)
  oracle (correct candidate): branch=regular, i in [0,2Lambda]=True, i==Q(k_p) mod ell=True, e* in E_R=True, alpha^e*==giant mod p=True
  giantsteps: regular=1744, skinny=176
  babysteps: sieved |E_R|=55898 of dense 107602 (ratio 0.519, rho=0.519); skinny 2765; plain HH shortest-vector baseline 7709

Trial 80: N=57481452873982447 (56 bits), p=137058877, q=419392411
  m=1155 (primes<= 11), m0=2, X=m*m0=2310, S=[7, 11], t=2, M=77, rho=0.519, Y=3.000
  lambda0~2159.5, Lambda_R=45812, Lambda_S=1178, L*=91702
  RESULT: factor 419392411  via collision mod p (multipoint gcd)  (0.2s)
  oracle (correct candidate): branch=regular, i in [0,2Lambda]=True, i==Q(k_p) mod ell=True, e* in E_R=True, alpha^e*==giant mod p=True
  giantsteps: regular=1776, skinny=144
  babysteps: sieved |E_R|=47639 of dense 91702 (ratio 0.519, rho=0.519); skinny 2357; plain HH shortest-vector baseline 6569

Trial 81: N=73297587096646921 (57 bits), p=262789547, q=278921243
  m=1155 (primes<= 11), m0=2, X=m*m0=2310, S=[7, 11], t=2, M=77, rho=0.519, Y=3.000
  lambda0~2438.5, Lambda_R=51731, Lambda_S=1330, L*=103540
  RESULT: factor 262789547  via collision mod p (multipoint gcd)  (0.2s)
  oracle (correct candidate): branch=regular, i in [0,2Lambda]=True, i==Q(k_p) mod ell=True, e* in E_R=True, alpha^e*==giant mod p=True
  giantsteps: regular=1760, skinny=160
  babysteps: sieved |E_R|=53787 of dense 103540 (ratio 0.519, rho=0.519); skinny 2661; plain HH shortest-vector baseline 7417

Trial 82: N=66734084402878097 (56 bits), p=172232941, q=387464117
  m=1155 (primes<= 11), m0=2, X=m*m0=2310, S=[7, 11], t=2, M=77, rho=0.519, Y=3.000
  lambda0~2326.8, Lambda_R=49361, Lambda_S=1269, L*=98800
  RESULT: factor 172232941  via collision mod p (multipoint gcd)  (0.2s)
  oracle (correct candidate): branch=regular, i in [0,2Lambda]=True, i==Q(k_p) mod ell=True, e* in E_R=True, alpha^e*==giant mod p=True
  giantsteps: regular=1584, skinny=336
  babysteps: sieved |E_R|=51325 of dense 98800 (ratio 0.519, rho=0.519); skinny 2539; plain HH shortest-vector baseline 7077

Trial 83: N=31571975945000209 (55 bits), p=139780099, q=225868891
  m=1155 (primes<= 11), m0=2, X=m*m0=2310, S=[7, 11], t=2, M=77, rho=0.519, Y=3.000
  lambda0~1600.4, Lambda_R=33952, Lambda_S=874, L*=67982
  RESULT: factor 139780099  via collision mod p (multipoint gcd)  (0.2s)
  oracle (correct candidate): branch=regular, i in [0,2Lambda]=True, i==Q(k_p) mod ell=True, e* in E_R=True, alpha^e*==giant mod p=True
  giantsteps: regular=1712, skinny=208
  babysteps: sieved |E_R|=35316 of dense 67982 (ratio 0.519, rho=0.519); skinny 1749; plain HH shortest-vector baseline 4871

Trial 84: N=39145804312024591 (56 bits), p=181928437, q=215171443
  m=1155 (primes<= 11), m0=2, X=m*m0=2310, S=[7, 11], t=2, M=77, rho=0.519, Y=3.000
  lambda0~1782.1, Lambda_R=37806, Lambda_S=973, L*=75690
  RESULT: factor 215171443  via collision mod p (multipoint gcd)  (0.2s)
  oracle (correct candidate): branch=regular, i in [0,2Lambda]=True, i==Q(k_p) mod ell=True, e* in E_R=True, alpha^e*==giant mod p=True
  giantsteps: regular=1712, skinny=208
  babysteps: sieved |E_R|=39320 of dense 75690 (ratio 0.519, rho=0.519); skinny 1947; plain HH shortest-vector baseline 5423

Trial 85: N=76838120621865671 (57 bits), p=252344899, q=304496429
  m=1155 (primes<= 11), m0=2, X=m*m0=2310, S=[7, 11], t=2, M=77, rho=0.519, Y=3.000
  lambda0~2496.7, Lambda_R=52966, Lambda_S=1362, L*=106010
  RESULT: factor 304496429  via collision mod p (multipoint gcd)  (0.2s)
  oracle (correct candidate): branch=skinny, i in [0,2Lambda]=True, i==Q(k_p) mod ell=True, e* in E_R=None, alpha^e*==giant mod p=True
  giantsteps: regular=1648, skinny=272
  babysteps: sieved |E_R|=55070 of dense 106010 (ratio 0.519, rho=0.519); skinny 2725; plain HH shortest-vector baseline 7595

Trial 86: N=51186116345677559 (56 bits), p=185928961, q=275299319
  m=1155 (primes<= 11), m0=2, X=m*m0=2310, S=[7, 11], t=2, M=77, rho=0.519, Y=3.000
  lambda0~2037.8, Lambda_R=43230, Lambda_S=1112, L*=86538
  RESULT: factor 275299319  via exact match + Lemma 2.4  (0.1s)
  oracle (correct candidate): branch=regular, i in [0,2Lambda]=True, i==Q(k_p) mod ell=True, e* in E_R=True, alpha^e*==giant mod p=True
  giantsteps: regular=1744, skinny=176
  babysteps: sieved |E_R|=44955 of dense 86538 (ratio 0.519, rho=0.519); skinny 2225; plain HH shortest-vector baseline 6199

Trial 87: N=53877366509826187 (56 bits), p=186068527, q=289556581
  m=1155 (primes<= 11), m0=2, X=m*m0=2310, S=[7, 11], t=2, M=77, rho=0.519, Y=3.000
  lambda0~2090.7, Lambda_R=44352, Lambda_S=1141, L*=88782
  RESULT: factor 186068527  via collision mod p (multipoint gcd)  (0.2s)
  oracle (correct candidate): branch=regular, i in [0,2Lambda]=True, i==Q(k_p) mod ell=True, e* in E_R=True, alpha^e*==giant mod p=True
  giantsteps: regular=1632, skinny=288
  babysteps: sieved |E_R|=46121 of dense 88782 (ratio 0.519, rho=0.519); skinny 2283; plain HH shortest-vector baseline 6361

Trial 88: N=74445743941814117 (57 bits), p=210829211, q=353109247
  m=1155 (primes<= 11), m0=2, X=m*m0=2310, S=[7, 11], t=2, M=77, rho=0.519, Y=3.000
  lambda0~2457.5, Lambda_R=52135, Lambda_S=1340, L*=104348
  RESULT: factor 210829211  via collision mod p (multipoint gcd)  (0.2s)
  oracle (correct candidate): branch=regular, i in [0,2Lambda]=True, i==Q(k_p) mod ell=True, e* in E_R=True, alpha^e*==giant mod p=True
  giantsteps: regular=1664, skinny=256
  babysteps: sieved |E_R|=54207 of dense 104348 (ratio 0.519, rho=0.519); skinny 2681; plain HH shortest-vector baseline 7475

Trial 89: N=80874752644045231 (57 bits), p=209888411, q=385322621
  m=1155 (primes<= 11), m0=2, X=m*m0=2310, S=[7, 11], t=2, M=77, rho=0.519, Y=3.000
  lambda0~2561.5, Lambda_R=54339, Lambda_S=1397, L*=108756
  RESULT: factor 209888411  via collision mod p (multipoint gcd)  (0.2s)
  oracle (correct candidate): branch=regular, i in [0,2Lambda]=True, i==Q(k_p) mod ell=True, e* in E_R=True, alpha^e*==giant mod p=True
  giantsteps: regular=1504, skinny=416
  babysteps: sieved |E_R|=56498 of dense 108756 (ratio 0.519, rho=0.519); skinny 2795; plain HH shortest-vector baseline 7791

Trial 90: N=84441924059798611 (57 bits), p=268163431, q=314889781
  m=1155 (primes<= 11), m0=2, X=m*m0=2310, S=[7, 11], t=2, M=77, rho=0.519, Y=3.000
  lambda0~2617.3, Lambda_R=55525, Lambda_S=1427, L*=111128
  RESULT: factor 314889781  via collision mod p (multipoint gcd)  (0.2s)
  oracle (correct candidate): branch=skinny, i in [0,2Lambda]=True, i==Q(k_p) mod ell=True, e* in E_R=None, alpha^e*==giant mod p=True
  giantsteps: regular=1712, skinny=208
  babysteps: sieved |E_R|=57730 of dense 111128 (ratio 0.519, rho=0.519); skinny 2855; plain HH shortest-vector baseline 7961

Trial 91: N=87256481322826589 (57 bits), p=216645307, q=402761927
  m=1155 (primes<= 11), m0=2, X=m*m0=2310, S=[7, 11], t=2, M=77, rho=0.519, Y=3.000
  lambda0~2660.6, Lambda_R=56443, Lambda_S=1451, L*=112964
  RESULT: factor 402761927  via collision mod p (multipoint gcd)  (0.2s)
  oracle (correct candidate): branch=regular, i in [0,2Lambda]=True, i==Q(k_p) mod ell=True, e* in E_R=True, alpha^e*==giant mod p=True
  giantsteps: regular=1744, skinny=176
  babysteps: sieved |E_R|=58683 of dense 112964 (ratio 0.519, rho=0.519); skinny 2903; plain HH shortest-vector baseline 8093

Trial 92: N=103533371709243809 (57 bits), p=264598283, q=391285123
  m=1155 (primes<= 11), m0=2, X=m*m0=2310, S=[7, 11], t=2, M=77, rho=0.519, Y=3.000
  lambda0~2898.2, Lambda_R=61482, Lambda_S=1580, L*=123042
  RESULT: factor 391285123  via collision mod p (multipoint gcd)  (0.3s)
  oracle (correct candidate): branch=regular, i in [0,2Lambda]=True, i==Q(k_p) mod ell=True, e* in E_R=True, alpha^e*==giant mod p=True
  giantsteps: regular=1744, skinny=176
  babysteps: sieved |E_R|=63919 of dense 123042 (ratio 0.519, rho=0.519); skinny 3161; plain HH shortest-vector baseline 8815

Trial 93: N=85405899126457067 (57 bits), p=246668119, q=346238093
  m=1155 (primes<= 11), m0=2, X=m*m0=2310, S=[7, 11], t=2, M=77, rho=0.519, Y=3.000
  lambda0~2632.2, Lambda_R=55841, Lambda_S=1435, L*=111760
  RESULT: factor 346238093  via collision mod p (multipoint gcd)  (0.2s)
  oracle (correct candidate): branch=regular, i in [0,2Lambda]=True, i==Q(k_p) mod ell=True, e* in E_R=True, alpha^e*==giant mod p=True
  giantsteps: regular=1824, skinny=96
  babysteps: sieved |E_R|=58058 of dense 111760 (ratio 0.519, rho=0.519); skinny 2871; plain HH shortest-vector baseline 8007

Trial 94: N=79429374814029011 (57 bits), p=205207157, q=387069223
  m=1155 (primes<= 11), m0=2, X=m*m0=2310, S=[7, 11], t=2, M=77, rho=0.519, Y=3.000
  lambda0~2538.5, Lambda_R=53852, Lambda_S=1384, L*=107782
  RESULT: factor 387069223  via collision mod p (multipoint gcd)  (0.2s)
  oracle (correct candidate): branch=skinny, i in [0,2Lambda]=True, i==Q(k_p) mod ell=True, e* in E_R=None, alpha^e*==giant mod p=True
  giantsteps: regular=1776, skinny=144
  babysteps: sieved |E_R|=55991 of dense 107782 (ratio 0.519, rho=0.519); skinny 2769; plain HH shortest-vector baseline 7721

Trial 95: N=117312392400970619 (57 bits), p=238978847, q=490890277
  m=1155 (primes<= 11), m0=2, X=m*m0=2310, S=[7, 11], t=2, M=77, rho=0.519, Y=3.000
  lambda0~3085.0, Lambda_R=65445, Lambda_S=1682, L*=130968
  RESULT: factor 490890277  via collision mod p (multipoint gcd)  (0.3s)
  oracle (correct candidate): branch=regular, i in [0,2Lambda]=True, i==Q(k_p) mod ell=True, e* in E_R=True, alpha^e*==giant mod p=True
  giantsteps: regular=1648, skinny=272
  babysteps: sieved |E_R|=68036 of dense 130968 (ratio 0.519, rho=0.519); skinny 3365; plain HH shortest-vector baseline 9383

Trial 96: N=66640624001948081 (56 bits), p=215069831, q=309855751
  m=1155 (primes<= 11), m0=2, X=m*m0=2310, S=[7, 11], t=2, M=77, rho=0.519, Y=3.000
  lambda0~2325.2, Lambda_R=49326, Lambda_S=1268, L*=98730
  RESULT: factor 309855751  via collision mod p (multipoint gcd)  (0.2s)
  oracle (correct candidate): branch=regular, i in [0,2Lambda]=True, i==Q(k_p) mod ell=True, e* in E_R=True, alpha^e*==giant mod p=True
  giantsteps: regular=1776, skinny=144
  babysteps: sieved |E_R|=51289 of dense 98730 (ratio 0.519, rho=0.519); skinny 2537; plain HH shortest-vector baseline 7073

Trial 97: N=62331772546883981 (56 bits), p=234185359, q=266164259
  m=1155 (primes<= 11), m0=2, X=m*m0=2310, S=[7, 11], t=2, M=77, rho=0.519, Y=3.000
  lambda0~2248.7, Lambda_R=47705, Lambda_S=1227, L*=95488
  RESULT: factor 234185359  via collision mod p (multipoint gcd)  (0.2s)
  oracle (correct candidate): branch=regular, i in [0,2Lambda]=True, i==Q(k_p) mod ell=True, e* in E_R=True, alpha^e*==giant mod p=True
  giantsteps: regular=1744, skinny=176
  babysteps: sieved |E_R|=49604 of dense 95488 (ratio 0.519, rho=0.519); skinny 2455; plain HH shortest-vector baseline 6841

Trial 98: N=68529955800622781 (56 bits), p=148976687, q=460004563
  m=1155 (primes<= 11), m0=2, X=m*m0=2310, S=[7, 11], t=2, M=77, rho=0.519, Y=3.000
  lambda0~2357.9, Lambda_R=50021, Lambda_S=1286, L*=100120
  RESULT: factor 148976687  via collision mod p (multipoint gcd)  (0.2s)
  oracle (correct candidate): branch=regular, i in [0,2Lambda]=True, i==Q(k_p) mod ell=True, e* in E_R=True, alpha^e*==giant mod p=True
  giantsteps: regular=1760, skinny=160
  babysteps: sieved |E_R|=52011 of dense 100120 (ratio 0.519, rho=0.519); skinny 2573; plain HH shortest-vector baseline 7173

Trial 99: N=66828155689803337 (56 bits), p=210280489, q=317804833
  m=1155 (primes<= 11), m0=2, X=m*m0=2310, S=[7, 11], t=2, M=77, rho=0.519, Y=3.000
  lambda0~2328.4, Lambda_R=49396, Lambda_S=1270, L*=98870
  RESULT: factor 210280489  via collision mod p (multipoint gcd)  (0.2s)
  oracle (correct candidate): branch=regular, i in [0,2Lambda]=True, i==Q(k_p) mod ell=True, e* in E_R=True, alpha^e*==giant mod p=True
  giantsteps: regular=1712, skinny=208
  babysteps: sieved |E_R|=51362 of dense 98870 (ratio 0.519, rho=0.519); skinny 2541; plain HH shortest-vector baseline 7083

Trial 100: N=43789624515239279 (56 bits), p=194017099, q=225699821
  m=1155 (primes<= 11), m0=2, X=m*m0=2310, S=[7, 11], t=2, M=77, rho=0.519, Y=3.000
  lambda0~1884.8, Lambda_R=39985, Lambda_S=1028, L*=80048
  RESULT: factor 225699821  via collision mod p (multipoint gcd)  (0.2s)
  oracle (correct candidate): branch=regular, i in [0,2Lambda]=True, i==Q(k_p) mod ell=True, e* in E_R=True, alpha^e*==giant mod p=True
  giantsteps: regular=1648, skinny=272
  babysteps: sieved |E_R|=41584 of dense 80048 (ratio 0.519, rho=0.519); skinny 2057; plain HH shortest-vector baseline 5735

100/100 factored.
