
Trial 1: N=102860326667779489 (57 bits), p=248494511, q=413933999
  m=1155 (primes<= 11), m0=2, X=m*m0=2310, S=[7, 11], t=2, M=77, rho=0.519, Y=2.000
  lambda0~2888.7, Lambda_R=40855, Lambda_S=2361, L*=81788
  RESULT: factor 413933999  via collision mod p (multipoint gcd)  (0.2s)
  oracle (correct candidate): branch=skinny, i in [0,2Lambda]=True, i==Q(k_p) mod ell=True, e* in E_R=None, alpha^e*==giant mod p=True
  giantsteps: regular=1472, skinny=448
  babysteps: sieved |E_R|=42487 of dense 81788 (ratio 0.519, rho=0.519); skinny 4723; plain HH shortest-vector baseline 8785

Trial 2: N=97712802804780931 (57 bits), p=212615839, q=459574429
  m=1155 (primes<= 11), m0=2, X=m*m0=2310, S=[7, 11], t=2, M=77, rho=0.519, Y=2.000
  lambda0~2815.5, Lambda_R=39820, Lambda_S=2301, L*=79718
  RESULT: factor 212615839  via collision mod p (multipoint gcd)  (0.2s)
  oracle (correct candidate): branch=regular, i in [0,2Lambda]=True, i==Q(k_p) mod ell=True, e* in E_R=True, alpha^e*==giant mod p=True
  giantsteps: regular=1504, skinny=416
  babysteps: sieved |E_R|=41413 of dense 79718 (ratio 0.519, rho=0.519); skinny 4603; plain HH shortest-vector baseline 8563

Trial 3: N=38018101311493783 (56 bits), p=149621803, q=254094661
  m=1155 (primes<= 11), m0=2, X=m*m0=2310, S=[7, 11], t=2, M=77, rho=0.519, Y=2.000
  lambda0~1756.2, Lambda_R=24839, Lambda_S=1436, L*=49756
  RESULT: factor 149621803  via collision mod p (multipoint gcd)  (0.1s)
  oracle (correct candidate): branch=regular, i in [0,2Lambda]=True, i==Q(k_p) mod ell=True, e* in E_R=True, alpha^e*==giant mod p=True
  giantsteps: regular=1552, skinny=368
  babysteps: sieved |E_R|=25847 of dense 49756 (ratio 0.519, rho=0.519); skinny 2873; plain HH shortest-vector baseline 5343

Trial 4: N=32637891663637417 (55 bits), p=176643367, q=184767151
  m=1155 (primes<= 11), m0=2, X=m*m0=2310, S=[7, 11], t=2, M=77, rho=0.519, Y=2.000
  lambda0~1627.2, Lambda_R=23015, Lambda_S=1331, L*=46108
  RESULT: factor 184767151  via collision mod p (multipoint gcd)  (0.1s)
  oracle (correct candidate): branch=regular, i in [0,2Lambda]=True, i==Q(k_p) mod ell=True, e* in E_R=True, alpha^e*==giant mod p=True
  giantsteps: regular=1440, skinny=480
  babysteps: sieved |E_R|=23952 of dense 46108 (ratio 0.519, rho=0.519); skinny 2663; plain HH shortest-vector baseline 4951

Trial 5: N=51033672080342671 (56 bits), p=155936471, q=327272201
  m=1155 (primes<= 11), m0=2, X=m*m0=2310, S=[7, 11], t=2, M=77, rho=0.519, Y=2.000
  lambda0~2034.7, Lambda_R=28778, Lambda_S=1664, L*=57634
  RESULT: factor 327272201  via collision mod p (multipoint gcd)  (0.1s)
  oracle (correct candidate): branch=regular, i in [0,2Lambda]=True, i==Q(k_p) mod ell=True, e* in E_R=True, alpha^e*==giant mod p=True
  giantsteps: regular=1504, skinny=416
  babysteps: sieved |E_R|=29941 of dense 57634 (ratio 0.520, rho=0.519); skinny 3329; plain HH shortest-vector baseline 6191

Trial 6: N=98638501148788589 (57 bits), p=268285469, q=367662481
  m=1155 (primes<= 11), m0=2, X=m*m0=2310, S=[7, 11], t=2, M=77, rho=0.519, Y=2.000
  lambda0~2828.8, Lambda_R=40008, Lambda_S=2312, L*=80094
  RESULT: factor 367662481  via collision mod p (multipoint gcd)  (0.2s)
  oracle (correct candidate): branch=regular, i in [0,2Lambda]=True, i==Q(k_p) mod ell=True, e* in E_R=True, alpha^e*==giant mod p=True
  giantsteps: regular=1504, skinny=416
  babysteps: sieved |E_R|=41607 of dense 80094 (ratio 0.519, rho=0.519); skinny 4625; plain HH shortest-vector baseline 8603

Trial 7: N=136799019079025021 (57 bits), p=259270493, q=527630497
  m=1155 (primes<= 11), m0=2, X=m*m0=2310, S=[7, 11], t=2, M=77, rho=0.519, Y=2.000
  lambda0~3331.4, Lambda_R=47115, Lambda_S=2723, L*=94308
  RESULT: factor 259270493  via collision mod p (multipoint gcd)  (0.2s)
  oracle (correct candidate): branch=regular, i in [0,2Lambda]=True, i==Q(k_p) mod ell=True, e* in E_R=True, alpha^e*==giant mod p=True
  giantsteps: regular=1584, skinny=336
  babysteps: sieved |E_R|=48991 of dense 94308 (ratio 0.519, rho=0.519); skinny 5447; plain HH shortest-vector baseline 10131

Trial 8: N=32682318387626081 (55 bits), p=135905983, q=240477407
  m=1155 (primes<= 11), m0=2, X=m*m0=2310, S=[7, 11], t=2, M=77, rho=0.519, Y=2.000
  lambda0~1628.3, Lambda_R=23030, Lambda_S=1332, L*=46138
  RESULT: factor 135905983  via collision mod p (multipoint gcd)  (0.1s)
  oracle (correct candidate): branch=regular, i in [0,2Lambda]=True, i==Q(k_p) mod ell=True, e* in E_R=True, alpha^e*==giant mod p=True
  giantsteps: regular=1584, skinny=336
  babysteps: sieved |E_R|=23968 of dense 46138 (ratio 0.519, rho=0.519); skinny 2665; plain HH shortest-vector baseline 4955

Trial 9: N=64943305108562807 (56 bits), p=199602203, q=325363669
  m=1155 (primes<= 11), m0=2, X=m*m0=2310, S=[7, 11], t=2, M=77, rho=0.519, Y=2.000
  lambda0~2295.4, Lambda_R=32464, Lambda_S=1877, L*=65006
  RESULT: factor 325363669  via collision mod p (multipoint gcd)  (0.2s)
  oracle (correct candidate): branch=skinny, i in [0,2Lambda]=True, i==Q(k_p) mod ell=True, e* in E_R=None, alpha^e*==giant mod p=True
  giantsteps: regular=1392, skinny=528
  babysteps: sieved |E_R|=33770 of dense 65006 (ratio 0.519, rho=0.519); skinny 3755; plain HH shortest-vector baseline 6983

Trial 10: N=66461744097797467 (56 bits), p=139497773, q=476435879
  m=1155 (primes<= 11), m0=2, X=m*m0=2310, S=[7, 11], t=2, M=77, rho=0.519, Y=2.000
  lambda0~2322.0, Lambda_R=32841, Lambda_S=1898, L*=65760
  RESULT: factor 476435879  via collision mod p (multipoint gcd)  (0.2s)
  oracle (correct candidate): branch=regular, i in [0,2Lambda]=True, i==Q(k_p) mod ell=True, e* in E_R=True, alpha^e*==giant mod p=True
  giantsteps: regular=1440, skinny=480
  babysteps: sieved |E_R|=34162 of dense 65760 (ratio 0.519, rho=0.519); skinny 3797; plain HH shortest-vector baseline 7063

Trial 11: N=41901370206676969 (56 bits), p=175227127, q=239126047
  m=1155 (primes<= 11), m0=2, X=m*m0=2310, S=[7, 11], t=2, M=77, rho=0.519, Y=2.000
  lambda0~1843.7, Lambda_R=26077, Lambda_S=1508, L*=52232
  RESULT: factor 175227127  via collision mod p (multipoint gcd)  (0.1s)
  oracle (correct candidate): branch=regular, i in [0,2Lambda]=True, i==Q(k_p) mod ell=True, e* in E_R=True, alpha^e*==giant mod p=True
  giantsteps: regular=1472, skinny=448
  babysteps: sieved |E_R|=27135 of dense 52232 (ratio 0.520, rho=0.519); skinny 3017; plain HH shortest-vector baseline 5609

Trial 12: N=47415271214292199 (56 bits), p=166452367, q=284857897
  m=1155 (primes<= 11), m0=2, X=m*m0=2310, S=[7, 11], t=2, M=77, rho=0.519, Y=2.000
  lambda0~1961.3, Lambda_R=27739, Lambda_S=1604, L*=55556
  RESULT: factor 284857897  via collision mod p (multipoint gcd)  (0.1s)
  oracle (correct candidate): branch=skinny, i in [0,2Lambda]=True, i==Q(k_p) mod ell=True, e* in E_R=None, alpha^e*==giant mod p=True
  giantsteps: regular=1312, skinny=608
  babysteps: sieved |E_R|=28861 of dense 55556 (ratio 0.519, rho=0.519); skinny 3209; plain HH shortest-vector baseline 5967

Trial 13: N=90807303123361997 (57 bits), p=246375707, q=368572471
  m=1155 (primes<= 11), m0=2, X=m*m0=2310, S=[7, 11], t=2, M=77, rho=0.519, Y=2.000
  lambda0~2714.2, Lambda_R=38387, Lambda_S=2219, L*=76852
  RESULT: factor 368572471  via collision mod p (multipoint gcd)  (0.2s)
  oracle (correct candidate): branch=regular, i in [0,2Lambda]=True, i==Q(k_p) mod ell=True, e* in E_R=True, alpha^e*==giant mod p=True
  giantsteps: regular=1328, skinny=592
  babysteps: sieved |E_R|=39923 of dense 76852 (ratio 0.519, rho=0.519); skinny 4439; plain HH shortest-vector baseline 8255

Trial 14: N=54874396700910881 (56 bits), p=187416539, q=292793779
  m=1155 (primes<= 11), m0=2, X=m*m0=2310, S=[7, 11], t=2, M=77, rho=0.519, Y=2.000
  lambda0~2109.9, Lambda_R=29841, Lambda_S=1725, L*=59760
  RESULT: factor 187416539  via collision mod p (multipoint gcd)  (0.1s)
  oracle (correct candidate): branch=regular, i in [0,2Lambda]=True, i==Q(k_p) mod ell=True, e* in E_R=True, alpha^e*==giant mod p=True
  giantsteps: regular=1424, skinny=496
  babysteps: sieved |E_R|=31044 of dense 59760 (ratio 0.519, rho=0.519); skinny 3451; plain HH shortest-vector baseline 6419

Trial 15: N=38521962557743667 (56 bits), p=176537567, q=218208301
  m=1155 (primes<= 11), m0=2, X=m*m0=2310, S=[7, 11], t=2, M=77, rho=0.519, Y=2.000
  lambda0~1767.8, Lambda_R=25003, Lambda_S=1446, L*=50084
  RESULT: factor 176537567  via collision mod p (multipoint gcd)  (0.1s)
  oracle (correct candidate): branch=regular, i in [0,2Lambda]=True, i==Q(k_p) mod ell=True, e* in E_R=True, alpha^e*==giant mod p=True
  giantsteps: regular=1328, skinny=592
  babysteps: sieved |E_R|=26018 of dense 50084 (ratio 0.519, rho=0.519); skinny 2893; plain HH shortest-vector baseline 5379

Trial 16: N=83474460332184793 (57 bits), p=210489739, q=396572587
  m=1155 (primes<= 11), m0=2, X=m*m0=2310, S=[7, 11], t=2, M=77, rho=0.519, Y=2.000
  lambda0~2602.3, Lambda_R=36805, Lambda_S=2127, L*=73688
  RESULT: factor 396572587  via collision mod p (multipoint gcd)  (0.2s)
  oracle (correct candidate): branch=regular, i in [0,2Lambda]=True, i==Q(k_p) mod ell=True, e* in E_R=True, alpha^e*==giant mod p=True
  giantsteps: regular=1504, skinny=416
  babysteps: sieved |E_R|=38280 of dense 73688 (ratio 0.519, rho=0.519); skinny 4255; plain HH shortest-vector baseline 7915

Trial 17: N=41470231491276233 (56 bits), p=197910569, q=209540257
  m=1155 (primes<= 11), m0=2, X=m*m0=2310, S=[7, 11], t=2, M=77, rho=0.519, Y=2.000
  lambda0~1834.2, Lambda_R=25942, Lambda_S=1500, L*=51962
  RESULT: factor 209540257  via collision mod p (multipoint gcd)  (0.1s)
  oracle (correct candidate): branch=skinny, i in [0,2Lambda]=True, i==Q(k_p) mod ell=True, e* in E_R=None, alpha^e*==giant mod p=True
  giantsteps: regular=1328, skinny=592
  babysteps: sieved |E_R|=26994 of dense 51962 (ratio 0.519, rho=0.519); skinny 3001; plain HH shortest-vector baseline 5581

Trial 18: N=69980065861980697 (56 bits), p=223484531, q=313131587
  m=1155 (primes<= 11), m0=2, X=m*m0=2310, S=[7, 11], t=2, M=77, rho=0.519, Y=2.000
  lambda0~2382.7, Lambda_R=33699, Lambda_S=1948, L*=67476
  RESULT: factor 313131587  via collision mod p (multipoint gcd)  (0.2s)
  oracle (correct candidate): branch=regular, i in [0,2Lambda]=True, i==Q(k_p) mod ell=True, e* in E_R=True, alpha^e*==giant mod p=True
  giantsteps: regular=1440, skinny=480
  babysteps: sieved |E_R|=35054 of dense 67476 (ratio 0.520, rho=0.519); skinny 3897; plain HH shortest-vector baseline 7247

Trial 19: N=116815388566136719 (57 bits), p=254248921, q=459452839
  m=1155 (primes<= 11), m0=2, X=m*m0=2310, S=[7, 11], t=2, M=77, rho=0.519, Y=2.000
  lambda0~3078.4, Lambda_R=43538, Lambda_S=2516, L*=87154
  RESULT: factor 254248921  via collision mod p (multipoint gcd)  (0.2s)
  oracle (correct candidate): branch=regular, i in [0,2Lambda]=True, i==Q(k_p) mod ell=True, e* in E_R=True, alpha^e*==giant mod p=True
  giantsteps: regular=1472, skinny=448
  babysteps: sieved |E_R|=45275 of dense 87154 (ratio 0.519, rho=0.519); skinny 5033; plain HH shortest-vector baseline 9363

Trial 20: N=31395479028611839 (55 bits), p=155180821, q=202315459
  m=1155 (primes<= 11), m0=2, X=m*m0=2310, S=[7, 11], t=2, M=77, rho=0.519, Y=2.000
  lambda0~1595.9, Lambda_R=22572, Lambda_S=1306, L*=45222
  RESULT: factor 155180821  via collision mod p (multipoint gcd)  (0.1s)
  oracle (correct candidate): branch=regular, i in [0,2Lambda]=True, i==Q(k_p) mod ell=True, e* in E_R=True, alpha^e*==giant mod p=True
  giantsteps: regular=1312, skinny=608
  babysteps: sieved |E_R|=23493 of dense 45222 (ratio 0.520, rho=0.519); skinny 2613; plain HH shortest-vector baseline 4857

Trial 21: N=77266377586229417 (57 bits), p=264398419, q=292234643
  m=1155 (primes<= 11), m0=2, X=m*m0=2310, S=[7, 11], t=2, M=77, rho=0.519, Y=2.000
  lambda0~2503.7, Lambda_R=35410, Lambda_S=2047, L*=70898
  RESULT: factor 292234643  via collision mod p (multipoint gcd)  (0.2s)
  oracle (correct candidate): branch=regular, i in [0,2Lambda]=True, i==Q(k_p) mod ell=True, e* in E_R=True, alpha^e*==giant mod p=True
  giantsteps: regular=1392, skinny=528
  babysteps: sieved |E_R|=36830 of dense 70898 (ratio 0.519, rho=0.519); skinny 4095; plain HH shortest-vector baseline 7615

Trial 22: N=114326684324911571 (57 bits), p=226452377, q=504859723
  m=1155 (primes<= 11), m0=2, X=m*m0=2310, S=[7, 11], t=2, M=77, rho=0.519, Y=2.000
  lambda0~3045.5, Lambda_R=43072, Lambda_S=2489, L*=86222
  RESULT: factor 504859723  via collision mod p (multipoint gcd)  (0.2s)
  oracle (correct candidate): branch=regular, i in [0,2Lambda]=True, i==Q(k_p) mod ell=True, e* in E_R=True, alpha^e*==giant mod p=True
  giantsteps: regular=1504, skinny=416
  babysteps: sieved |E_R|=44791 of dense 86222 (ratio 0.519, rho=0.519); skinny 4979; plain HH shortest-vector baseline 9263

Trial 23: N=68429122070284667 (56 bits), p=140229449, q=487979683
  m=1155 (primes<= 11), m0=2, X=m*m0=2310, S=[7, 11], t=2, M=77, rho=0.519, Y=2.000
  lambda0~2356.1, Lambda_R=33323, Lambda_S=1926, L*=66724
  RESULT: factor 487979683  via collision mod p (multipoint gcd)  (0.2s)
  oracle (correct candidate): branch=skinny, i in [0,2Lambda]=True, i==Q(k_p) mod ell=True, e* in E_R=None, alpha^e*==giant mod p=True
  giantsteps: regular=1472, skinny=448
  babysteps: sieved |E_R|=34662 of dense 66724 (ratio 0.519, rho=0.519); skinny 3853; plain HH shortest-vector baseline 7167

Trial 24: N=127349769981895829 (57 bits), p=258812101, q=492054929
  m=1155 (primes<= 11), m0=2, X=m*m0=2310, S=[7, 11], t=2, M=77, rho=0.519, Y=2.000
  lambda0~3214.3, Lambda_R=45459, Lambda_S=2627, L*=90996
  RESULT: factor 258812101  via collision mod p (multipoint gcd)  (0.2s)
  oracle (correct candidate): branch=regular, i in [0,2Lambda]=True, i==Q(k_p) mod ell=True, e* in E_R=True, alpha^e*==giant mod p=True
  giantsteps: regular=1584, skinny=336
  babysteps: sieved |E_R|=47271 of dense 90996 (ratio 0.519, rho=0.519); skinny 5255; plain HH shortest-vector baseline 9775

Trial 25: N=114894337969672829 (57 bits), p=232310171, q=494572999
  m=1155 (primes<= 11), m0=2, X=m*m0=2310, S=[7, 11], t=2, M=77, rho=0.519, Y=2.000
  lambda0~3053.0, Lambda_R=43179, Lambda_S=2495, L*=86436
  RESULT: factor 232310171  via collision mod p (multipoint gcd)  (0.2s)
  oracle (correct candidate): branch=skinny, i in [0,2Lambda]=True, i==Q(k_p) mod ell=True, e* in E_R=None, alpha^e*==giant mod p=True
  giantsteps: regular=1504, skinny=416
  babysteps: sieved |E_R|=44902 of dense 86436 (ratio 0.519, rho=0.519); skinny 4991; plain HH shortest-vector baseline 9285

Trial 26: N=135273354365502907 (57 bits), p=253065023, q=534539909
  m=1155 (primes<= 11), m0=2, X=m*m0=2310, S=[7, 11], t=2, M=77, rho=0.519, Y=2.000
  lambda0~3312.7, Lambda_R=46852, Lambda_S=2707, L*=93782
  RESULT: factor 253065023  via exact match + Lemma 2.4  (0.1s)
  oracle (correct candidate): branch=skinny, i in [0,2Lambda]=True, i==Q(k_p) mod ell=True, e* in E_R=None, alpha^e*==giant mod p=True
  giantsteps: regular=1504, skinny=416
  babysteps: sieved |E_R|=48719 of dense 93782 (ratio 0.519, rho=0.519); skinny 5415; plain HH shortest-vector baseline 10075

Trial 27: N=82370541479906917 (57 bits), p=207923437, q=396158041
  m=1155 (primes<= 11), m0=2, X=m*m0=2310, S=[7, 11], t=2, M=77, rho=0.519, Y=2.000
  lambda0~2585.0, Lambda_R=36561, Lambda_S=2113, L*=73200
  RESULT: factor 396158041  via collision mod p (multipoint gcd)  (0.2s)
  oracle (correct candidate): branch=regular, i in [0,2Lambda]=True, i==Q(k_p) mod ell=True, e* in E_R=True, alpha^e*==giant mod p=True
  giantsteps: regular=1472, skinny=448
  babysteps: sieved |E_R|=38026 of dense 73200 (ratio 0.519, rho=0.519); skinny 4227; plain HH shortest-vector baseline 7863

Trial 28: N=62021315773572019 (56 bits), p=208722511, q=297147229
  m=1155 (primes<= 11), m0=2, X=m*m0=2310, S=[7, 11], t=2, M=77, rho=0.519, Y=2.000
  lambda0~2243.1, Lambda_R=31725, Lambda_S=1834, L*=63528
  RESULT: factor 208722511  via collision mod p (multipoint gcd)  (0.1s)
  oracle (correct candidate): branch=regular, i in [0,2Lambda]=True, i==Q(k_p) mod ell=True, e* in E_R=True, alpha^e*==giant mod p=True
  giantsteps: regular=1472, skinny=448
  babysteps: sieved |E_R|=33002 of dense 63528 (ratio 0.519, rho=0.519); skinny 3669; plain HH shortest-vector baseline 6823

Trial 29: N=51054245568453731 (56 bits), p=140987489, q=362118979
  m=1155 (primes<= 11), m0=2, X=m*m0=2310, S=[7, 11], t=2, M=77, rho=0.519, Y=2.000
  lambda0~2035.2, Lambda_R=28784, Lambda_S=1664, L*=57646
  RESULT: factor 140987489  via collision mod p (multipoint gcd)  (0.1s)
  oracle (correct candidate): branch=regular, i in [0,2Lambda]=True, i==Q(k_p) mod ell=True, e* in E_R=True, alpha^e*==giant mod p=True
  giantsteps: regular=1504, skinny=416
  babysteps: sieved |E_R|=29946 of dense 57646 (ratio 0.519, rho=0.519); skinny 3329; plain HH shortest-vector baseline 6191

Trial 30: N=50386265125823741 (56 bits), p=156171731, q=322633711
  m=1155 (primes<= 11), m0=2, X=m*m0=2310, S=[7, 11], t=2, M=77, rho=0.519, Y=2.000
  lambda0~2021.8, Lambda_R=28595, Lambda_S=1653, L*=57268
  RESULT: factor 156171731  via collision mod p (multipoint gcd)  (0.1s)
  oracle (correct candidate): branch=regular, i in [0,2Lambda]=True, i==Q(k_p) mod ell=True, e* in E_R=True, alpha^e*==giant mod p=True
  giantsteps: regular=1584, skinny=336
  babysteps: sieved |E_R|=29750 of dense 57268 (ratio 0.519, rho=0.519); skinny 3307; plain HH shortest-vector baseline 6151

Trial 31: N=32002985064629303 (55 bits), p=170176969, q=188057087
  m=1155 (primes<= 11), m0=2, X=m*m0=2310, S=[7, 11], t=2, M=77, rho=0.519, Y=2.000
  lambda0~1611.3, Lambda_R=22790, Lambda_S=1318, L*=45658
  RESULT: factor 170176969  via collision mod p (multipoint gcd)  (0.1s)
  oracle (correct candidate): branch=regular, i in [0,2Lambda]=True, i==Q(k_p) mod ell=True, e* in E_R=True, alpha^e*==giant mod p=True
  giantsteps: regular=1328, skinny=592
  babysteps: sieved |E_R|=23719 of dense 45658 (ratio 0.519, rho=0.519); skinny 2637; plain HH shortest-vector baseline 4903

Trial 32: N=120626956088690959 (57 bits), p=249966643, q=482572213
  m=1155 (primes<= 11), m0=2, X=m*m0=2310, S=[7, 11], t=2, M=77, rho=0.519, Y=2.000
  lambda0~3128.3, Lambda_R=44243, Lambda_S=2557, L*=88564
  RESULT: factor 482572213  via collision mod p (multipoint gcd)  (0.2s)
  oracle (correct candidate): branch=skinny, i in [0,2Lambda]=True, i==Q(k_p) mod ell=True, e* in E_R=None, alpha^e*==giant mod p=True
  giantsteps: regular=1360, skinny=560
  babysteps: sieved |E_R|=46007 of dense 88564 (ratio 0.519, rho=0.519); skinny 5115; plain HH shortest-vector baseline 9513

Trial 33: N=91138515605626759 (57 bits), p=212593253, q=428699003
  m=1155 (primes<= 11), m0=2, X=m*m0=2310, S=[7, 11], t=2, M=77, rho=0.519, Y=2.000
  lambda0~2719.1, Lambda_R=38457, Lambda_S=2223, L*=76992
  RESULT: factor 428699003  via collision mod p (multipoint gcd)  (0.2s)
  oracle (correct candidate): branch=regular, i in [0,2Lambda]=True, i==Q(k_p) mod ell=True, e* in E_R=True, alpha^e*==giant mod p=True
  giantsteps: regular=1472, skinny=448
  babysteps: sieved |E_R|=39996 of dense 76992 (ratio 0.519, rho=0.519); skinny 4447; plain HH shortest-vector baseline 8271

Trial 34: N=64759927302243553 (56 bits), p=170143231, q=380620063
  m=1155 (primes<= 11), m0=2, X=m*m0=2310, S=[7, 11], t=2, M=77, rho=0.519, Y=2.000
  lambda0~2292.1, Lambda_R=32418, Lambda_S=1874, L*=64914
  RESULT: factor 380620063  via collision mod p (multipoint gcd)  (0.2s)
  oracle (correct candidate): branch=regular, i in [0,2Lambda]=True, i==Q(k_p) mod ell=True, e* in E_R=True, alpha^e*==giant mod p=True
  giantsteps: regular=1552, skinny=368
  babysteps: sieved |E_R|=33722 of dense 64914 (ratio 0.519, rho=0.519); skinny 3749; plain HH shortest-vector baseline 6973

Trial 35: N=79955606130801113 (57 bits), p=176416351, q=453221063
  m=1155 (primes<= 11), m0=2, X=m*m0=2310, S=[7, 11], t=2, M=77, rho=0.519, Y=2.000
  lambda0~2546.9, Lambda_R=36021, Lambda_S=2082, L*=72120
  RESULT: factor 176416351  via collision mod p (multipoint gcd)  (0.2s)
  oracle (correct candidate): branch=regular, i in [0,2Lambda]=True, i==Q(k_p) mod ell=True, e* in E_R=True, alpha^e*==giant mod p=True
  giantsteps: regular=1392, skinny=528
  babysteps: sieved |E_R|=37464 of dense 72120 (ratio 0.519, rho=0.519); skinny 4165; plain HH shortest-vector baseline 7747

Trial 36: N=98085820792764769 (57 bits), p=254270713, q=385753513
  m=1155 (primes<= 11), m0=2, X=m*m0=2310, S=[7, 11], t=2, M=77, rho=0.519, Y=2.000
  lambda0~2820.9, Lambda_R=39896, Lambda_S=2306, L*=79870
  RESULT: factor 385753513  via collision mod p (multipoint gcd)  (0.2s)
  oracle (correct candidate): branch=regular, i in [0,2Lambda]=True, i==Q(k_p) mod ell=True, e* in E_R=True, alpha^e*==giant mod p=True
  giantsteps: regular=1360, skinny=560
  babysteps: sieved |E_R|=41492 of dense 79870 (ratio 0.519, rho=0.519); skinny 4613; plain HH shortest-vector baseline 8579

Trial 37: N=80165728020912949 (57 bits), p=220243861, q=363986209
  m=1155 (primes<= 11), m0=2, X=m*m0=2310, S=[7, 11], t=2, M=77, rho=0.519, Y=2.000
  lambda0~2550.2, Lambda_R=36068, Lambda_S=2085, L*=72214
  RESULT: factor 220243861  via collision mod p (multipoint gcd)  (0.2s)
  oracle (correct candidate): branch=skinny, i in [0,2Lambda]=True, i==Q(k_p) mod ell=True, e* in E_R=None, alpha^e*==giant mod p=True
  giantsteps: regular=1472, skinny=448
  babysteps: sieved |E_R|=37515 of dense 72214 (ratio 0.519, rho=0.519); skinny 4171; plain HH shortest-vector baseline 7757

Trial 38: N=85420600481599633 (57 bits), p=185303413, q=460976941
  m=1155 (primes<= 11), m0=2, X=m*m0=2310, S=[7, 11], t=2, M=77, rho=0.519, Y=2.000
  lambda0~2632.5, Lambda_R=37231, Lambda_S=2152, L*=74540
  RESULT: factor 460976941  via collision mod p (multipoint gcd)  (0.2s)
  oracle (correct candidate): branch=regular, i in [0,2Lambda]=True, i==Q(k_p) mod ell=True, e* in E_R=True, alpha^e*==giant mod p=True
  giantsteps: regular=1472, skinny=448
  babysteps: sieved |E_R|=38722 of dense 74540 (ratio 0.519, rho=0.519); skinny 4305; plain HH shortest-vector baseline 8007

Trial 39: N=108591649701425419 (57 bits), p=207654631, q=522943549
  m=1155 (primes<= 11), m0=2, X=m*m0=2310, S=[7, 11], t=2, M=77, rho=0.519, Y=2.000
  lambda0~2968.1, Lambda_R=41978, Lambda_S=2426, L*=84034
  RESULT: factor 207654631  via collision mod p (multipoint gcd)  (0.2s)
  oracle (correct candidate): branch=regular, i in [0,2Lambda]=True, i==Q(k_p) mod ell=True, e* in E_R=True, alpha^e*==giant mod p=True
  giantsteps: regular=1312, skinny=608
  babysteps: sieved |E_R|=43655 of dense 84034 (ratio 0.519, rho=0.519); skinny 4853; plain HH shortest-vector baseline 9027

Trial 40: N=41474781923594009 (56 bits), p=183721093, q=225748613
  m=1155 (primes<= 11), m0=2, X=m*m0=2310, S=[7, 11], t=2, M=77, rho=0.519, Y=2.000
  lambda0~1834.3, Lambda_R=25944, Lambda_S=1500, L*=51966
  RESULT: factor 225748613  via collision mod p (multipoint gcd)  (0.1s)
  oracle (correct candidate): branch=regular, i in [0,2Lambda]=True, i==Q(k_p) mod ell=True, e* in E_R=True, alpha^e*==giant mod p=True
  giantsteps: regular=1584, skinny=336
  babysteps: sieved |E_R|=26996 of dense 51966 (ratio 0.519, rho=0.519); skinny 3001; plain HH shortest-vector baseline 5581

Trial 41: N=31573393572668267 (55 bits), p=151148443, q=208889969
  m=1155 (primes<= 11), m0=2, X=m*m0=2310, S=[7, 11], t=2, M=77, rho=0.519, Y=2.000
  lambda0~1600.5, Lambda_R=22636, Lambda_S=1309, L*=45350
  RESULT: factor 208889969  via collision mod p (multipoint gcd)  (0.1s)
  oracle (correct candidate): branch=regular, i in [0,2Lambda]=True, i==Q(k_p) mod ell=True, e* in E_R=True, alpha^e*==giant mod p=True
  giantsteps: regular=1392, skinny=528
  babysteps: sieved |E_R|=23559 of dense 45350 (ratio 0.519, rho=0.519); skinny 2619; plain HH shortest-vector baseline 4871

Trial 42: N=118253390219730761 (57 bits), p=264510899, q=447064339
  m=1155 (primes<= 11), m0=2, X=m*m0=2310, S=[7, 11], t=2, M=77, rho=0.519, Y=2.000
  lambda0~3097.3, Lambda_R=43805, Lambda_S=2531, L*=87688
  RESULT: factor 447064339  via collision mod p (multipoint gcd)  (0.2s)
  oracle (correct candidate): branch=regular, i in [0,2Lambda]=True, i==Q(k_p) mod ell=True, e* in E_R=True, alpha^e*==giant mod p=True
  giantsteps: regular=1504, skinny=416
  babysteps: sieved |E_R|=45552 of dense 87688 (ratio 0.519, rho=0.519); skinny 5063; plain HH shortest-vector baseline 9419

Trial 43: N=69816514360306957 (56 bits), p=216298499, q=322778543
  m=1155 (primes<= 11), m0=2, X=m*m0=2310, S=[7, 11], t=2, M=77, rho=0.519, Y=2.000
  lambda0~2379.9, Lambda_R=33660, Lambda_S=1946, L*=67398
  RESULT: factor 322778543  via collision mod p (multipoint gcd)  (0.2s)
  oracle (correct candidate): branch=skinny, i in [0,2Lambda]=True, i==Q(k_p) mod ell=True, e* in E_R=None, alpha^e*==giant mod p=True
  giantsteps: regular=1440, skinny=480
  babysteps: sieved |E_R|=35013 of dense 67398 (ratio 0.519, rho=0.519); skinny 3893; plain HH shortest-vector baseline 7239

Trial 44: N=88340236039618711 (57 bits), p=184095413, q=479861147
  m=1155 (primes<= 11), m0=2, X=m*m0=2310, S=[7, 11], t=2, M=77, rho=0.519, Y=2.000
  lambda0~2677.1, Lambda_R=37862, Lambda_S=2188, L*=75802
  RESULT: factor 184095413  via collision mod p (multipoint gcd)  (0.2s)
  oracle (correct candidate): branch=regular, i in [0,2Lambda]=True, i==Q(k_p) mod ell=True, e* in E_R=True, alpha^e*==giant mod p=True
  giantsteps: regular=1312, skinny=608
  babysteps: sieved |E_R|=39378 of dense 75802 (ratio 0.519, rho=0.519); skinny 4377; plain HH shortest-vector baseline 8143

Trial 45: N=103779439041388199 (57 bits), p=220590871, q=470461169
  m=1155 (primes<= 11), m0=2, X=m*m0=2310, S=[7, 11], t=2, M=77, rho=0.519, Y=2.000
  lambda0~2901.6, Lambda_R=41037, Lambda_S=2372, L*=82152
  RESULT: factor 220590871  via collision mod p (multipoint gcd)  (0.2s)
  oracle (correct candidate): branch=regular, i in [0,2Lambda]=True, i==Q(k_p) mod ell=True, e* in E_R=True, alpha^e*==giant mod p=True
  giantsteps: regular=1584, skinny=336
  babysteps: sieved |E_R|=42677 of dense 82152 (ratio 0.519, rho=0.519); skinny 4745; plain HH shortest-vector baseline 8825

Trial 46: N=92053171062966551 (57 bits), p=209141909, q=440146939
  m=1155 (primes<= 11), m0=2, X=m*m0=2310, S=[7, 11], t=2, M=77, rho=0.519, Y=2.000
  lambda0~2732.8, Lambda_R=38650, Lambda_S=2234, L*=77378
  RESULT: factor 440146939  via collision mod p (multipoint gcd)  (0.2s)
  oracle (correct candidate): branch=regular, i in [0,2Lambda]=True, i==Q(k_p) mod ell=True, e* in E_R=True, alpha^e*==giant mod p=True
  giantsteps: regular=1584, skinny=336
  babysteps: sieved |E_R|=40197 of dense 77378 (ratio 0.519, rho=0.519); skinny 4469; plain HH shortest-vector baseline 8311

Trial 47: N=87279392804277133 (57 bits), p=228414559, q=382109587
  m=1155 (primes<= 11), m0=2, X=m*m0=2310, S=[7, 11], t=2, M=77, rho=0.519, Y=2.000
  lambda0~2661.0, Lambda_R=37634, Lambda_S=2175, L*=75346
  RESULT: factor 228414559  via collision mod p (multipoint gcd)  (0.2s)
  oracle (correct candidate): branch=regular, i in [0,2Lambda]=True, i==Q(k_p) mod ell=True, e* in E_R=True, alpha^e*==giant mod p=True
  giantsteps: regular=1440, skinny=480
  babysteps: sieved |E_R|=39141 of dense 75346 (ratio 0.519, rho=0.519); skinny 4351; plain HH shortest-vector baseline 8093

Trial 48: N=86297395134102461 (57 bits), p=169275371, q=509804791
  m=1155 (primes<= 11), m0=2, X=m*m0=2310, S=[7, 11], t=2, M=77, rho=0.519, Y=2.000
  lambda0~2645.9, Lambda_R=37422, Lambda_S=2163, L*=74922
  RESULT: factor 169275371  via Lemma 3.11 certification  (0.0s)

Trial 49: N=111948313661428021 (57 bits), p=215809361, q=518737061
  m=1155 (primes<= 11), m0=2, X=m*m0=2310, S=[7, 11], t=2, M=77, rho=0.519, Y=2.000
  lambda0~3013.6, Lambda_R=42622, Lambda_S=2463, L*=85322
  RESULT: factor 215809361  via collision mod p (multipoint gcd)  (0.2s)
  oracle (correct candidate): branch=regular, i in [0,2Lambda]=True, i==Q(k_p) mod ell=True, e* in E_R=True, alpha^e*==giant mod p=True
  giantsteps: regular=1472, skinny=448
  babysteps: sieved |E_R|=44323 of dense 85322 (ratio 0.519, rho=0.519); skinny 4927; plain HH shortest-vector baseline 9165

Trial 50: N=55807904045866741 (56 bits), p=198118937, q=281688893
  m=1155 (primes<= 11), m0=2, X=m*m0=2310, S=[7, 11], t=2, M=77, rho=0.519, Y=2.000
  lambda0~2127.8, Lambda_R=30094, Lambda_S=1740, L*=60266
  RESULT: factor 281688893  via collision mod p (multipoint gcd)  (0.1s)
  oracle (correct candidate): branch=skinny, i in [0,2Lambda]=True, i==Q(k_p) mod ell=True, e* in E_R=None, alpha^e*==giant mod p=True
  giantsteps: regular=1360, skinny=560
  babysteps: sieved |E_R|=31307 of dense 60266 (ratio 0.519, rho=0.519); skinny 3481; plain HH shortest-vector baseline 6473

Trial 51: N=37193315624728969 (56 bits), p=159826189, q=232711021
  m=1155 (primes<= 11), m0=2, X=m*m0=2310, S=[7, 11], t=2, M=77, rho=0.519, Y=2.000
  lambda0~1737.1, Lambda_R=24568, Lambda_S=1421, L*=49214
  RESULT: factor 232711021  via collision mod p (multipoint gcd)  (0.1s)
  oracle (correct candidate): branch=skinny, i in [0,2Lambda]=True, i==Q(k_p) mod ell=True, e* in E_R=None, alpha^e*==giant mod p=True
  giantsteps: regular=1360, skinny=560
  babysteps: sieved |E_R|=25566 of dense 49214 (ratio 0.519, rho=0.519); skinny 2843; plain HH shortest-vector baseline 5285

Trial 52: N=100677195576706237 (57 bits), p=229363087, q=438942451
  m=1155 (primes<= 11), m0=2, X=m*m0=2310, S=[7, 11], t=2, M=77, rho=0.519, Y=2.000
  lambda0~2857.9, Lambda_R=40419, Lambda_S=2336, L*=80916
  RESULT: factor 438942451  via collision mod p (multipoint gcd)  (0.2s)
  oracle (correct candidate): branch=regular, i in [0,2Lambda]=True, i==Q(k_p) mod ell=True, e* in E_R=True, alpha^e*==giant mod p=True
  giantsteps: regular=1440, skinny=480
  babysteps: sieved |E_R|=42035 of dense 80916 (ratio 0.519, rho=0.519); skinny 4673; plain HH shortest-vector baseline 8693

Trial 53: N=62869243889246539 (56 bits), p=226860169, q=277127731
  m=1155 (primes<= 11), m0=2, X=m*m0=2310, S=[7, 11], t=2, M=77, rho=0.519, Y=2.000
  lambda0~2258.4, Lambda_R=31941, Lambda_S=1846, L*=63960
  RESULT: factor 277127731  via collision mod p (multipoint gcd)  (0.2s)
  oracle (correct candidate): branch=skinny, i in [0,2Lambda]=True, i==Q(k_p) mod ell=True, e* in E_R=None, alpha^e*==giant mod p=True
  giantsteps: regular=1360, skinny=560
  babysteps: sieved |E_R|=33226 of dense 63960 (ratio 0.519, rho=0.519); skinny 3693; plain HH shortest-vector baseline 6871

Trial 54: N=52070516262364823 (56 bits), p=135255047, q=384980209
  m=1155 (primes<= 11), m0=2, X=m*m0=2310, S=[7, 11], t=2, M=77, rho=0.519, Y=2.000
  lambda0~2055.3, Lambda_R=29069, Lambda_S=1681, L*=58216
  RESULT: factor 135255047  via collision mod p (multipoint gcd)  (0.1s)
  oracle (correct candidate): branch=regular, i in [0,2Lambda]=True, i==Q(k_p) mod ell=True, e* in E_R=True, alpha^e*==giant mod p=True
  giantsteps: regular=1392, skinny=528
  babysteps: sieved |E_R|=30242 of dense 58216 (ratio 0.519, rho=0.519); skinny 3363; plain HH shortest-vector baseline 6253

Trial 55: N=55523573207808533 (56 bits), p=199233941, q=278685313
  m=1155 (primes<= 11), m0=2, X=m*m0=2310, S=[7, 11], t=2, M=77, rho=0.519, Y=2.000
  lambda0~2122.4, Lambda_R=30017, Lambda_S=1735, L*=60112
  RESULT: factor 199233941  via exact match + Lemma 2.4  (0.1s)
  oracle (correct candidate): branch=skinny, i in [0,2Lambda]=True, i==Q(k_p) mod ell=True, e* in E_R=None, alpha^e*==giant mod p=True
  giantsteps: regular=1584, skinny=336
  babysteps: sieved |E_R|=31227 of dense 60112 (ratio 0.519, rho=0.519); skinny 3471; plain HH shortest-vector baseline 6457

Trial 56: N=125285583268129169 (57 bits), p=249528701, q=502088869
  m=1155 (primes<= 11), m0=2, X=m*m0=2310, S=[7, 11], t=2, M=77, rho=0.519, Y=2.000
  lambda0~3188.1, Lambda_R=45089, Lambda_S=2606, L*=90256
  RESULT: factor 502088869  via collision mod p (multipoint gcd)  (0.2s)
  oracle (correct candidate): branch=regular, i in [0,2Lambda]=True, i==Q(k_p) mod ell=True, e* in E_R=True, alpha^e*==giant mod p=True
  giantsteps: regular=1504, skinny=416
  babysteps: sieved |E_R|=46887 of dense 90256 (ratio 0.519, rho=0.519); skinny 5213; plain HH shortest-vector baseline 9695

Trial 57: N=24199434511994249 (55 bits), p=152741647, q=158433767
  m=1155 (primes<= 11), m0=2, X=m*m0=2310, S=[7, 11], t=2, M=77, rho=0.519, Y=2.000
  lambda0~1401.2, Lambda_R=19818, Lambda_S=1147, L*=39714
  RESULT: factor 152741647  via collision mod p (multipoint gcd)  (0.1s)
  oracle (correct candidate): branch=regular, i in [0,2Lambda]=True, i==Q(k_p) mod ell=True, e* in E_R=True, alpha^e*==giant mod p=True
  giantsteps: regular=1504, skinny=416
  babysteps: sieved |E_R|=20631 of dense 39714 (ratio 0.519, rho=0.519); skinny 2295; plain HH shortest-vector baseline 4265

Trial 58: N=77676288969842867 (57 bits), p=205984897, q=377097011
  m=1155 (primes<= 11), m0=2, X=m*m0=2310, S=[7, 11], t=2, M=77, rho=0.519, Y=2.000
  lambda0~2510.3, Lambda_R=35504, Lambda_S=2052, L*=71086
  RESULT: factor 377097011  via collision mod p (multipoint gcd)  (0.2s)
  oracle (correct candidate): branch=regular, i in [0,2Lambda]=True, i==Q(k_p) mod ell=True, e* in E_R=True, alpha^e*==giant mod p=True
  giantsteps: regular=1472, skinny=448
  babysteps: sieved |E_R|=36928 of dense 71086 (ratio 0.519, rho=0.519); skinny 4105; plain HH shortest-vector baseline 7635

Trial 59: N=85446922218023813 (57 bits), p=224975717, q=379805089
  m=1155 (primes<= 11), m0=2, X=m*m0=2310, S=[7, 11], t=2, M=77, rho=0.519, Y=2.000
  lambda0~2632.9, Lambda_R=37237, Lambda_S=2152, L*=74552
  RESULT: factor 224975717  via collision mod p (multipoint gcd)  (0.2s)
  oracle (correct candidate): branch=regular, i in [0,2Lambda]=True, i==Q(k_p) mod ell=True, e* in E_R=True, alpha^e*==giant mod p=True
  giantsteps: regular=1472, skinny=448
  babysteps: sieved |E_R|=38729 of dense 74552 (ratio 0.519, rho=0.519); skinny 4305; plain HH shortest-vector baseline 8009

Trial 60: N=45592885675811011 (56 bits), p=182505539, q=249816449
  m=1155 (primes<= 11), m0=2, X=m*m0=2310, S=[7, 11], t=2, M=77, rho=0.519, Y=2.000
  lambda0~1923.2, Lambda_R=27201, Lambda_S=1573, L*=54480
  RESULT: factor 182505539  via collision mod p (multipoint gcd)  (0.1s)
  oracle (correct candidate): branch=regular, i in [0,2Lambda]=True, i==Q(k_p) mod ell=True, e* in E_R=True, alpha^e*==giant mod p=True
  giantsteps: regular=1360, skinny=560
  babysteps: sieved |E_R|=28301 of dense 54480 (ratio 0.519, rho=0.519); skinny 3147; plain HH shortest-vector baseline 5851

Trial 61: N=43720276834473509 (56 bits), p=182627891, q=239395399
  m=1155 (primes<= 11), m0=2, X=m*m0=2310, S=[7, 11], t=2, M=77, rho=0.519, Y=2.000
  lambda0~1883.3, Lambda_R=26637, Lambda_S=1540, L*=53352
  RESULT: factor 182627891  via collision mod p (multipoint gcd)  (0.1s)
  oracle (correct candidate): branch=regular, i in [0,2Lambda]=True, i==Q(k_p) mod ell=True, e* in E_R=True, alpha^e*==giant mod p=True
  giantsteps: regular=1504, skinny=416
  babysteps: sieved |E_R|=27716 of dense 53352 (ratio 0.519, rho=0.519); skinny 3081; plain HH shortest-vector baseline 5731

Trial 62: N=65605903726308443 (56 bits), p=180647473, q=363170891
  m=1155 (primes<= 11), m0=2, X=m*m0=2310, S=[7, 11], t=2, M=77, rho=0.519, Y=2.000
  lambda0~2307.0, Lambda_R=32629, Lambda_S=1886, L*=65336
  RESULT: factor 180647473  via exact match + Lemma 2.4  (0.1s)
  oracle (correct candidate): branch=regular, i in [0,2Lambda]=True, i==Q(k_p) mod ell=True, e* in E_R=True, alpha^e*==giant mod p=True
  giantsteps: regular=1584, skinny=336
  babysteps: sieved |E_R|=33941 of dense 65336 (ratio 0.519, rho=0.519); skinny 3773; plain HH shortest-vector baseline 7017

Trial 63: N=29212487144259173 (55 bits), p=135773663, q=215155771
  m=1155 (primes<= 11), m0=2, X=m*m0=2310, S=[7, 11], t=2, M=77, rho=0.519, Y=2.000
  lambda0~1539.5, Lambda_R=21774, Lambda_S=1259, L*=43626
  RESULT: factor 135773663  via collision mod p (multipoint gcd)  (0.1s)
  oracle (correct candidate): branch=skinny, i in [0,2Lambda]=True, i==Q(k_p) mod ell=True, e* in E_R=None, alpha^e*==giant mod p=True
  giantsteps: regular=1472, skinny=448
  babysteps: sieved |E_R|=22663 of dense 43626 (ratio 0.519, rho=0.519); skinny 2519; plain HH shortest-vector baseline 4685

Trial 64: N=82221170529071923 (57 bits), p=162936691, q=504620353
  m=1155 (primes<= 11), m0=2, X=m*m0=2310, S=[7, 11], t=2, M=77, rho=0.519, Y=2.000
  lambda0~2582.7, Lambda_R=36527, Lambda_S=2111, L*=73132
  RESULT: factor 162936691  via collision mod p (multipoint gcd)  (0.2s)
  oracle (correct candidate): branch=regular, i in [0,2Lambda]=True, i==Q(k_p) mod ell=True, e* in E_R=True, alpha^e*==giant mod p=True
  giantsteps: regular=1472, skinny=448
  babysteps: sieved |E_R|=37991 of dense 73132 (ratio 0.519, rho=0.519); skinny 4223; plain HH shortest-vector baseline 7855

Trial 65: N=119475182018489677 (57 bits), p=231804467, q=515413631
  m=1155 (primes<= 11), m0=2, X=m*m0=2310, S=[7, 11], t=2, M=77, rho=0.519, Y=2.000
  lambda0~3113.3, Lambda_R=44031, Lambda_S=2544, L*=88140
  RESULT: factor 515413631  via collision mod p (multipoint gcd)  (0.2s)
  oracle (correct candidate): branch=regular, i in [0,2Lambda]=True, i==Q(k_p) mod ell=True, e* in E_R=True, alpha^e*==giant mod p=True
  giantsteps: regular=1552, skinny=368
  babysteps: sieved |E_R|=45787 of dense 88140 (ratio 0.519, rho=0.519); skinny 5089; plain HH shortest-vector baseline 9469

Trial 66: N=73647227799518207 (57 bits), p=252810419, q=291314053
  m=1155 (primes<= 11), m0=2, X=m*m0=2310, S=[7, 11], t=2, M=77, rho=0.519, Y=2.000
  lambda0~2444.3, Lambda_R=34571, Lambda_S=1998, L*=69220
  RESULT: factor 252810419  via collision mod p (multipoint gcd)  (0.2s)
  oracle (correct candidate): branch=skinny, i in [0,2Lambda]=True, i==Q(k_p) mod ell=True, e* in E_R=None, alpha^e*==giant mod p=True
  giantsteps: regular=1328, skinny=592
  babysteps: sieved |E_R|=35959 of dense 69220 (ratio 0.519, rho=0.519); skinny 3997; plain HH shortest-vector baseline 7435

Trial 67: N=36564347680884851 (56 bits), p=182610853, q=200230967
  m=1155 (primes<= 11), m0=2, X=m*m0=2310, S=[7, 11], t=2, M=77, rho=0.519, Y=2.000
  lambda0~1722.3, Lambda_R=24360, Lambda_S=1409, L*=48798
  RESULT: factor 182610853  via collision mod p (multipoint gcd)  (0.1s)
  oracle (correct candidate): branch=regular, i in [0,2Lambda]=True, i==Q(k_p) mod ell=True, e* in E_R=True, alpha^e*==giant mod p=True
  giantsteps: regular=1584, skinny=336
  babysteps: sieved |E_R|=25350 of dense 48798 (ratio 0.519, rho=0.519); skinny 2819; plain HH shortest-vector baseline 5241

Trial 68: N=103223815684731253 (57 bits), p=198608407, q=519735379
  m=1155 (primes<= 11), m0=2, X=m*m0=2310, S=[7, 11], t=2, M=77, rho=0.519, Y=2.000
  lambda0~2893.8, Lambda_R=40927, Lambda_S=2365, L*=81932
  RESULT: factor 519735379  via collision mod p (multipoint gcd)  (0.2s)
  oracle (correct candidate): branch=skinny, i in [0,2Lambda]=True, i==Q(k_p) mod ell=True, e* in E_R=None, alpha^e*==giant mod p=True
  giantsteps: regular=1552, skinny=368
  babysteps: sieved |E_R|=42562 of dense 81932 (ratio 0.519, rho=0.519); skinny 4731; plain HH shortest-vector baseline 8801

Trial 69: N=117907968813942569 (57 bits), p=222855041, q=529079209
  m=1155 (primes<= 11), m0=2, X=m*m0=2310, S=[7, 11], t=2, M=77, rho=0.519, Y=2.000
  lambda0~3092.8, Lambda_R=43741, Lambda_S=2528, L*=87560
  RESULT: factor 222855041  via collision mod p (multipoint gcd)  (0.2s)
  oracle (correct candidate): branch=skinny, i in [0,2Lambda]=True, i==Q(k_p) mod ell=True, e* in E_R=None, alpha^e*==giant mod p=True
  giantsteps: regular=1584, skinny=336
  babysteps: sieved |E_R|=45486 of dense 87560 (ratio 0.519, rho=0.519); skinny 5057; plain HH shortest-vector baseline 9407

Trial 70: N=19562588541242503 (55 bits), p=139818521, q=139914143
  m=1155 (primes<= 11), m0=2, X=m*m0=2310, S=[7, 11], t=2, M=77, rho=0.519, Y=2.000
  lambda0~1259.8, Lambda_R=17818, Lambda_S=1031, L*=35714
  RESULT: factor 139818521  via collision mod p (multipoint gcd)  (0.1s)
  oracle (correct candidate): branch=skinny, i in [0,2Lambda]=True, i==Q(k_p) mod ell=True, e* in E_R=None, alpha^e*==giant mod p=True
  giantsteps: regular=1504, skinny=416
  babysteps: sieved |E_R|=18553 of dense 35714 (ratio 0.519, rho=0.519); skinny 2063; plain HH shortest-vector baseline 3835

Trial 71: N=104539224084745867 (57 bits), p=249428149, q=419115583
  m=1155 (primes<= 11), m0=2, X=m*m0=2310, S=[7, 11], t=2, M=77, rho=0.519, Y=2.000
  lambda0~2912.2, Lambda_R=41187, Lambda_S=2380, L*=82452
  RESULT: factor 249428149  via collision mod p (multipoint gcd)  (0.2s)
  oracle (correct candidate): branch=regular, i in [0,2Lambda]=True, i==Q(k_p) mod ell=True, e* in E_R=True, alpha^e*==giant mod p=True
  giantsteps: regular=1552, skinny=368
  babysteps: sieved |E_R|=42832 of dense 82452 (ratio 0.519, rho=0.519); skinny 4761; plain HH shortest-vector baseline 8857

Trial 72: N=101040947902637879 (57 bits), p=257367091, q=392594669
  m=1155 (primes<= 11), m0=2, X=m*m0=2310, S=[7, 11], t=2, M=77, rho=0.519, Y=2.000
  lambda0~2863.1, Lambda_R=40492, Lambda_S=2340, L*=81062
  RESULT: factor 392594669  via collision mod p (multipoint gcd)  (0.2s)
  oracle (correct candidate): branch=regular, i in [0,2Lambda]=True, i==Q(k_p) mod ell=True, e* in E_R=True, alpha^e*==giant mod p=True
  giantsteps: regular=1584, skinny=336
  babysteps: sieved |E_R|=42110 of dense 81062 (ratio 0.519, rho=0.519); skinny 4681; plain HH shortest-vector baseline 8707

Trial 73: N=86661315783997457 (57 bits), p=253688101, q=341605757
  m=1155 (primes<= 11), m0=2, X=m*m0=2310, S=[7, 11], t=2, M=77, rho=0.519, Y=2.000
  lambda0~2651.5, Lambda_R=37501, Lambda_S=2167, L*=75080
  RESULT: factor 253688101  via collision mod p (multipoint gcd)  (0.2s)
  oracle (correct candidate): branch=regular, i in [0,2Lambda]=True, i==Q(k_p) mod ell=True, e* in E_R=True, alpha^e*==giant mod p=True
  giantsteps: regular=1472, skinny=448
  babysteps: sieved |E_R|=39003 of dense 75080 (ratio 0.519, rho=0.519); skinny 4335; plain HH shortest-vector baseline 8065

Trial 74: N=63638938175629889 (56 bits), p=202152893, q=314805973
  m=1155 (primes<= 11), m0=2, X=m*m0=2310, S=[7, 11], t=2, M=77, rho=0.519, Y=2.000
  lambda0~2272.2, Lambda_R=32136, Lambda_S=1858, L*=64350
  RESULT: factor 314805973  via collision mod p (multipoint gcd)  (0.2s)
  oracle (correct candidate): branch=skinny, i in [0,2Lambda]=True, i==Q(k_p) mod ell=True, e* in E_R=None, alpha^e*==giant mod p=True
  giantsteps: regular=1504, skinny=416
  babysteps: sieved |E_R|=33428 of dense 64350 (ratio 0.519, rho=0.519); skinny 3717; plain HH shortest-vector baseline 6911

Trial 75: N=57707976013987801 (56 bits), p=171204749, q=337069949
  m=1155 (primes<= 11), m0=2, X=m*m0=2310, S=[7, 11], t=2, M=77, rho=0.519, Y=2.000
  lambda0~2163.7, Lambda_R=30602, Lambda_S=1769, L*=61282
  RESULT: factor 171204749  via collision mod p (multipoint gcd)  (0.1s)
  oracle (correct candidate): branch=regular, i in [0,2Lambda]=True, i==Q(k_p) mod ell=True, e* in E_R=True, alpha^e*==giant mod p=True
  giantsteps: regular=1360, skinny=560
  babysteps: sieved |E_R|=31835 of dense 61282 (ratio 0.519, rho=0.519); skinny 3539; plain HH shortest-vector baseline 6583

Trial 76: N=118041805640647277 (57 bits), p=263013923, q=448804399
  m=1155 (primes<= 11), m0=2, X=m*m0=2310, S=[7, 11], t=2, M=77, rho=0.519, Y=2.000
  lambda0~3094.6, Lambda_R=43766, Lambda_S=2529, L*=87610
  RESULT: factor 263013923  via collision mod p (multipoint gcd)  (0.2s)
  oracle (correct candidate): branch=regular, i in [0,2Lambda]=True, i==Q(k_p) mod ell=True, e* in E_R=True, alpha^e*==giant mod p=True
  giantsteps: regular=1584, skinny=336
  babysteps: sieved |E_R|=45512 of dense 87610 (ratio 0.519, rho=0.519); skinny 5059; plain HH shortest-vector baseline 9411

Trial 77: N=76731553862623057 (57 bits), p=219025837, q=350331061
  m=1155 (primes<= 11), m0=2, X=m*m0=2310, S=[7, 11], t=2, M=77, rho=0.519, Y=2.000
  lambda0~2495.0, Lambda_R=35287, Lambda_S=2040, L*=70652
  RESULT: factor 219025837  via collision mod p (multipoint gcd)  (0.2s)
  oracle (correct candidate): branch=regular, i in [0,2Lambda]=True, i==Q(k_p) mod ell=True, e* in E_R=True, alpha^e*==giant mod p=True
  giantsteps: regular=1472, skinny=448
  babysteps: sieved |E_R|=36703 of dense 70652 (ratio 0.519, rho=0.519); skinny 4081; plain HH shortest-vector baseline 7589

Trial 78: N=29365812006328253 (55 bits), p=139663009, q=210261917
  m=1155 (primes<= 11), m0=2, X=m*m0=2310, S=[7, 11], t=2, M=77, rho=0.519, Y=2.000
  lambda0~1543.5, Lambda_R=21831, Lambda_S=1263, L*=43740
  RESULT: factor 139663009  via collision mod p (multipoint gcd)  (0.1s)
  oracle (correct candidate): branch=regular, i in [0,2Lambda]=True, i==Q(k_p) mod ell=True, e* in E_R=True, alpha^e*==giant mod p=True
  giantsteps: regular=1584, skinny=336
  babysteps: sieved |E_R|=22722 of dense 43740 (ratio 0.519, rho=0.519); skinny 2527; plain HH shortest-vector baseline 4697

Trial 79: N=79166370640010039 (57 bits), p=172525831, q=458866769
  m=1155 (primes<= 11), m0=2, X=m*m0=2310, S=[7, 11], t=2, M=77, rho=0.519, Y=2.000
  lambda0~2534.3, Lambda_R=35842, Lambda_S=2072, L*=71762
  RESULT: factor 172525831  via collision mod p (multipoint gcd)  (0.2s)
  oracle (correct candidate): branch=regular, i in [0,2Lambda]=True, i==Q(k_p) mod ell=True, e* in E_R=True, alpha^e*==giant mod p=True
  giantsteps: regular=1584, skinny=336
  babysteps: sieved |E_R|=37280 of dense 71762 (ratio 0.519, rho=0.519); skinny 4145; plain HH shortest-vector baseline 7709

Trial 80: N=57481452873982447 (56 bits), p=137058877, q=419392411
  m=1155 (primes<= 11), m0=2, X=m*m0=2310, S=[7, 11], t=2, M=77, rho=0.519, Y=2.000
  lambda0~2159.5, Lambda_R=30542, Lambda_S=1766, L*=61162
  RESULT: factor 419392411  via collision mod p (multipoint gcd)  (0.1s)
  oracle (correct candidate): branch=regular, i in [0,2Lambda]=True, i==Q(k_p) mod ell=True, e* in E_R=True, alpha^e*==giant mod p=True
  giantsteps: regular=1552, skinny=368
  babysteps: sieved |E_R|=31774 of dense 61162 (ratio 0.520, rho=0.519); skinny 3533; plain HH shortest-vector baseline 6569

Trial 81: N=73297587096646921 (57 bits), p=262789547, q=278921243
  m=1155 (primes<= 11), m0=2, X=m*m0=2310, S=[7, 11], t=2, M=77, rho=0.519, Y=2.000
  lambda0~2438.5, Lambda_R=34488, Lambda_S=1994, L*=69054
  RESULT: factor 262789547  via collision mod p (multipoint gcd)  (0.2s)
  oracle (correct candidate): branch=regular, i in [0,2Lambda]=True, i==Q(k_p) mod ell=True, e* in E_R=True, alpha^e*==giant mod p=True
  giantsteps: regular=1472, skinny=448
  babysteps: sieved |E_R|=35872 of dense 69054 (ratio 0.519, rho=0.519); skinny 3989; plain HH shortest-vector baseline 7417

Trial 82: N=66734084402878097 (56 bits), p=172232941, q=387464117
  m=1155 (primes<= 11), m0=2, X=m*m0=2310, S=[7, 11], t=2, M=77, rho=0.519, Y=2.000
  lambda0~2326.8, Lambda_R=32908, Lambda_S=1902, L*=65894
  RESULT: factor 172232941  via collision mod p (multipoint gcd)  (0.2s)
  oracle (correct candidate): branch=regular, i in [0,2Lambda]=True, i==Q(k_p) mod ell=True, e* in E_R=True, alpha^e*==giant mod p=True
  giantsteps: regular=1328, skinny=592
  babysteps: sieved |E_R|=34231 of dense 65894 (ratio 0.519, rho=0.519); skinny 3805; plain HH shortest-vector baseline 7077

Trial 83: N=31571975945000209 (55 bits), p=139780099, q=225868891
  m=1155 (primes<= 11), m0=2, X=m*m0=2310, S=[7, 11], t=2, M=77, rho=0.519, Y=2.000
  lambda0~1600.4, Lambda_R=22636, Lambda_S=1309, L*=45350
  RESULT: factor 139780099  via collision mod p (multipoint gcd)  (0.1s)
  oracle (correct candidate): branch=regular, i in [0,2Lambda]=True, i==Q(k_p) mod ell=True, e* in E_R=True, alpha^e*==giant mod p=True
  giantsteps: regular=1504, skinny=416
  babysteps: sieved |E_R|=23559 of dense 45350 (ratio 0.519, rho=0.519); skinny 2619; plain HH shortest-vector baseline 4871

Trial 84: N=39145804312024591 (56 bits), p=181928437, q=215171443
  m=1155 (primes<= 11), m0=2, X=m*m0=2310, S=[7, 11], t=2, M=77, rho=0.519, Y=2.000
  lambda0~1782.1, Lambda_R=25205, Lambda_S=1458, L*=50488
  RESULT: factor 215171443  via collision mod p (multipoint gcd)  (0.1s)
  oracle (correct candidate): branch=regular, i in [0,2Lambda]=True, i==Q(k_p) mod ell=True, e* in E_R=True, alpha^e*==giant mod p=True
  giantsteps: regular=1504, skinny=416
  babysteps: sieved |E_R|=26227 of dense 50488 (ratio 0.519, rho=0.519); skinny 2917; plain HH shortest-vector baseline 5423

Trial 85: N=76838120621865671 (57 bits), p=252344899, q=304496429
  m=1155 (primes<= 11), m0=2, X=m*m0=2310, S=[7, 11], t=2, M=77, rho=0.519, Y=2.000
  lambda0~2496.7, Lambda_R=35311, Lambda_S=2041, L*=70700
  RESULT: factor 304496429  via collision mod p (multipoint gcd)  (0.2s)
  oracle (correct candidate): branch=skinny, i in [0,2Lambda]=True, i==Q(k_p) mod ell=True, e* in E_R=None, alpha^e*==giant mod p=True
  giantsteps: regular=1424, skinny=496
  babysteps: sieved |E_R|=36727 of dense 70700 (ratio 0.519, rho=0.519); skinny 4083; plain HH shortest-vector baseline 7595

Trial 86: N=51186116345677559 (56 bits), p=185928961, q=275299319
  m=1155 (primes<= 11), m0=2, X=m*m0=2310, S=[7, 11], t=2, M=77, rho=0.519, Y=2.000
  lambda0~2037.8, Lambda_R=28821, Lambda_S=1666, L*=57720
  RESULT: factor 275299319  via exact match + Lemma 2.4  (0.1s)
  oracle (correct candidate): branch=regular, i in [0,2Lambda]=True, i==Q(k_p) mod ell=True, e* in E_R=True, alpha^e*==giant mod p=True
  giantsteps: regular=1584, skinny=336
  babysteps: sieved |E_R|=29984 of dense 57720 (ratio 0.519, rho=0.519); skinny 3333; plain HH shortest-vector baseline 6199

Trial 87: N=53877366509826187 (56 bits), p=186068527, q=289556581
  m=1155 (primes<= 11), m0=2, X=m*m0=2310, S=[7, 11], t=2, M=77, rho=0.519, Y=2.000
  lambda0~2090.7, Lambda_R=29569, Lambda_S=1710, L*=59216
  RESULT: factor 186068527  via collision mod p (multipoint gcd)  (0.1s)
  oracle (correct candidate): branch=regular, i in [0,2Lambda]=True, i==Q(k_p) mod ell=True, e* in E_R=True, alpha^e*==giant mod p=True
  giantsteps: regular=1440, skinny=480
  babysteps: sieved |E_R|=30762 of dense 59216 (ratio 0.519, rho=0.519); skinny 3421; plain HH shortest-vector baseline 6361

Trial 88: N=74445743941814117 (57 bits), p=210829211, q=353109247
  m=1155 (primes<= 11), m0=2, X=m*m0=2310, S=[7, 11], t=2, M=77, rho=0.519, Y=2.000
  lambda0~2457.5, Lambda_R=34757, Lambda_S=2009, L*=69592
  RESULT: factor 210829211  via collision mod p (multipoint gcd)  (0.2s)
  oracle (correct candidate): branch=regular, i in [0,2Lambda]=True, i==Q(k_p) mod ell=True, e* in E_R=True, alpha^e*==giant mod p=True
  giantsteps: regular=1392, skinny=528
  babysteps: sieved |E_R|=36152 of dense 69592 (ratio 0.519, rho=0.519); skinny 4019; plain HH shortest-vector baseline 7475

Trial 89: N=80874752644045231 (57 bits), p=209888411, q=385322621
  m=1155 (primes<= 11), m0=2, X=m*m0=2310, S=[7, 11], t=2, M=77, rho=0.519, Y=2.000
  lambda0~2561.5, Lambda_R=36227, Lambda_S=2094, L*=72532
  RESULT: factor 209888411  via collision mod p (multipoint gcd)  (0.2s)
  oracle (correct candidate): branch=regular, i in [0,2Lambda]=True, i==Q(k_p) mod ell=True, e* in E_R=True, alpha^e*==giant mod p=True
  giantsteps: regular=1312, skinny=608
  babysteps: sieved |E_R|=37680 of dense 72532 (ratio 0.519, rho=0.519); skinny 4189; plain HH shortest-vector baseline 7791

Trial 90: N=84441924059798611 (57 bits), p=268163431, q=314889781
  m=1155 (primes<= 11), m0=2, X=m*m0=2310, S=[7, 11], t=2, M=77, rho=0.519, Y=2.000
  lambda0~2617.3, Lambda_R=37017, Lambda_S=2140, L*=74112
  RESULT: factor 314889781  via collision mod p (multipoint gcd)  (0.2s)
  oracle (correct candidate): branch=skinny, i in [0,2Lambda]=True, i==Q(k_p) mod ell=True, e* in E_R=None, alpha^e*==giant mod p=True
  giantsteps: regular=1504, skinny=416
  babysteps: sieved |E_R|=38501 of dense 74112 (ratio 0.519, rho=0.519); skinny 4281; plain HH shortest-vector baseline 7961

Trial 91: N=87256481322826589 (57 bits), p=216645307, q=402761927
  m=1155 (primes<= 11), m0=2, X=m*m0=2310, S=[7, 11], t=2, M=77, rho=0.519, Y=2.000
  lambda0~2660.6, Lambda_R=37629, Lambda_S=2175, L*=75336
  RESULT: factor 402761927  via collision mod p (multipoint gcd)  (0.2s)
  oracle (correct candidate): branch=regular, i in [0,2Lambda]=True, i==Q(k_p) mod ell=True, e* in E_R=True, alpha^e*==giant mod p=True
  giantsteps: regular=1584, skinny=336
  babysteps: sieved |E_R|=39137 of dense 75336 (ratio 0.519, rho=0.519); skinny 4351; plain HH shortest-vector baseline 8093

Trial 92: N=103533371709243809 (57 bits), p=264598283, q=391285123
  m=1155 (primes<= 11), m0=2, X=m*m0=2310, S=[7, 11], t=2, M=77, rho=0.519, Y=2.000
  lambda0~2898.2, Lambda_R=40989, Lambda_S=2369, L*=82056
  RESULT: factor 391285123  via collision mod p (multipoint gcd)  (0.2s)
  oracle (correct candidate): branch=regular, i in [0,2Lambda]=True, i==Q(k_p) mod ell=True, e* in E_R=True, alpha^e*==giant mod p=True
  giantsteps: regular=1584, skinny=336
  babysteps: sieved |E_R|=42626 of dense 82056 (ratio 0.519, rho=0.519); skinny 4739; plain HH shortest-vector baseline 8815

Trial 93: N=85405899126457067 (57 bits), p=246668119, q=346238093
  m=1155 (primes<= 11), m0=2, X=m*m0=2310, S=[7, 11], t=2, M=77, rho=0.519, Y=2.000
  lambda0~2632.2, Lambda_R=37228, Lambda_S=2152, L*=74534
  RESULT: factor 346238093  via collision mod p (multipoint gcd)  (0.2s)
  oracle (correct candidate): branch=regular, i in [0,2Lambda]=True, i==Q(k_p) mod ell=True, e* in E_R=True, alpha^e*==giant mod p=True
  giantsteps: regular=1584, skinny=336
  babysteps: sieved |E_R|=38720 of dense 74534 (ratio 0.519, rho=0.519); skinny 4305; plain HH shortest-vector baseline 8007

Trial 94: N=79429374814029011 (57 bits), p=205207157, q=387069223
  m=1155 (primes<= 11), m0=2, X=m*m0=2310, S=[7, 11], t=2, M=77, rho=0.519, Y=2.000
  lambda0~2538.5, Lambda_R=35902, Lambda_S=2075, L*=71882
  RESULT: factor 387069223  via collision mod p (multipoint gcd)  (0.2s)
  oracle (correct candidate): branch=skinny, i in [0,2Lambda]=True, i==Q(k_p) mod ell=True, e* in E_R=None, alpha^e*==giant mod p=True
  giantsteps: regular=1504, skinny=416
  babysteps: sieved |E_R|=37341 of dense 71882 (ratio 0.519, rho=0.519); skinny 4151; plain HH shortest-vector baseline 7721

Trial 95: N=117312392400970619 (57 bits), p=238978847, q=490890277
  m=1155 (primes<= 11), m0=2, X=m*m0=2310, S=[7, 11], t=2, M=77, rho=0.519, Y=2.000
  lambda0~3085.0, Lambda_R=43631, Lambda_S=2521, L*=87340
  RESULT: factor 490890277  via collision mod p (multipoint gcd)  (0.2s)
  oracle (correct candidate): branch=skinny, i in [0,2Lambda]=True, i==Q(k_p) mod ell=True, e* in E_R=None, alpha^e*==giant mod p=True
  giantsteps: regular=1424, skinny=496
  babysteps: sieved |E_R|=45372 of dense 87340 (ratio 0.519, rho=0.519); skinny 5043; plain HH shortest-vector baseline 9383

Trial 96: N=66640624001948081 (56 bits), p=215069831, q=309855751
  m=1155 (primes<= 11), m0=2, X=m*m0=2310, S=[7, 11], t=2, M=77, rho=0.519, Y=2.000
  lambda0~2325.2, Lambda_R=32885, Lambda_S=1901, L*=65848
  RESULT: factor 309855751  via collision mod p (multipoint gcd)  (0.2s)
  oracle (correct candidate): branch=regular, i in [0,2Lambda]=True, i==Q(k_p) mod ell=True, e* in E_R=True, alpha^e*==giant mod p=True
  giantsteps: regular=1504, skinny=416
  babysteps: sieved |E_R|=34207 of dense 65848 (ratio 0.519, rho=0.519); skinny 3803; plain HH shortest-vector baseline 7073

Trial 97: N=62331772546883981 (56 bits), p=234185359, q=266164259
  m=1155 (primes<= 11), m0=2, X=m*m0=2310, S=[7, 11], t=2, M=77, rho=0.519, Y=2.000
  lambda0~2248.7, Lambda_R=31804, Lambda_S=1839, L*=63686
  RESULT: factor 234185359  via collision mod p (multipoint gcd)  (0.2s)
  oracle (correct candidate): branch=regular, i in [0,2Lambda]=True, i==Q(k_p) mod ell=True, e* in E_R=True, alpha^e*==giant mod p=True
  giantsteps: regular=1584, skinny=336
  babysteps: sieved |E_R|=33083 of dense 63686 (ratio 0.519, rho=0.519); skinny 3679; plain HH shortest-vector baseline 6841

Trial 98: N=68529955800622781 (56 bits), p=148976687, q=460004563
  m=1155 (primes<= 11), m0=2, X=m*m0=2310, S=[7, 11], t=2, M=77, rho=0.519, Y=2.000
  lambda0~2357.9, Lambda_R=33348, Lambda_S=1928, L*=66774
  RESULT: factor 148976687  via collision mod p (multipoint gcd)  (0.2s)
  oracle (correct candidate): branch=regular, i in [0,2Lambda]=True, i==Q(k_p) mod ell=True, e* in E_R=True, alpha^e*==giant mod p=True
  giantsteps: regular=1584, skinny=336
  babysteps: sieved |E_R|=34688 of dense 66774 (ratio 0.519, rho=0.519); skinny 3857; plain HH shortest-vector baseline 7173

Trial 99: N=66828155689803337 (56 bits), p=210280489, q=317804833
  m=1155 (primes<= 11), m0=2, X=m*m0=2310, S=[7, 11], t=2, M=77, rho=0.519, Y=2.000
  lambda0~2328.4, Lambda_R=32931, Lambda_S=1904, L*=65940
  RESULT: factor 317804833  via collision mod p (multipoint gcd)  (0.2s)
  oracle (correct candidate): branch=regular, i in [0,2Lambda]=True, i==Q(k_p) mod ell=True, e* in E_R=True, alpha^e*==giant mod p=True
  giantsteps: regular=1504, skinny=416
  babysteps: sieved |E_R|=34256 of dense 65940 (ratio 0.520, rho=0.519); skinny 3809; plain HH shortest-vector baseline 7083

Trial 100: N=43789624515239279 (56 bits), p=194017099, q=225699821
  m=1155 (primes<= 11), m0=2, X=m*m0=2310, S=[7, 11], t=2, M=77, rho=0.519, Y=2.000
  lambda0~1884.8, Lambda_R=26658, Lambda_S=1541, L*=53394
  RESULT: factor 225699821  via collision mod p (multipoint gcd)  (0.1s)
  oracle (correct candidate): branch=regular, i in [0,2Lambda]=True, i==Q(k_p) mod ell=True, e* in E_R=True, alpha^e*==giant mod p=True
  giantsteps: regular=1424, skinny=496
  babysteps: sieved |E_R|=27738 of dense 53394 (ratio 0.519, rho=0.519); skinny 3083; plain HH shortest-vector baseline 5735

100/100 factored.
